Archive member included to satisfy reference by file (symbol)

/home/luispl/st/stm32cubeide_1.12.0/plugins/com.st.stm32cube.ide.mcu.externaltools.gnu-tools-for-stm32.10.3-2021.10.linux64_1.0.200.202301161003/tools/bin/../lib/gcc/arm-none-eabi/10.3.1/../../../../arm-none-eabi/lib/thumb/v7-m/nofp/libc_nano.a(lib_a-errno.o)
                              ./Core/Src/syscalls.o (__errno)
/home/luispl/st/stm32cubeide_1.12.0/plugins/com.st.stm32cube.ide.mcu.externaltools.gnu-tools-for-stm32.10.3-2021.10.linux64_1.0.200.202301161003/tools/bin/../lib/gcc/arm-none-eabi/10.3.1/../../../../arm-none-eabi/lib/thumb/v7-m/nofp/libc_nano.a(lib_a-exit.o)
                              /home/luispl/st/stm32cubeide_1.12.0/plugins/com.st.stm32cube.ide.mcu.externaltools.gnu-tools-for-stm32.10.3-2021.10.linux64_1.0.200.202301161003/tools/bin/../lib/gcc/arm-none-eabi/10.3.1/../../../../arm-none-eabi/lib/thumb/v7-m/nofp/crt0.o (exit)
/home/luispl/st/stm32cubeide_1.12.0/plugins/com.st.stm32cube.ide.mcu.externaltools.gnu-tools-for-stm32.10.3-2021.10.linux64_1.0.200.202301161003/tools/bin/../lib/gcc/arm-none-eabi/10.3.1/../../../../arm-none-eabi/lib/thumb/v7-m/nofp/libc_nano.a(lib_a-impure.o)
                              /home/luispl/st/stm32cubeide_1.12.0/plugins/com.st.stm32cube.ide.mcu.externaltools.gnu-tools-for-stm32.10.3-2021.10.linux64_1.0.200.202301161003/tools/bin/../lib/gcc/arm-none-eabi/10.3.1/../../../../arm-none-eabi/lib/thumb/v7-m/nofp/libc_nano.a(lib_a-exit.o) (_global_impure_ptr)
/home/luispl/st/stm32cubeide_1.12.0/plugins/com.st.stm32cube.ide.mcu.externaltools.gnu-tools-for-stm32.10.3-2021.10.linux64_1.0.200.202301161003/tools/bin/../lib/gcc/arm-none-eabi/10.3.1/../../../../arm-none-eabi/lib/thumb/v7-m/nofp/libc_nano.a(lib_a-init.o)
                              /home/luispl/st/stm32cubeide_1.12.0/plugins/com.st.stm32cube.ide.mcu.externaltools.gnu-tools-for-stm32.10.3-2021.10.linux64_1.0.200.202301161003/tools/bin/../lib/gcc/arm-none-eabi/10.3.1/../../../../arm-none-eabi/lib/thumb/v7-m/nofp/crt0.o (__libc_init_array)
/home/luispl/st/stm32cubeide_1.12.0/plugins/com.st.stm32cube.ide.mcu.externaltools.gnu-tools-for-stm32.10.3-2021.10.linux64_1.0.200.202301161003/tools/bin/../lib/gcc/arm-none-eabi/10.3.1/../../../../arm-none-eabi/lib/thumb/v7-m/nofp/libc_nano.a(lib_a-memset.o)
                              /home/luispl/st/stm32cubeide_1.12.0/plugins/com.st.stm32cube.ide.mcu.externaltools.gnu-tools-for-stm32.10.3-2021.10.linux64_1.0.200.202301161003/tools/bin/../lib/gcc/arm-none-eabi/10.3.1/../../../../arm-none-eabi/lib/thumb/v7-m/nofp/crt0.o (memset)
/home/luispl/st/stm32cubeide_1.12.0/plugins/com.st.stm32cube.ide.mcu.externaltools.gnu-tools-for-stm32.10.3-2021.10.linux64_1.0.200.202301161003/tools/bin/../lib/gcc/arm-none-eabi/10.3.1/thumb/v7-m/nofp/libgcc.a(_arm_mulsf3.o)
                              ./Core/Src/cc1101.o (__aeabi_fmul)
/home/luispl/st/stm32cubeide_1.12.0/plugins/com.st.stm32cube.ide.mcu.externaltools.gnu-tools-for-stm32.10.3-2021.10.linux64_1.0.200.202301161003/tools/bin/../lib/gcc/arm-none-eabi/10.3.1/thumb/v7-m/nofp/libgcc.a(_arm_addsubdf3.o)
                              ./Core/Src/cc1101.o (__aeabi_dsub)
/home/luispl/st/stm32cubeide_1.12.0/plugins/com.st.stm32cube.ide.mcu.externaltools.gnu-tools-for-stm32.10.3-2021.10.linux64_1.0.200.202301161003/tools/bin/../lib/gcc/arm-none-eabi/10.3.1/thumb/v7-m/nofp/libgcc.a(_arm_cmpdf2.o)
                              ./Core/Src/cc1101.o (__aeabi_dcmplt)
/home/luispl/st/stm32cubeide_1.12.0/plugins/com.st.stm32cube.ide.mcu.externaltools.gnu-tools-for-stm32.10.3-2021.10.linux64_1.0.200.202301161003/tools/bin/../lib/gcc/arm-none-eabi/10.3.1/thumb/v7-m/nofp/libgcc.a(_arm_truncdfsf2.o)
                              ./Core/Src/cc1101.o (__aeabi_d2f)
/home/luispl/st/stm32cubeide_1.12.0/plugins/com.st.stm32cube.ide.mcu.externaltools.gnu-tools-for-stm32.10.3-2021.10.linux64_1.0.200.202301161003/tools/bin/../lib/gcc/arm-none-eabi/10.3.1/thumb/v7-m/nofp/libgcc.a(_arm_addsubsf3.o)
                              ./Core/Src/cc1101.o (__aeabi_fsub)
/home/luispl/st/stm32cubeide_1.12.0/plugins/com.st.stm32cube.ide.mcu.externaltools.gnu-tools-for-stm32.10.3-2021.10.linux64_1.0.200.202301161003/tools/bin/../lib/gcc/arm-none-eabi/10.3.1/thumb/v7-m/nofp/libgcc.a(_arm_muldivsf3.o)
                              ./Core/Src/cc1101.o (__aeabi_fdiv)
/home/luispl/st/stm32cubeide_1.12.0/plugins/com.st.stm32cube.ide.mcu.externaltools.gnu-tools-for-stm32.10.3-2021.10.linux64_1.0.200.202301161003/tools/bin/../lib/gcc/arm-none-eabi/10.3.1/thumb/v7-m/nofp/libgcc.a(_arm_cmpsf2.o)
                              ./Core/Src/cc1101.o (__aeabi_fcmplt)
/home/luispl/st/stm32cubeide_1.12.0/plugins/com.st.stm32cube.ide.mcu.externaltools.gnu-tools-for-stm32.10.3-2021.10.linux64_1.0.200.202301161003/tools/bin/../lib/gcc/arm-none-eabi/10.3.1/thumb/v7-m/nofp/libgcc.a(_arm_fixunssfsi.o)
                              ./Core/Src/cc1101.o (__aeabi_f2uiz)

Discarded input sections

[...]
Memory Configuration

Name             Origin             Length             Attributes
RAM              0x0000000020000000 0x0000000000005000 xrw
FLASH            0x0000000008000000 0x0000000000010000 xr
*default*        0x0000000000000000 0xffffffffffffffff

Linker script and memory map

LOAD /home/luispl/st/stm32cubeide_1.12.0/plugins/com.st.stm32cube.ide.mcu.externaltools.gnu-tools-for-stm32.10.3-2021.10.linux64_1.0.200.202301161003/tools/bin/../lib/gcc/arm-none-eabi/10.3.1/thumb/v7-m/nofp/crti.o
LOAD /home/luispl/st/stm32cubeide_1.12.0/plugins/com.st.stm32cube.ide.mcu.externaltools.gnu-tools-for-stm32.10.3-2021.10.linux64_1.0.200.202301161003/tools/bin/../lib/gcc/arm-none-eabi/10.3.1/thumb/v7-m/nofp/crtbegin.o
LOAD /home/luispl/st/stm32cubeide_1.12.0/plugins/com.st.stm32cube.ide.mcu.externaltools.gnu-tools-for-stm32.10.3-2021.10.linux64_1.0.200.202301161003/tools/bin/../lib/gcc/arm-none-eabi/10.3.1/../../../../arm-none-eabi/lib/thumb/v7-m/nofp/crt0.o
LOAD ./Core/Src/cc1101.o
LOAD ./Core/Src/main.o
LOAD ./Core/Src/stm32f1xx_hal_msp.o
LOAD ./Core/Src/stm32f1xx_it.o
LOAD ./Core/Src/syscalls.o
LOAD ./Core/Src/sysmem.o
LOAD ./Core/Src/system_stm32f1xx.o
LOAD ./Core/Startup/startup_stm32f103c8tx.o
LOAD ./Drivers/STM32F1xx_HAL_Driver/Src/stm32f1xx_hal.o
LOAD ./Drivers/STM32F1xx_HAL_Driver/Src/stm32f1xx_hal_cortex.o
LOAD ./Drivers/STM32F1xx_HAL_Driver/Src/stm32f1xx_hal_dma.o
LOAD ./Drivers/STM32F1xx_HAL_Driver/Src/stm32f1xx_hal_exti.o
LOAD ./Drivers/STM32F1xx_HAL_Driver/Src/stm32f1xx_hal_flash.o
LOAD ./Drivers/STM32F1xx_HAL_Driver/Src/stm32f1xx_hal_flash_ex.o
LOAD ./Drivers/STM32F1xx_HAL_Driver/Src/stm32f1xx_hal_gpio.o
LOAD ./Drivers/STM32F1xx_HAL_Driver/Src/stm32f1xx_hal_gpio_ex.o
LOAD ./Drivers/STM32F1xx_HAL_Driver/Src/stm32f1xx_hal_pwr.o
LOAD ./Drivers/STM32F1xx_HAL_Driver/Src/stm32f1xx_hal_rcc.o
LOAD ./Drivers/STM32F1xx_HAL_Driver/Src/stm32f1xx_hal_rcc_ex.o
LOAD ./Drivers/STM32F1xx_HAL_Driver/Src/stm32f1xx_hal_spi.o
LOAD ./Drivers/STM32F1xx_HAL_Driver/Src/stm32f1xx_hal_tim.o
LOAD ./Drivers/STM32F1xx_HAL_Driver/Src/stm32f1xx_hal_tim_ex.o
START GROUP
LOAD /home/luispl/st/stm32cubeide_1.12.0/plugins/com.st.stm32cube.ide.mcu.externaltools.gnu-tools-for-stm32.10.3-2021.10.linux64_1.0.200.202301161003/tools/bin/../lib/gcc/arm-none-eabi/10.3.1/../../../../arm-none-eabi/lib/thumb/v7-m/nofp/libc_nano.a
LOAD /home/luispl/st/stm32cubeide_1.12.0/plugins/com.st.stm32cube.ide.mcu.externaltools.gnu-tools-for-stm32.10.3-2021.10.linux64_1.0.200.202301161003/tools/bin/../lib/gcc/arm-none-eabi/10.3.1/../../../../arm-none-eabi/lib/thumb/v7-m/nofp/libm.a
END GROUP
START GROUP
LOAD /home/luispl/st/stm32cubeide_1.12.0/plugins/com.st.stm32cube.ide.mcu.externaltools.gnu-tools-for-stm32.10.3-2021.10.linux64_1.0.200.202301161003/tools/bin/../lib/gcc/arm-none-eabi/10.3.1/thumb/v7-m/nofp/libgcc.a
LOAD /home/luispl/st/stm32cubeide_1.12.0/plugins/com.st.stm32cube.ide.mcu.externaltools.gnu-tools-for-stm32.10.3-2021.10.linux64_1.0.200.202301161003/tools/bin/../lib/gcc/arm-none-eabi/10.3.1/../../../../arm-none-eabi/lib/thumb/v7-m/nofp/libc_nano.a
END GROUP
START GROUP
LOAD /home/luispl/st/stm32cubeide_1.12.0/plugins/com.st.stm32cube.ide.mcu.externaltools.gnu-tools-for-stm32.10.3-2021.10.linux64_1.0.200.202301161003/tools/bin/../lib/gcc/arm-none-eabi/10.3.1/thumb/v7-m/nofp/libgcc.a
LOAD /home/luispl/st/stm32cubeide_1.12.0/plugins/com.st.stm32cube.ide.mcu.externaltools.gnu-tools-for-stm32.10.3-2021.10.linux64_1.0.200.202301161003/tools/bin/../lib/gcc/arm-none-eabi/10.3.1/../../../../arm-none-eabi/lib/thumb/v7-m/nofp/libc_nano.a
LOAD /home/luispl/st/stm32cubeide_1.12.0/plugins/com.st.stm32cube.ide.mcu.externaltools.gnu-tools-for-stm32.10.3-2021.10.linux64_1.0.200.202301161003/tools/bin/../lib/gcc/arm-none-eabi/10.3.1/../../../../arm-none-eabi/lib/thumb/v7-m/nofp/libnosys.a
END GROUP
START GROUP
LOAD /home/luispl/st/stm32cubeide_1.12.0/plugins/com.st.stm32cube.ide.mcu.externaltools.gnu-tools-for-stm32.10.3-2021.10.linux64_1.0.200.202301161003/tools/bin/../lib/gcc/arm-none-eabi/10.3.1/thumb/v7-m/nofp/libgcc.a
LOAD /home/luispl/st/stm32cubeide_1.12.0/plugins/com.st.stm32cube.ide.mcu.externaltools.gnu-tools-for-stm32.10.3-2021.10.linux64_1.0.200.202301161003/tools/bin/../lib/gcc/arm-none-eabi/10.3.1/../../../../arm-none-eabi/lib/thumb/v7-m/nofp/libc_nano.a
LOAD /home/luispl/st/stm32cubeide_1.12.0/plugins/com.st.stm32cube.ide.mcu.externaltools.gnu-tools-for-stm32.10.3-2021.10.linux64_1.0.200.202301161003/tools/bin/../lib/gcc/arm-none-eabi/10.3.1/../../../../arm-none-eabi/lib/thumb/v7-m/nofp/libnosys.a
END GROUP
LOAD /home/luispl/st/stm32cubeide_1.12.0/plugins/com.st.stm32cube.ide.mcu.externaltools.gnu-tools-for-stm32.10.3-2021.10.linux64_1.0.200.202301161003/tools/bin/../lib/gcc/arm-none-eabi/10.3.1/thumb/v7-m/nofp/crtend.o
LOAD /home/luispl/st/stm32cubeide_1.12.0/plugins/com.st.stm32cube.ide.mcu.externaltools.gnu-tools-for-stm32.10.3-2021.10.linux64_1.0.200.202301161003/tools/bin/../lib/gcc/arm-none-eabi/10.3.1/thumb/v7-m/nofp/crtn.o
                0x0000000020005000                _estack = (ORIGIN (RAM) + LENGTH (RAM))
                0x0000000000000200                _Min_Heap_Size = 0x200
                0x0000000000000400                _Min_Stack_Size = 0x400

.isr_vector     0x0000000008000000      0x10c
                0x0000000008000000                . = ALIGN (0x4)
 *(.isr_vector)
 .isr_vector    0x0000000008000000      0x10c ./Core/Startup/startup_stm32f103c8tx.o
                0x0000000008000000                g_pfnVectors
                0x000000000800010c                . = ALIGN (0x4)

.text           0x0000000008000110     0x3744
                0x0000000008000110                . = ALIGN (0x4)
 *(.text)
 .text          0x0000000008000110       0x40 /home/luispl/st/stm32cubeide_1.12.0/plugins/com.st.stm32cube.ide.mcu.externaltools.gnu-tools-for-stm32.10.3-2021.10.linux64_1.0.200.202301161003/tools/bin/../lib/gcc/arm-none-eabi/10.3.1/thumb/v7-m/nofp/crtbegin.o
 .text          0x0000000008000150      0x378 /home/luispl/st/stm32cubeide_1.12.0/plugins/com.st.stm32cube.ide.mcu.externaltools.gnu-tools-for-stm32.10.3-2021.10.linux64_1.0.200.202301161003/tools/bin/../lib/gcc/arm-none-eabi/10.3.1/thumb/v7-m/nofp/libgcc.a(_arm_addsubdf3.o)
                0x0000000008000150                __aeabi_drsub
                0x0000000008000158                __aeabi_dsub
                0x0000000008000158                __subdf3
                0x000000000800015c                __adddf3
                0x000000000800015c                __aeabi_dadd
                0x00000000080003d4                __aeabi_ui2d
                0x00000000080003d4                __floatunsidf
                0x00000000080003f4                __floatsidf
                0x00000000080003f4                __aeabi_i2d
                0x0000000008000418                __extendsfdf2
                0x0000000008000418                __aeabi_f2d
                0x000000000800045c                __aeabi_ul2d
                0x000000000800045c                __floatundidf
                0x000000000800046c                __floatdidf
                0x000000000800046c                __aeabi_l2d
 .text          0x00000000080004c8      0x110 /home/luispl/st/stm32cubeide_1.12.0/plugins/com.st.stm32cube.ide.mcu.externaltools.gnu-tools-for-stm32.10.3-2021.10.linux64_1.0.200.202301161003/tools/bin/../lib/gcc/arm-none-eabi/10.3.1/thumb/v7-m/nofp/libgcc.a(_arm_cmpdf2.o)
                0x00000000080004c8                __gtdf2
                0x00000000080004c8                __gedf2
                0x00000000080004d0                __ltdf2
                0x00000000080004d0                __ledf2
                0x00000000080004d8                __cmpdf2
                0x00000000080004d8                __eqdf2
                0x00000000080004d8                __nedf2
                0x0000000008000554                __aeabi_cdrcmple
                0x0000000008000564                __aeabi_cdcmple
                0x0000000008000564                __aeabi_cdcmpeq
                0x0000000008000574                __aeabi_dcmpeq
                0x0000000008000588                __aeabi_dcmplt
                0x000000000800059c                __aeabi_dcmple
                0x00000000080005b0                __aeabi_dcmpge
                0x00000000080005c4                __aeabi_dcmpgt
 .text          0x00000000080005d8       0xa0 /home/luispl/st/stm32cubeide_1.12.0/plugins/com.st.stm32cube.ide.mcu.externaltools.gnu-tools-for-stm32.10.3-2021.10.linux64_1.0.200.202301161003/tools/bin/../lib/gcc/arm-none-eabi/10.3.1/thumb/v7-m/nofp/libgcc.a(_arm_truncdfsf2.o)
                0x00000000080005d8                __aeabi_d2f
                0x00000000080005d8                __truncdfsf2
 .text          0x0000000008000678      0x21c /home/luispl/st/stm32cubeide_1.12.0/plugins/com.st.stm32cube.ide.mcu.externaltools.gnu-tools-for-stm32.10.3-2021.10.linux64_1.0.200.202301161003/tools/bin/../lib/gcc/arm-none-eabi/10.3.1/thumb/v7-m/nofp/libgcc.a(_arm_addsubsf3.o)
                0x0000000008000678                __aeabi_frsub
                0x0000000008000680                __subsf3
                0x0000000008000680                __aeabi_fsub
                0x0000000008000684                __aeabi_fadd
                0x0000000008000684                __addsf3
                0x00000000080007e4                __aeabi_ui2f
                0x00000000080007e4                __floatunsisf
                0x00000000080007ec                __aeabi_i2f
                0x00000000080007ec                __floatsisf
                0x0000000008000808                __floatundisf
                0x0000000008000808                __aeabi_ul2f
                0x0000000008000818                __floatdisf
                0x0000000008000818                __aeabi_l2f
 .text          0x0000000008000894      0x2a0 /home/luispl/st/stm32cubeide_1.12.0/plugins/com.st.stm32cube.ide.mcu.externaltools.gnu-tools-for-stm32.10.3-2021.10.linux64_1.0.200.202301161003/tools/bin/../lib/gcc/arm-none-eabi/10.3.1/thumb/v7-m/nofp/libgcc.a(_arm_muldivsf3.o)
                0x0000000008000894                __mulsf3
                0x0000000008000894                __aeabi_fmul
                0x00000000080009fc                __divsf3
                0x00000000080009fc                __aeabi_fdiv
 .text          0x0000000008000b34       0xec /home/luispl/st/stm32cubeide_1.12.0/plugins/com.st.stm32cube.ide.mcu.externaltools.gnu-tools-for-stm32.10.3-2021.10.linux64_1.0.200.202301161003/tools/bin/../lib/gcc/arm-none-eabi/10.3.1/thumb/v7-m/nofp/libgcc.a(_arm_cmpsf2.o)
                0x0000000008000b34                __gtsf2
                0x0000000008000b34                __gesf2
                0x0000000008000b3c                __lesf2
                0x0000000008000b3c                __ltsf2
                0x0000000008000b44                __nesf2
                0x0000000008000b44                __eqsf2
                0x0000000008000b44                __cmpsf2
                0x0000000008000ba4                __aeabi_cfrcmple
                0x0000000008000bac                __aeabi_cfcmple
                0x0000000008000bac                __aeabi_cfcmpeq
                0x0000000008000bbc                __aeabi_fcmpeq
                0x0000000008000bd0                __aeabi_fcmplt
                0x0000000008000be4                __aeabi_fcmple
                0x0000000008000bf8                __aeabi_fcmpge
                0x0000000008000c0c                __aeabi_fcmpgt
 .text          0x0000000008000c20       0x40 /home/luispl/st/stm32cubeide_1.12.0/plugins/com.st.stm32cube.ide.mcu.externaltools.gnu-tools-for-stm32.10.3-2021.10.linux64_1.0.200.202301161003/tools/bin/../lib/gcc/arm-none-eabi/10.3.1/thumb/v7-m/nofp/libgcc.a(_arm_fixunssfsi.o)
                0x0000000008000c20                __aeabi_f2uiz
                0x0000000008000c20                __fixunssfsi
 *(.text*)
 .text.SpiWriteReg
                0x0000000008000c60       0x4c ./Core/Src/cc1101.o
                0x0000000008000c60                SpiWriteReg
 .text.SpiWriteBurstReg
                0x0000000008000cac       0x70 ./Core/Src/cc1101.o
                0x0000000008000cac                SpiWriteBurstReg
 .text.SpiStrobe
                0x0000000008000d1c       0x3c ./Core/Src/cc1101.o
                0x0000000008000d1c                SpiStrobe
 .text.SpiStart
                0x0000000008000d58        0xc ./Core/Src/cc1101.o
                0x0000000008000d58                SpiStart
 .text.SpiEnd   0x0000000008000d64        0xc ./Core/Src/cc1101.o
                0x0000000008000d64                SpiEnd
 .text.Reset    0x0000000008000d70       0x5c ./Core/Src/cc1101.o
                0x0000000008000d70                Reset
 .text.Init     0x0000000008000dcc       0x2c ./Core/Src/cc1101.o
                0x0000000008000dcc                Init
 .text.SpiReadStatus
                0x0000000008000df8       0x60 ./Core/Src/cc1101.o
                0x0000000008000df8                SpiReadStatus
 .text.setSpi   0x0000000008000e58        0xc ./Core/Src/cc1101.o
                0x0000000008000e58                setSpi
 .text.setCCMode
                0x0000000008000e64       0x98 ./Core/Src/cc1101.o
                0x0000000008000e64                setCCMode
 .text.setModulation
                0x0000000008000efc       0xe4 ./Core/Src/cc1101.o
                0x0000000008000efc                setModulation
 .text.setPA    0x0000000008000fe0      0x4cc ./Core/Src/cc1101.o
                0x0000000008000fe0                setPA
 *fill*         0x00000000080014ac        0x4 
 .text.setMHZ   0x00000000080014b0       0xec ./Core/Src/cc1101.o
                0x00000000080014b0                setMHZ
 *fill*         0x000000000800159c        0x4 
 .text.Calibrate
                0x00000000080015a0      0x344 ./Core/Src/cc1101.o
                0x00000000080015a0                Calibrate
 .text.setSyncMode
                0x00000000080018e4       0x60 ./Core/Src/cc1101.o
                0x00000000080018e4                setSyncMode
 .text.Split_MDMCFG2
                0x0000000008001944       0xa8 ./Core/Src/cc1101.o
                0x0000000008001944                Split_MDMCFG2
 .text.RegConfigSettings
                0x00000000080019ec       0xe4 ./Core/Src/cc1101.o
                0x00000000080019ec                RegConfigSettings
 .text.SetTx    0x0000000008001ad0       0x20 ./Core/Src/cc1101.o
                0x0000000008001ad0                SetTx
 .text.map      0x0000000008001af0       0x8e ./Core/Src/cc1101.o
                0x0000000008001af0                map
 *fill*         0x0000000008001b7e        0x2 
 .text.main     0x0000000008001b80       0x70 ./Core/Src/main.o
                0x0000000008001b80                main
 .text.SystemClock_Config
                0x0000000008001bf0       0x82 ./Core/Src/main.o
                0x0000000008001bf0                SystemClock_Config
 *fill*         0x0000000008001c72        0x2 
 .text.MX_SPI1_Init
                0x0000000008001c74       0x6c ./Core/Src/main.o
 .text.MX_GPIO_Init
                0x0000000008001ce0       0xa4 ./Core/Src/main.o
 .text.Error_Handler
                0x0000000008001d84        0xa ./Core/Src/main.o
                0x0000000008001d84                Error_Handler
 *fill*         0x0000000008001d8e        0x2 
 .text.HAL_MspInit
                0x0000000008001d90       0x64 ./Core/Src/stm32f1xx_hal_msp.o
                0x0000000008001d90                HAL_MspInit
 .text.HAL_SPI_MspInit
                0x0000000008001df4       0x94 ./Core/Src/stm32f1xx_hal_msp.o
                0x0000000008001df4                HAL_SPI_MspInit
 .text.NMI_Handler
                0x0000000008001e88        0x6 ./Core/Src/stm32f1xx_it.o
                0x0000000008001e88                NMI_Handler
 .text.HardFault_Handler
                0x0000000008001e8e        0x6 ./Core/Src/stm32f1xx_it.o
                0x0000000008001e8e                HardFault_Handler
 .text.MemManage_Handler
                0x0000000008001e94        0x6 ./Core/Src/stm32f1xx_it.o
                0x0000000008001e94                MemManage_Handler
 .text.BusFault_Handler
                0x0000000008001e9a        0x6 ./Core/Src/stm32f1xx_it.o
                0x0000000008001e9a                BusFault_Handler
 .text.UsageFault_Handler
                0x0000000008001ea0        0x6 ./Core/Src/stm32f1xx_it.o
                0x0000000008001ea0                UsageFault_Handler
 .text.SVC_Handler
                0x0000000008001ea6        0xc ./Core/Src/stm32f1xx_it.o
                0x0000000008001ea6                SVC_Handler
 .text.DebugMon_Handler
                0x0000000008001eb2        0xc ./Core/Src/stm32f1xx_it.o
                0x0000000008001eb2                DebugMon_Handler
 .text.PendSV_Handler
                0x0000000008001ebe        0xc ./Core/Src/stm32f1xx_it.o
                0x0000000008001ebe                PendSV_Handler
 .text.SysTick_Handler
                0x0000000008001eca        0xc ./Core/Src/stm32f1xx_it.o
                0x0000000008001eca                SysTick_Handler
 .text.SystemInit
                0x0000000008001ed6        0xc ./Core/Src/system_stm32f1xx.o
                0x0000000008001ed6                SystemInit
 *fill*         0x0000000008001ee2        0x2 
 .text.Reset_Handler
                0x0000000008001ee4       0x48 ./Core/Startup/startup_stm32f103c8tx.o
                0x0000000008001ee4                Reset_Handler
 .text.Default_Handler
                0x0000000008001f2c        0x2 ./Core/Startup/startup_stm32f103c8tx.o
                0x0000000008001f2c                RTC_Alarm_IRQHandler
                0x0000000008001f2c                EXTI2_IRQHandler
                0x0000000008001f2c                TIM1_CC_IRQHandler
                0x0000000008001f2c                PVD_IRQHandler
                0x0000000008001f2c                EXTI3_IRQHandler
                0x0000000008001f2c                EXTI0_IRQHandler
                0x0000000008001f2c                I2C2_EV_IRQHandler
                0x0000000008001f2c                ADC1_2_IRQHandler
                0x0000000008001f2c                SPI1_IRQHandler
                0x0000000008001f2c                TAMPER_IRQHandler
                0x0000000008001f2c                DMA1_Channel4_IRQHandler
                0x0000000008001f2c                USART3_IRQHandler
                0x0000000008001f2c                RTC_IRQHandler
                0x0000000008001f2c                DMA1_Channel7_IRQHandler
                0x0000000008001f2c                CAN1_RX1_IRQHandler
                0x0000000008001f2c                TIM4_IRQHandler
                0x0000000008001f2c                I2C1_EV_IRQHandler
                0x0000000008001f2c                DMA1_Channel6_IRQHandler
                0x0000000008001f2c                TIM3_IRQHandler
                0x0000000008001f2c                RCC_IRQHandler
                0x0000000008001f2c                TIM1_TRG_COM_IRQHandler
                0x0000000008001f2c                DMA1_Channel1_IRQHandler
                0x0000000008001f2c                Default_Handler
                0x0000000008001f2c                EXTI15_10_IRQHandler
                0x0000000008001f2c                EXTI9_5_IRQHandler
                0x0000000008001f2c                SPI2_IRQHandler
                0x0000000008001f2c                DMA1_Channel5_IRQHandler
                0x0000000008001f2c                EXTI4_IRQHandler
                0x0000000008001f2c                USB_LP_CAN1_RX0_IRQHandler
                0x0000000008001f2c                USB_HP_CAN1_TX_IRQHandler
                0x0000000008001f2c                DMA1_Channel3_IRQHandler
                0x0000000008001f2c                TIM1_UP_IRQHandler
                0x0000000008001f2c                WWDG_IRQHandler
                0x0000000008001f2c                TIM2_IRQHandler
                0x0000000008001f2c                TIM1_BRK_IRQHandler
                0x0000000008001f2c                EXTI1_IRQHandler
                0x0000000008001f2c                USART2_IRQHandler
                0x0000000008001f2c                I2C2_ER_IRQHandler
                0x0000000008001f2c                DMA1_Channel2_IRQHandler
                0x0000000008001f2c                CAN1_SCE_IRQHandler
                0x0000000008001f2c                FLASH_IRQHandler
                0x0000000008001f2c                USART1_IRQHandler
                0x0000000008001f2c                I2C1_ER_IRQHandler
                0x0000000008001f2c                USBWakeUp_IRQHandler
 *fill*         0x0000000008001f2e        0x2 
 .text.HAL_Init
                0x0000000008001f30       0x2c ./Drivers/STM32F1xx_HAL_Driver/Src/stm32f1xx_hal.o
                0x0000000008001f30                HAL_Init
 .text.HAL_InitTick
                0x0000000008001f5c       0x60 ./Drivers/STM32F1xx_HAL_Driver/Src/stm32f1xx_hal.o
                0x0000000008001f5c                HAL_InitTick
 .text.HAL_IncTick
                0x0000000008001fbc       0x24 ./Drivers/STM32F1xx_HAL_Driver/Src/stm32f1xx_hal.o
                0x0000000008001fbc                HAL_IncTick
 .text.HAL_GetTick
                0x0000000008001fe0       0x14 ./Drivers/STM32F1xx_HAL_Driver/Src/stm32f1xx_hal.o
                0x0000000008001fe0                HAL_GetTick
 .text.HAL_Delay
                0x0000000008001ff4       0x48 ./Drivers/STM32F1xx_HAL_Driver/Src/stm32f1xx_hal.o
                0x0000000008001ff4                HAL_Delay
 .text.__NVIC_SetPriorityGrouping
                0x000000000800203c       0x48 ./Drivers/STM32F1xx_HAL_Driver/Src/stm32f1xx_hal_cortex.o
 .text.__NVIC_GetPriorityGrouping
                0x0000000008002084       0x1c ./Drivers/STM32F1xx_HAL_Driver/Src/stm32f1xx_hal_cortex.o
 .text.__NVIC_SetPriority
                0x00000000080020a0       0x54 ./Drivers/STM32F1xx_HAL_Driver/Src/stm32f1xx_hal_cortex.o
 .text.NVIC_EncodePriority
                0x00000000080020f4       0x64 ./Drivers/STM32F1xx_HAL_Driver/Src/stm32f1xx_hal_cortex.o
 .text.SysTick_Config
                0x0000000008002158       0x44 ./Drivers/STM32F1xx_HAL_Driver/Src/stm32f1xx_hal_cortex.o
 .text.HAL_NVIC_SetPriorityGrouping
                0x000000000800219c       0x16 ./Drivers/STM32F1xx_HAL_Driver/Src/stm32f1xx_hal_cortex.o
                0x000000000800219c                HAL_NVIC_SetPriorityGrouping
 .text.HAL_NVIC_SetPriority
                0x00000000080021b2       0x38 ./Drivers/STM32F1xx_HAL_Driver/Src/stm32f1xx_hal_cortex.o
                0x00000000080021b2                HAL_NVIC_SetPriority
 .text.HAL_SYSTICK_Config
                0x00000000080021ea       0x18 ./Drivers/STM32F1xx_HAL_Driver/Src/stm32f1xx_hal_cortex.o
                0x00000000080021ea                HAL_SYSTICK_Config
 *fill*         0x0000000008002202        0x2 
 .text.HAL_GPIO_Init
                0x0000000008002204      0x308 ./Drivers/STM32F1xx_HAL_Driver/Src/stm32f1xx_hal_gpio.o
                0x0000000008002204                HAL_GPIO_Init
 .text.HAL_GPIO_WritePin
                0x000000000800250c       0x30 ./Drivers/STM32F1xx_HAL_Driver/Src/stm32f1xx_hal_gpio.o
                0x000000000800250c                HAL_GPIO_WritePin
 .text.HAL_RCC_OscConfig
                0x000000000800253c      0x504 ./Drivers/STM32F1xx_HAL_Driver/Src/stm32f1xx_hal_rcc.o
                0x000000000800253c                HAL_RCC_OscConfig
 .text.HAL_RCC_ClockConfig
                0x0000000008002a40      0x1d4 ./Drivers/STM32F1xx_HAL_Driver/Src/stm32f1xx_hal_rcc.o
                0x0000000008002a40                HAL_RCC_ClockConfig
 .text.HAL_RCC_GetSysClockFreq
                0x0000000008002c14       0xbc ./Drivers/STM32F1xx_HAL_Driver/Src/stm32f1xx_hal_rcc.o
                0x0000000008002c14                HAL_RCC_GetSysClockFreq
 .text.RCC_Delay
                0x0000000008002cd0       0x3c ./Drivers/STM32F1xx_HAL_Driver/Src/stm32f1xx_hal_rcc.o
 .text.HAL_SPI_Init
                0x0000000008002d0c      0x108 ./Drivers/STM32F1xx_HAL_Driver/Src/stm32f1xx_hal_spi.o
                0x0000000008002d0c                HAL_SPI_Init
 .text.HAL_SPI_Transmit
                0x0000000008002e14      0x278 ./Drivers/STM32F1xx_HAL_Driver/Src/stm32f1xx_hal_spi.o
                0x0000000008002e14                HAL_SPI_Transmit
 .text.HAL_SPI_Receive
                0x000000000800308c      0x222 ./Drivers/STM32F1xx_HAL_Driver/Src/stm32f1xx_hal_spi.o
                0x000000000800308c                HAL_SPI_Receive
 .text.HAL_SPI_TransmitReceive
                0x00000000080032ae      0x344 ./Drivers/STM32F1xx_HAL_Driver/Src/stm32f1xx_hal_spi.o
                0x00000000080032ae                HAL_SPI_TransmitReceive
 *fill*         0x00000000080035f2        0x2 
 .text.SPI_WaitFlagStateUntilTimeout
                0x00000000080035f4      0x110 ./Drivers/STM32F1xx_HAL_Driver/Src/stm32f1xx_hal_spi.o
 .text.SPI_EndRxTransaction
                0x0000000008003704       0xa4 ./Drivers/STM32F1xx_HAL_Driver/Src/stm32f1xx_hal_spi.o
 .text.SPI_EndRxTxTransaction
                0x00000000080037a8       0x3c ./Drivers/STM32F1xx_HAL_Driver/Src/stm32f1xx_hal_spi.o
 .text.__libc_init_array
                0x00000000080037e4       0x48 /home/luispl/st/stm32cubeide_1.12.0/plugins/com.st.stm32cube.ide.mcu.externaltools.gnu-tools-for-stm32.10.3-2021.10.linux64_1.0.200.202301161003/tools/bin/../lib/gcc/arm-none-eabi/10.3.1/../../../../arm-none-eabi/lib/thumb/v7-m/nofp/libc_nano.a(lib_a-init.o)
                0x00000000080037e4                __libc_init_array
 .text.memset   0x000000000800382c       0x10 /home/luispl/st/stm32cubeide_1.12.0/plugins/com.st.stm32cube.ide.mcu.externaltools.gnu-tools-for-stm32.10.3-2021.10.linux64_1.0.200.202301161003/tools/bin/../lib/gcc/arm-none-eabi/10.3.1/../../../../arm-none-eabi/lib/thumb/v7-m/nofp/libc_nano.a(lib_a-memset.o)
                0x000000000800382c                memset
 *(.glue_7)
 .glue_7        0x000000000800383c        0x0 linker stubs
 *(.glue_7t)
 .glue_7t       0x000000000800383c        0x0 linker stubs
 *(.eh_frame)
 .eh_frame      0x000000000800383c        0x0 /home/luispl/st/stm32cubeide_1.12.0/plugins/com.st.stm32cube.ide.mcu.externaltools.gnu-tools-for-stm32.10.3-2021.10.linux64_1.0.200.202301161003/tools/bin/../lib/gcc/arm-none-eabi/10.3.1/thumb/v7-m/nofp/crtbegin.o
 *(.init)
 .init          0x000000000800383c        0x4 /home/luispl/st/stm32cubeide_1.12.0/plugins/com.st.stm32cube.ide.mcu.externaltools.gnu-tools-for-stm32.10.3-2021.10.linux64_1.0.200.202301161003/tools/bin/../lib/gcc/arm-none-eabi/10.3.1/thumb/v7-m/nofp/crti.o
                0x000000000800383c                _init
 .init          0x0000000008003840        0x8 /home/luispl/st/stm32cubeide_1.12.0/plugins/com.st.stm32cube.ide.mcu.externaltools.gnu-tools-for-stm32.10.3-2021.10.linux64_1.0.200.202301161003/tools/bin/../lib/gcc/arm-none-eabi/10.3.1/thumb/v7-m/nofp/crtn.o
 *(.fini)
 .fini          0x0000000008003848        0x4 /home/luispl/st/stm32cubeide_1.12.0/plugins/com.st.stm32cube.ide.mcu.externaltools.gnu-tools-for-stm32.10.3-2021.10.linux64_1.0.200.202301161003/tools/bin/../lib/gcc/arm-none-eabi/10.3.1/thumb/v7-m/nofp/crti.o
                0x0000000008003848                _fini
 .fini          0x000000000800384c        0x8 /home/luispl/st/stm32cubeide_1.12.0/plugins/com.st.stm32cube.ide.mcu.externaltools.gnu-tools-for-stm32.10.3-2021.10.linux64_1.0.200.202301161003/tools/bin/../lib/gcc/arm-none-eabi/10.3.1/thumb/v7-m/nofp/crtn.o
                0x0000000008003854                . = ALIGN (0x4)
                0x0000000008003854                _etext = .

.vfp11_veneer   0x0000000008003854        0x0
 .vfp11_veneer  0x0000000008003854        0x0 linker stubs

.v4_bx          0x0000000008003854        0x0
 .v4_bx         0x0000000008003854        0x0 linker stubs

.iplt           0x0000000008003854        0x0
 .iplt          0x0000000008003854        0x0 /home/luispl/st/stm32cubeide_1.12.0/plugins/com.st.stm32cube.ide.mcu.externaltools.gnu-tools-for-stm32.10.3-2021.10.linux64_1.0.200.202301161003/tools/bin/../lib/gcc/arm-none-eabi/10.3.1/thumb/v7-m/nofp/crtbegin.o

.rodata         0x0000000008003854       0x20
                0x0000000008003854                . = ALIGN (0x4)
 *(.rodata)
 .rodata        0x0000000008003854       0x10 ./Drivers/STM32F1xx_HAL_Driver/Src/stm32f1xx_hal_rcc.o
 *(.rodata*)
 .rodata.AHBPrescTable
                0x0000000008003864       0x10 ./Core/Src/system_stm32f1xx.o
                0x0000000008003864                AHBPrescTable
                0x0000000008003874                . = ALIGN (0x4)

.rel.dyn        0x0000000008003874        0x0
 .rel.iplt      0x0000000008003874        0x0 /home/luispl/st/stm32cubeide_1.12.0/plugins/com.st.stm32cube.ide.mcu.externaltools.gnu-tools-for-stm32.10.3-2021.10.linux64_1.0.200.202301161003/tools/bin/../lib/gcc/arm-none-eabi/10.3.1/thumb/v7-m/nofp/crtbegin.o

.ARM.extab      0x0000000008003874        0x0
                0x0000000008003874                . = ALIGN (0x4)
 *(.ARM.extab* .gnu.linkonce.armextab.*)
                0x0000000008003874                . = ALIGN (0x4)

.ARM            0x0000000008003874        0x0
                0x0000000008003874                . = ALIGN (0x4)
                0x0000000008003874                __exidx_start = .
 *(.ARM.exidx*)
                0x0000000008003874                __exidx_end = .
                0x0000000008003874                . = ALIGN (0x4)

.preinit_array  0x0000000008003874        0x0
                0x0000000008003874                . = ALIGN (0x4)
                0x0000000008003874                PROVIDE (__preinit_array_start = .)
 *(.preinit_array*)
                0x0000000008003874                PROVIDE (__preinit_array_end = .)
                0x0000000008003874                . = ALIGN (0x4)

.init_array     0x0000000008003874        0x4
                0x0000000008003874                . = ALIGN (0x4)
                0x0000000008003874                PROVIDE (__init_array_start = .)
 *(SORT_BY_NAME(.init_array.*))
 *(.init_array*)
 .init_array    0x0000000008003874        0x4 /home/luispl/st/stm32cubeide_1.12.0/plugins/com.st.stm32cube.ide.mcu.externaltools.gnu-tools-for-stm32.10.3-2021.10.linux64_1.0.200.202301161003/tools/bin/../lib/gcc/arm-none-eabi/10.3.1/thumb/v7-m/nofp/crtbegin.o
                0x0000000008003878                PROVIDE (__init_array_end = .)
                0x0000000008003878                . = ALIGN (0x4)

.fini_array     0x0000000008003878        0x4
                0x0000000008003878                . = ALIGN (0x4)
                [!provide]                        PROVIDE (__fini_array_start = .)
 *(SORT_BY_NAME(.fini_array.*))
 *(.fini_array*)
 .fini_array    0x0000000008003878        0x4 /home/luispl/st/stm32cubeide_1.12.0/plugins/com.st.stm32cube.ide.mcu.externaltools.gnu-tools-for-stm32.10.3-2021.10.linux64_1.0.200.202301161003/tools/bin/../lib/gcc/arm-none-eabi/10.3.1/thumb/v7-m/nofp/crtbegin.o
                [!provide]                        PROVIDE (__fini_array_end = .)
                0x000000000800387c                . = ALIGN (0x4)
                0x000000000800387c                _sidata = LOADADDR (.data)

.data           0x0000000020000000       0x58 load address 0x000000000800387c
                0x0000000020000000                . = ALIGN (0x4)
                0x0000000020000000                _sdata = .
 *(.data)
 *(.data*)
 .data.modulation
                0x0000000020000000        0x1 ./Core/Src/cc1101.o
                0x0000000020000000                modulation
 *fill*         0x0000000020000001        0x3 
 .data.pa       0x0000000020000004        0x4 ./Core/Src/cc1101.o
                0x0000000020000004                pa
 .data.MHz      0x0000000020000008        0x4 ./Core/Src/cc1101.o
                0x0000000020000008                MHz
 .data.clb1     0x000000002000000c        0x2 ./Core/Src/cc1101.o
                0x000000002000000c                clb1
 *fill*         0x000000002000000e        0x2 
 .data.clb2     0x0000000020000010        0x2 ./Core/Src/cc1101.o
                0x0000000020000010                clb2
 *fill*         0x0000000020000012        0x2 
 .data.clb3     0x0000000020000014        0x2 ./Core/Src/cc1101.o
                0x0000000020000014                clb3
 *fill*         0x0000000020000016        0x2 
 .data.clb4     0x0000000020000018        0x2 ./Core/Src/cc1101.o
                0x0000000020000018                clb4
 *fill*         0x000000002000001a        0x2 
 .data.PA_TABLE
                0x000000002000001c        0x8 ./Core/Src/cc1101.o
                0x000000002000001c                PA_TABLE
 .data.PA_TABLE_315
                0x0000000020000024        0x8 ./Core/Src/cc1101.o
                0x0000000020000024                PA_TABLE_315
 .data.PA_TABLE_433
                0x000000002000002c        0x8 ./Core/Src/cc1101.o
                0x000000002000002c                PA_TABLE_433
 .data.PA_TABLE_868
                0x0000000020000034        0xa ./Core/Src/cc1101.o
                0x0000000020000034                PA_TABLE_868
 *fill*         0x000000002000003e        0x2 
 .data.PA_TABLE_915
                0x0000000020000040        0xa ./Core/Src/cc1101.o
                0x0000000020000040                PA_TABLE_915
 *fill*         0x000000002000004a        0x2 
 .data.SystemCoreClock
                0x000000002000004c        0x4 ./Core/Src/system_stm32f1xx.o
                0x000000002000004c                SystemCoreClock
 .data.uwTickPrio
                0x0000000020000050        0x4 ./Drivers/STM32F1xx_HAL_Driver/Src/stm32f1xx_hal.o
                0x0000000020000050                uwTickPrio
 .data.uwTickFreq
                0x0000000020000054        0x1 ./Drivers/STM32F1xx_HAL_Driver/Src/stm32f1xx_hal.o
                0x0000000020000054                uwTickFreq
 *(.RamFunc)
 *(.RamFunc*)
                0x0000000020000058                . = ALIGN (0x4)
 *fill*         0x0000000020000055        0x3 
                0x0000000020000058                _edata = .

.igot.plt       0x0000000020000058        0x0 load address 0x00000000080038d4
 .igot.plt      0x0000000020000058        0x0 /home/luispl/st/stm32cubeide_1.12.0/plugins/com.st.stm32cube.ide.mcu.externaltools.gnu-tools-for-stm32.10.3-2021.10.linux64_1.0.200.202301161003/tools/bin/../lib/gcc/arm-none-eabi/10.3.1/thumb/v7-m/nofp/crtbegin.o
                0x0000000020000058                . = ALIGN (0x4)

.bss            0x0000000020000058       0x84 load address 0x00000000080038d4
                0x0000000020000058                _sbss = .
                0x0000000020000058                __bss_start__ = _sbss
 *(.bss)
 .bss           0x0000000020000058       0x1c /home/luispl/st/stm32cubeide_1.12.0/plugins/com.st.stm32cube.ide.mcu.externaltools.gnu-tools-for-stm32.10.3-2021.10.linux64_1.0.200.202301161003/tools/bin/../lib/gcc/arm-none-eabi/10.3.1/thumb/v7-m/nofp/crtbegin.o
 *(.bss*)
 .bss.frend0    0x0000000020000074        0x1 ./Core/Src/cc1101.o
                0x0000000020000074                frend0
 .bss.chan      0x0000000020000075        0x1 ./Core/Src/cc1101.o
                0x0000000020000075                chan
 .bss.last_pa   0x0000000020000076        0x1 ./Core/Src/cc1101.o
                0x0000000020000076                last_pa
 .bss.ccmode    0x0000000020000077        0x1 ./Core/Src/cc1101.o
                0x0000000020000077                ccmode
 .bss.m4RxBw    0x0000000020000078        0x1 ./Core/Src/cc1101.o
                0x0000000020000078                m4RxBw
 .bss.m2DCOFF   0x0000000020000079        0x1 ./Core/Src/cc1101.o
                0x0000000020000079                m2DCOFF
 .bss.m2MODFM   0x000000002000007a        0x1 ./Core/Src/cc1101.o
                0x000000002000007a                m2MODFM
 .bss.m2MANCH   0x000000002000007b        0x1 ./Core/Src/cc1101.o
                0x000000002000007b                m2MANCH
 .bss.m2SYNCM   0x000000002000007c        0x1 ./Core/Src/cc1101.o
                0x000000002000007c                m2SYNCM
 .bss.trxstate  0x000000002000007d        0x1 ./Core/Src/cc1101.o
                0x000000002000007d                trxstate
 *fill*         0x000000002000007e        0x2 
 .bss.hspi1     0x0000000020000080       0x58 ./Core/Src/main.o
                0x0000000020000080                hspi1
 .bss.uwTick    0x00000000200000d8        0x4 ./Drivers/STM32F1xx_HAL_Driver/Src/stm32f1xx_hal.o
                0x00000000200000d8                uwTick
 *(COMMON)
                0x00000000200000dc                . = ALIGN (0x4)
                0x00000000200000dc                _ebss = .
                0x00000000200000dc                __bss_end__ = _ebss

._user_heap_stack
                0x00000000200000dc      0x604 load address 0x00000000080038d4
                0x00000000200000e0                . = ALIGN (0x8)
 *fill*         0x00000000200000dc        0x4 
                [!provide]                        PROVIDE (end = .)
                0x00000000200000e0                PROVIDE (_end = .)
                0x00000000200002e0                . = (. + _Min_Heap_Size)
 *fill*         0x00000000200000e0      0x200 
                0x00000000200006e0                . = (. + _Min_Stack_Size)
 *fill*         0x00000000200002e0      0x400 
                0x00000000200006e0                . = ALIGN (0x8)

/DISCARD/
 libc.a(*)
 libm.a(*)
 libgcc.a(*)

.ARM.attributes
                0x0000000000000000       0x29
 *(.ARM.attributes)
 .ARM.attributes
                0x0000000000000000       0x1d /home/luispl/st/stm32cubeide_1.12.0/plugins/com.st.stm32cube.ide.mcu.externaltools.gnu-tools-for-stm32.10.3-2021.10.linux64_1.0.200.202301161003/tools/bin/../lib/gcc/arm-none-eabi/10.3.1/thumb/v7-m/nofp/crti.o
 .ARM.attributes
                0x000000000000001d       0x2d /home/luispl/st/stm32cubeide_1.12.0/plugins/com.st.stm32cube.ide.mcu.externaltools.gnu-tools-for-stm32.10.3-2021.10.linux64_1.0.200.202301161003/tools/bin/../lib/gcc/arm-none-eabi/10.3.1/thumb/v7-m/nofp/crtbegin.o
 .ARM.attributes
                0x000000000000004a       0x2d ./Core/Src/cc1101.o
 .ARM.attributes
                0x0000000000000077       0x2d ./Core/Src/main.o
 .ARM.attributes
                0x00000000000000a4       0x2d ./Core/Src/stm32f1xx_hal_msp.o
 .ARM.attributes
                0x00000000000000d1       0x2d ./Core/Src/stm32f1xx_it.o
 .ARM.attributes
                0x00000000000000fe       0x2d ./Core/Src/system_stm32f1xx.o
 .ARM.attributes
                0x000000000000012b       0x21 ./Core/Startup/startup_stm32f103c8tx.o
 .ARM.attributes
                0x000000000000014c       0x2d ./Drivers/STM32F1xx_HAL_Driver/Src/stm32f1xx_hal.o
 .ARM.attributes
                0x0000000000000179       0x2d ./Drivers/STM32F1xx_HAL_Driver/Src/stm32f1xx_hal_cortex.o
 .ARM.attributes
                0x00000000000001a6       0x2d ./Drivers/STM32F1xx_HAL_Driver/Src/stm32f1xx_hal_gpio.o
 .ARM.attributes
                0x00000000000001d3       0x2d ./Drivers/STM32F1xx_HAL_Driver/Src/stm32f1xx_hal_rcc.o
 .ARM.attributes
                0x0000000000000200       0x2d ./Drivers/STM32F1xx_HAL_Driver/Src/stm32f1xx_hal_spi.o
 .ARM.attributes
                0x000000000000022d       0x2d /home/luispl/st/stm32cubeide_1.12.0/plugins/com.st.stm32cube.ide.mcu.externaltools.gnu-tools-for-stm32.10.3-2021.10.linux64_1.0.200.202301161003/tools/bin/../lib/gcc/arm-none-eabi/10.3.1/../../../../arm-none-eabi/lib/thumb/v7-m/nofp/libc_nano.a(lib_a-init.o)
 .ARM.attributes
                0x000000000000025a       0x2d /home/luispl/st/stm32cubeide_1.12.0/plugins/com.st.stm32cube.ide.mcu.externaltools.gnu-tools-for-stm32.10.3-2021.10.linux64_1.0.200.202301161003/tools/bin/../lib/gcc/arm-none-eabi/10.3.1/../../../../arm-none-eabi/lib/thumb/v7-m/nofp/libc_nano.a(lib_a-memset.o)
 .ARM.attributes
                0x0000000000000287       0x1d /home/luispl/st/stm32cubeide_1.12.0/plugins/com.st.stm32cube.ide.mcu.externaltools.gnu-tools-for-stm32.10.3-2021.10.linux64_1.0.200.202301161003/tools/bin/../lib/gcc/arm-none-eabi/10.3.1/thumb/v7-m/nofp/libgcc.a(_arm_addsubdf3.o)
 .ARM.attributes
                0x00000000000002a4       0x1d /home/luispl/st/stm32cubeide_1.12.0/plugins/com.st.stm32cube.ide.mcu.externaltools.gnu-tools-for-stm32.10.3-2021.10.linux64_1.0.200.202301161003/tools/bin/../lib/gcc/arm-none-eabi/10.3.1/thumb/v7-m/nofp/libgcc.a(_arm_cmpdf2.o)
 .ARM.attributes
                0x00000000000002c1       0x1d /home/luispl/st/stm32cubeide_1.12.0/plugins/com.st.stm32cube.ide.mcu.externaltools.gnu-tools-for-stm32.10.3-2021.10.linux64_1.0.200.202301161003/tools/bin/../lib/gcc/arm-none-eabi/10.3.1/thumb/v7-m/nofp/libgcc.a(_arm_truncdfsf2.o)
 .ARM.attributes
                0x00000000000002de       0x1d /home/luispl/st/stm32cubeide_1.12.0/plugins/com.st.stm32cube.ide.mcu.externaltools.gnu-tools-for-stm32.10.3-2021.10.linux64_1.0.200.202301161003/tools/bin/../lib/gcc/arm-none-eabi/10.3.1/thumb/v7-m/nofp/libgcc.a(_arm_addsubsf3.o)
 .ARM.attributes
                0x00000000000002fb       0x1d /home/luispl/st/stm32cubeide_1.12.0/plugins/com.st.stm32cube.ide.mcu.externaltools.gnu-tools-for-stm32.10.3-2021.10.linux64_1.0.200.202301161003/tools/bin/../lib/gcc/arm-none-eabi/10.3.1/thumb/v7-m/nofp/libgcc.a(_arm_muldivsf3.o)
 .ARM.attributes
                0x0000000000000318       0x1d /home/luispl/st/stm32cubeide_1.12.0/plugins/com.st.stm32cube.ide.mcu.externaltools.gnu-tools-for-stm32.10.3-2021.10.linux64_1.0.200.202301161003/tools/bin/../lib/gcc/arm-none-eabi/10.3.1/thumb/v7-m/nofp/libgcc.a(_arm_cmpsf2.o)
 .ARM.attributes
                0x0000000000000335       0x1d /home/luispl/st/stm32cubeide_1.12.0/plugins/com.st.stm32cube.ide.mcu.externaltools.gnu-tools-for-stm32.10.3-2021.10.linux64_1.0.200.202301161003/tools/bin/../lib/gcc/arm-none-eabi/10.3.1/thumb/v7-m/nofp/libgcc.a(_arm_fixunssfsi.o)
 .ARM.attributes
                0x0000000000000352       0x1d /home/luispl/st/stm32cubeide_1.12.0/plugins/com.st.stm32cube.ide.mcu.externaltools.gnu-tools-for-stm32.10.3-2021.10.linux64_1.0.200.202301161003/tools/bin/../lib/gcc/arm-none-eabi/10.3.1/thumb/v7-m/nofp/crtn.o
OUTPUT(tesla_emwaver.elf elf32-littlearm)
LOAD linker stubs
LOAD /home/luispl/st/stm32cubeide_1.12.0/plugins/com.st.stm32cube.ide.mcu.externaltools.gnu-tools-for-stm32.10.3-2021.10.linux64_1.0.200.202301161003/tools/bin/../lib/gcc/arm-none-eabi/10.3.1/../../../../arm-none-eabi/lib/thumb/v7-m/nofp/libc.a
LOAD /home/luispl/st/stm32cubeide_1.12.0/plugins/com.st.stm32cube.ide.mcu.externaltools.gnu-tools-for-stm32.10.3-2021.10.linux64_1.0.200.202301161003/tools/bin/../lib/gcc/arm-none-eabi/10.3.1/../../../../arm-none-eabi/lib/thumb/v7-m/nofp/libm.a
LOAD /home/luispl/st/stm32cubeide_1.12.0/plugins/com.st.stm32cube.ide.mcu.externaltools.gnu-tools-for-stm32.10.3-2021.10.linux64_1.0.200.202301161003/tools/bin/../lib/gcc/arm-none-eabi/10.3.1/thumb/v7-m/nofp/libgcc.a

.debug_info     0x0000000000000000     0x6607
 .debug_info    0x0000000000000000     0x1882 ./Core/Src/cc1101.o
 .debug_info    0x0000000000001882      0xa5e ./Core/Src/main.o
 .debug_info    0x00000000000022e0      0x885 ./Core/Src/stm32f1xx_hal_msp.o
 .debug_info    0x0000000000002b65      0x122 ./Core/Src/stm32f1xx_it.o
 .debug_info    0x0000000000002c87      0x23d ./Core/Src/system_stm32f1xx.o
 .debug_info    0x0000000000002ec4       0x22 ./Core/Startup/startup_stm32f103c8tx.o
 .debug_info    0x0000000000002ee6      0x734 ./Drivers/STM32F1xx_HAL_Driver/Src/stm32f1xx_hal.o
 .debug_info    0x000000000000361a      0xb20 ./Drivers/STM32F1xx_HAL_Driver/Src/stm32f1xx_hal_cortex.o
 .debug_info    0x000000000000413a      0x615 ./Drivers/STM32F1xx_HAL_Driver/Src/stm32f1xx_hal_gpio.o
 .debug_info    0x000000000000474f      0x860 ./Drivers/STM32F1xx_HAL_Driver/Src/stm32f1xx_hal_rcc.o
 .debug_info    0x0000000000004faf     0x1658 ./Drivers/STM32F1xx_HAL_Driver/Src/stm32f1xx_hal_spi.o

.debug_abbrev   0x0000000000000000     0x14f4
 .debug_abbrev  0x0000000000000000      0x38d ./Core/Src/cc1101.o
 .debug_abbrev  0x000000000000038d      0x259 ./Core/Src/main.o
 .debug_abbrev  0x00000000000005e6      0x194 ./Core/Src/stm32f1xx_hal_msp.o
 .debug_abbrev  0x000000000000077a       0x74 ./Core/Src/stm32f1xx_it.o
 .debug_abbrev  0x00000000000007ee      0x13b ./Core/Src/system_stm32f1xx.o
 .debug_abbrev  0x0000000000000929       0x12 ./Core/Startup/startup_stm32f103c8tx.o
 .debug_abbrev  0x000000000000093b      0x1fb ./Drivers/STM32F1xx_HAL_Driver/Src/stm32f1xx_hal.o
 .debug_abbrev  0x0000000000000b36      0x2ed ./Drivers/STM32F1xx_HAL_Driver/Src/stm32f1xx_hal_cortex.o
 .debug_abbrev  0x0000000000000e23      0x1bb ./Drivers/STM32F1xx_HAL_Driver/Src/stm32f1xx_hal_gpio.o
 .debug_abbrev  0x0000000000000fde      0x2a8 ./Drivers/STM32F1xx_HAL_Driver/Src/stm32f1xx_hal_rcc.o
 .debug_abbrev  0x0000000000001286      0x26e ./Drivers/STM32F1xx_HAL_Driver/Src/stm32f1xx_hal_spi.o

.debug_aranges  0x0000000000000000      0x7b0
 .debug_aranges
                0x0000000000000000      0x1f8 ./Core/Src/cc1101.o
 .debug_aranges
                0x00000000000001f8       0x40 ./Core/Src/main.o
 .debug_aranges
                0x0000000000000238       0x30 ./Core/Src/stm32f1xx_hal_msp.o
 .debug_aranges
                0x0000000000000268       0x60 ./Core/Src/stm32f1xx_it.o
 .debug_aranges
                0x00000000000002c8       0x28 ./Core/Src/system_stm32f1xx.o
 .debug_aranges
                0x00000000000002f0       0x28 ./Core/Startup/startup_stm32f103c8tx.o
 .debug_aranges
                0x0000000000000318       0xe0 ./Drivers/STM32F1xx_HAL_Driver/Src/stm32f1xx_hal.o
 .debug_aranges
                0x00000000000003f8      0x100 ./Drivers/STM32F1xx_HAL_Driver/Src/stm32f1xx_hal_cortex.o
 .debug_aranges
                0x00000000000004f8       0x58 ./Drivers/STM32F1xx_HAL_Driver/Src/stm32f1xx_hal_gpio.o
 .debug_aranges
                0x0000000000000550       0x90 ./Drivers/STM32F1xx_HAL_Driver/Src/stm32f1xx_hal_rcc.o
 .debug_aranges
                0x00000000000005e0      0x1d0 ./Drivers/STM32F1xx_HAL_Driver/Src/stm32f1xx_hal_spi.o

.debug_ranges   0x0000000000000000      0x708
 .debug_ranges  0x0000000000000000      0x1e8 ./Core/Src/cc1101.o
 .debug_ranges  0x00000000000001e8       0x30 ./Core/Src/main.o
 .debug_ranges  0x0000000000000218       0x20 ./Core/Src/stm32f1xx_hal_msp.o
 .debug_ranges  0x0000000000000238       0x50 ./Core/Src/stm32f1xx_it.o
 .debug_ranges  0x0000000000000288       0x18 ./Core/Src/system_stm32f1xx.o
 .debug_ranges  0x00000000000002a0       0x20 ./Core/Startup/startup_stm32f103c8tx.o
 .debug_ranges  0x00000000000002c0       0xd0 ./Drivers/STM32F1xx_HAL_Driver/Src/stm32f1xx_hal.o
 .debug_ranges  0x0000000000000390       0xf0 ./Drivers/STM32F1xx_HAL_Driver/Src/stm32f1xx_hal_cortex.o
 .debug_ranges  0x0000000000000480       0x48 ./Drivers/STM32F1xx_HAL_Driver/Src/stm32f1xx_hal_gpio.o
 .debug_ranges  0x00000000000004c8       0x80 ./Drivers/STM32F1xx_HAL_Driver/Src/stm32f1xx_hal_rcc.o
 .debug_ranges  0x0000000000000548      0x1c0 ./Drivers/STM32F1xx_HAL_Driver/Src/stm32f1xx_hal_spi.o

.debug_macro    0x0000000000000000    0x16c94
 .debug_macro   0x0000000000000000      0x1ce ./Core/Src/cc1101.o
 .debug_macro   0x00000000000001ce      0xa6c ./Core/Src/cc1101.o
 .debug_macro   0x0000000000000c3a       0x22 ./Core/Src/cc1101.o
 .debug_macro   0x0000000000000c5c       0x8e ./Core/Src/cc1101.o
 .debug_macro   0x0000000000000cea       0x51 ./Core/Src/cc1101.o
 .debug_macro   0x0000000000000d3b      0x103 ./Core/Src/cc1101.o
 .debug_macro   0x0000000000000e3e       0x6a ./Core/Src/cc1101.o
 .debug_macro   0x0000000000000ea8      0x1df ./Core/Src/cc1101.o
 .debug_macro   0x0000000000001087      0x215 ./Core/Src/cc1101.o
 .debug_macro   0x000000000000129c       0x2e ./Core/Src/cc1101.o
 .debug_macro   0x00000000000012ca       0x22 ./Core/Src/cc1101.o
 .debug_macro   0x00000000000012ec       0x1c ./Core/Src/cc1101.o
 .debug_macro   0x0000000000001308       0x22 ./Core/Src/cc1101.o
 .debug_macro   0x000000000000132a       0xbd ./Core/Src/cc1101.o
 .debug_macro   0x00000000000013e7      0xd23 ./Core/Src/cc1101.o
 .debug_macro   0x000000000000210a     0xe09e ./Core/Src/cc1101.o
 .debug_macro   0x00000000000101a8       0x6d ./Core/Src/cc1101.o
 .debug_macro   0x0000000000010215     0x3468 ./Core/Src/cc1101.o
 .debug_macro   0x000000000001367d      0x174 ./Core/Src/cc1101.o
 .debug_macro   0x00000000000137f1       0x5c ./Core/Src/cc1101.o
 .debug_macro   0x000000000001384d      0x5be ./Core/Src/cc1101.o
 .debug_macro   0x0000000000013e0b      0x289 ./Core/Src/cc1101.o
 .debug_macro   0x0000000000014094      0x1cb ./Core/Src/cc1101.o
 .debug_macro   0x000000000001425f      0x114 ./Core/Src/cc1101.o
 .debug_macro   0x0000000000014373      0x1b2 ./Core/Src/cc1101.o
 .debug_macro   0x0000000000014525       0x27 ./Core/Src/cc1101.o
 .debug_macro   0x000000000001454c      0x136 ./Core/Src/cc1101.o
 .debug_macro   0x0000000000014682      0x1bc ./Core/Src/cc1101.o
 .debug_macro   0x000000000001483e       0x34 ./Core/Src/cc1101.o
 .debug_macro   0x0000000000014872       0x3c ./Core/Src/cc1101.o
 .debug_macro   0x00000000000148ae       0x57 ./Core/Src/cc1101.o
 .debug_macro   0x0000000000014905       0x88 ./Core/Src/cc1101.o
 .debug_macro   0x000000000001498d      0x241 ./Core/Src/cc1101.o
 .debug_macro   0x0000000000014bce      0x141 ./Core/Src/cc1101.o
 .debug_macro   0x0000000000014d0f      0x217 ./Core/Src/cc1101.o
 .debug_macro   0x0000000000014f26       0x83 ./Core/Src/cc1101.o
 .debug_macro   0x0000000000014fa9       0x1c ./Core/Src/cc1101.o
 .debug_macro   0x0000000000014fc5      0x1cc ./Core/Src/cc1101.o
 .debug_macro   0x0000000000015191      0x315 ./Core/Src/main.o
 .debug_macro   0x00000000000154a6       0x52 ./Core/Src/main.o
 .debug_macro   0x00000000000154f8       0x18 ./Core/Src/main.o
 .debug_macro   0x0000000000015510       0x3c ./Core/Src/main.o
 .debug_macro   0x000000000001554c       0x34 ./Core/Src/main.o
 .debug_macro   0x0000000000015580       0x16 ./Core/Src/main.o
 .debug_macro   0x0000000000015596       0x35 ./Core/Src/main.o
 .debug_macro   0x00000000000155cb      0x341 ./Core/Src/main.o
 .debug_macro   0x000000000001590c       0x10 ./Core/Src/main.o
 .debug_macro   0x000000000001591c       0x16 ./Core/Src/main.o
 .debug_macro   0x0000000000015932       0x43 ./Core/Src/main.o
 .debug_macro   0x0000000000015975       0x34 ./Core/Src/main.o
 .debug_macro   0x00000000000159a9       0x10 ./Core/Src/main.o
 .debug_macro   0x00000000000159b9       0x58 ./Core/Src/main.o
 .debug_macro   0x0000000000015a11       0x71 ./Core/Src/main.o
 .debug_macro   0x0000000000015a82       0x1c ./Core/Src/main.o
 .debug_macro   0x0000000000015a9e      0x12a ./Core/Src/main.o
 .debug_macro   0x0000000000015bc8       0x10 ./Core/Src/main.o
 .debug_macro   0x0000000000015bd8       0x1c ./Core/Src/main.o
 .debug_macro   0x0000000000015bf4       0x52 ./Core/Src/main.o
 .debug_macro   0x0000000000015c46       0x22 ./Core/Src/main.o
 .debug_macro   0x0000000000015c68       0x10 ./Core/Src/main.o
 .debug_macro   0x0000000000015c78       0x52 ./Core/Src/main.o
 .debug_macro   0x0000000000015cca       0xd5 ./Core/Src/main.o
 .debug_macro   0x0000000000015d9f       0x1c ./Core/Src/main.o
 .debug_macro   0x0000000000015dbb       0x3d ./Core/Src/main.o
 .debug_macro   0x0000000000015df8       0x16 ./Core/Src/main.o
 .debug_macro   0x0000000000015e0e      0x145 ./Core/Src/main.o
 .debug_macro   0x0000000000015f53      0x19d ./Core/Src/stm32f1xx_hal_msp.o
 .debug_macro   0x00000000000160f0      0x1a7 ./Core/Src/stm32f1xx_it.o
 .debug_macro   0x0000000000016297      0x18e ./Core/Src/system_stm32f1xx.o
 .debug_macro   0x0000000000016425      0x1b2 ./Drivers/STM32F1xx_HAL_Driver/Src/stm32f1xx_hal.o
 .debug_macro   0x00000000000165d7      0x18e ./Drivers/STM32F1xx_HAL_Driver/Src/stm32f1xx_hal_cortex.o
 .debug_macro   0x0000000000016765      0x1f9 ./Drivers/STM32F1xx_HAL_Driver/Src/stm32f1xx_hal_gpio.o
 .debug_macro   0x000000000001695e      0x1a0 ./Drivers/STM32F1xx_HAL_Driver/Src/stm32f1xx_hal_rcc.o
 .debug_macro   0x0000000000016afe      0x196 ./Drivers/STM32F1xx_HAL_Driver/Src/stm32f1xx_hal_spi.o

.debug_line     0x0000000000000000     0x7afe
 .debug_line    0x0000000000000000     0x171f ./Core/Src/cc1101.o
 .debug_line    0x000000000000171f      0x93c ./Core/Src/main.o
 .debug_line    0x000000000000205b      0x697 ./Core/Src/stm32f1xx_hal_msp.o
 .debug_line    0x00000000000026f2      0x706 ./Core/Src/stm32f1xx_it.o
 .debug_line    0x0000000000002df8      0x6c2 ./Core/Src/system_stm32f1xx.o
 .debug_line    0x00000000000034ba       0x87 ./Core/Startup/startup_stm32f103c8tx.o
 .debug_line    0x0000000000003541      0x8ef ./Drivers/STM32F1xx_HAL_Driver/Src/stm32f1xx_hal.o
 .debug_line    0x0000000000003e30      0xad7 ./Drivers/STM32F1xx_HAL_Driver/Src/stm32f1xx_hal_cortex.o
 .debug_line    0x0000000000004907      0x986 ./Drivers/STM32F1xx_HAL_Driver/Src/stm32f1xx_hal_gpio.o
 .debug_line    0x000000000000528d      0xcfd ./Drivers/STM32F1xx_HAL_Driver/Src/stm32f1xx_hal_rcc.o
 .debug_line    0x0000000000005f8a     0x1b74 ./Drivers/STM32F1xx_HAL_Driver/Src/stm32f1xx_hal_spi.o

.debug_str      0x0000000000000000    0x81e9d
 .debug_str     0x0000000000000000    0x7ca69 ./Core/Src/cc1101.o
                                      0x7ce08 (size before relaxing)
 .debug_str     0x000000000007ca69     0x3f2c ./Core/Src/main.o
                                      0x80877 (size before relaxing)
 .debug_str     0x0000000000080995       0x91 ./Core/Src/stm32f1xx_hal_msp.o
                                      0x7c398 (size before relaxing)
 .debug_str     0x0000000000080a26       0xc9 ./Core/Src/stm32f1xx_it.o
                                      0x7bf52 (size before relaxing)
 .debug_str     0x0000000000080aef       0x7e ./Core/Src/system_stm32f1xx.o
                                      0x7bf18 (size before relaxing)
 .debug_str     0x0000000000080b6d       0x36 ./Core/Startup/startup_stm32f103c8tx.o
                                         0x75 (size before relaxing)
 .debug_str     0x0000000000080ba3      0x5fd ./Drivers/STM32F1xx_HAL_Driver/Src/stm32f1xx_hal.o
                                      0x7c64b (size before relaxing)
 .debug_str     0x00000000000811a0      0x2bb ./Drivers/STM32F1xx_HAL_Driver/Src/stm32f1xx_hal_cortex.o
                                      0x7c597 (size before relaxing)
 .debug_str     0x000000000008145b      0x2e1 ./Drivers/STM32F1xx_HAL_Driver/Src/stm32f1xx_hal_gpio.o
                                      0x7c29e (size before relaxing)
 .debug_str     0x000000000008173c      0x229 ./Drivers/STM32F1xx_HAL_Driver/Src/stm32f1xx_hal_rcc.o
                                      0x7c347 (size before relaxing)
 .debug_str     0x0000000000081965      0x538 ./Drivers/STM32F1xx_HAL_Driver/Src/stm32f1xx_hal_spi.o
                                      0x7c844 (size before relaxing)

.comment        0x0000000000000000       0x50
 .comment       0x0000000000000000       0x50 ./Core/Src/cc1101.o
                                         0x51 (size before relaxing)
 .comment       0x0000000000000050       0x51 ./Core/Src/main.o
 .comment       0x0000000000000050       0x51 ./Core/Src/stm32f1xx_hal_msp.o
 .comment       0x0000000000000050       0x51 ./Core/Src/stm32f1xx_it.o
 .comment       0x0000000000000050       0x51 ./Core/Src/system_stm32f1xx.o
 .comment       0x0000000000000050       0x51 ./Drivers/STM32F1xx_HAL_Driver/Src/stm32f1xx_hal.o
 .comment       0x0000000000000050       0x51 ./Drivers/STM32F1xx_HAL_Driver/Src/stm32f1xx_hal_cortex.o
 .comment       0x0000000000000050       0x51 ./Drivers/STM32F1xx_HAL_Driver/Src/stm32f1xx_hal_gpio.o
 .comment       0x0000000000000050       0x51 ./Drivers/STM32F1xx_HAL_Driver/Src/stm32f1xx_hal_rcc.o
 .comment       0x0000000000000050       0x51 ./Drivers/STM32F1xx_HAL_Driver/Src/stm32f1xx_hal_spi.o

.debug_frame    0x0000000000000000     0x211c
 .debug_frame   0x0000000000000000      0x860 ./Core/Src/cc1101.o
 .debug_frame   0x0000000000000860       0xa8 ./Core/Src/main.o
 .debug_frame   0x0000000000000908       0x80 ./Core/Src/stm32f1xx_hal_msp.o
 .debug_frame   0x0000000000000988      0x104 ./Core/Src/stm32f1xx_it.o
 .debug_frame   0x0000000000000a8c       0x58 ./Core/Src/system_stm32f1xx.o
 .debug_frame   0x0000000000000ae4      0x334 ./Drivers/STM32F1xx_HAL_Driver/Src/stm32f1xx_hal.o
 .debug_frame   0x0000000000000e18      0x428 ./Drivers/STM32F1xx_HAL_Driver/Src/stm32f1xx_hal_cortex.o
 .debug_frame   0x0000000000001240      0x14c ./Drivers/STM32F1xx_HAL_Driver/Src/stm32f1xx_hal_gpio.o
 .debug_frame   0x000000000000138c      0x21c ./Drivers/STM32F1xx_HAL_Driver/Src/stm32f1xx_hal_rcc.o
 .debug_frame   0x00000000000015a8      0x824 ./Drivers/STM32F1xx_HAL_Driver/Src/stm32f1xx_hal_spi.o
 .debug_frame   0x0000000000001dcc       0x2c /home/luispl/st/stm32cubeide_1.12.0/plugins/com.st.stm32cube.ide.mcu.externaltools.gnu-tools-for-stm32.10.3-2021.10.linux64_1.0.200.202301161003/tools/bin/../lib/gcc/arm-none-eabi/10.3.1/../../../../arm-none-eabi/lib/thumb/v7-m/nofp/libc_nano.a(lib_a-init.o)
 .debug_frame   0x0000000000001df8       0x20 /home/luispl/st/stm32cubeide_1.12.0/plugins/com.st.stm32cube.ide.mcu.externaltools.gnu-tools-for-stm32.10.3-2021.10.linux64_1.0.200.202301161003/tools/bin/../lib/gcc/arm-none-eabi/10.3.1/../../../../arm-none-eabi/lib/thumb/v7-m/nofp/libc_nano.a(lib_a-memset.o)
 .debug_frame   0x0000000000001e18       0xac /home/luispl/st/stm32cubeide_1.12.0/plugins/com.st.stm32cube.ide.mcu.externaltools.gnu-tools-for-stm32.10.3-2021.10.linux64_1.0.200.202301161003/tools/bin/../lib/gcc/arm-none-eabi/10.3.1/thumb/v7-m/nofp/libgcc.a(_arm_addsubdf3.o)
 .debug_frame   0x0000000000001ec4       0xc4 /home/luispl/st/stm32cubeide_1.12.0/plugins/com.st.stm32cube.ide.mcu.externaltools.gnu-tools-for-stm32.10.3-2021.10.linux64_1.0.200.202301161003/tools/bin/../lib/gcc/arm-none-eabi/10.3.1/thumb/v7-m/nofp/libgcc.a(_arm_cmpdf2.o)
 .debug_frame   0x0000000000001f88       0x24 /home/luispl/st/stm32cubeide_1.12.0/plugins/com.st.stm32cube.ide.mcu.externaltools.gnu-tools-for-stm32.10.3-2021.10.linux64_1.0.200.202301161003/tools/bin/../lib/gcc/arm-none-eabi/10.3.1/thumb/v7-m/nofp/libgcc.a(_arm_truncdfsf2.o)
 .debug_frame   0x0000000000001fac       0x4c /home/luispl/st/stm32cubeide_1.12.0/plugins/com.st.stm32cube.ide.mcu.externaltools.gnu-tools-for-stm32.10.3-2021.10.linux64_1.0.200.202301161003/tools/bin/../lib/gcc/arm-none-eabi/10.3.1/thumb/v7-m/nofp/libgcc.a(_arm_addsubsf3.o)
 .debug_frame   0x0000000000001ff8       0x38 /home/luispl/st/stm32cubeide_1.12.0/plugins/com.st.stm32cube.ide.mcu.externaltools.gnu-tools-for-stm32.10.3-2021.10.linux64_1.0.200.202301161003/tools/bin/../lib/gcc/arm-none-eabi/10.3.1/thumb/v7-m/nofp/libgcc.a(_arm_muldivsf3.o)
 .debug_frame   0x0000000000002030       0xc8 /home/luispl/st/stm32cubeide_1.12.0/plugins/com.st.stm32cube.ide.mcu.externaltools.gnu-tools-for-stm32.10.3-2021.10.linux64_1.0.200.202301161003/tools/bin/../lib/gcc/arm-none-eabi/10.3.1/thumb/v7-m/nofp/libgcc.a(_arm_cmpsf2.o)
 .debug_frame   0x00000000000020f8       0x24 /home/luispl/st/stm32cubeide_1.12.0/plugins/com.st.stm32cube.ide.mcu.externaltools.gnu-tools-for-stm32.10.3-2021.10.linux64_1.0.200.202301161003/tools/bin/../lib/gcc/arm-none-eabi/10.3.1/thumb/v7-m/nofp/libgcc.a(_arm_fixunssfsi.o)
