Archive member included to satisfy reference by file (symbol)

/Applications/STM32CubeIDE.app/Contents/Eclipse/plugins/com.st.stm32cube.ide.mcu.externaltools.gnu-tools-for-stm32.14.3.rel1.macos64_1.0.100.202602081740/tools/bin/../lib/gcc/arm-none-eabi/14.3.1/../../../../arm-none-eabi/lib/thumb/v6-m/nofp/libc_nano.a(libc_a-exit.o)
                              /Applications/STM32CubeIDE.app/Contents/Eclipse/plugins/com.st.stm32cube.ide.mcu.externaltools.gnu-tools-for-stm32.14.3.rel1.macos64_1.0.100.202602081740/tools/bin/../lib/gcc/arm-none-eabi/14.3.1/../../../../arm-none-eabi/lib/thumb/v6-m/nofp/crt0.o (exit)
/Applications/STM32CubeIDE.app/Contents/Eclipse/plugins/com.st.stm32cube.ide.mcu.externaltools.gnu-tools-for-stm32.14.3.rel1.macos64_1.0.100.202602081740/tools/bin/../lib/gcc/arm-none-eabi/14.3.1/../../../../arm-none-eabi/lib/thumb/v6-m/nofp/libc_nano.a(libc_a-findfp.o)
                              /Applications/STM32CubeIDE.app/Contents/Eclipse/plugins/com.st.stm32cube.ide.mcu.externaltools.gnu-tools-for-stm32.14.3.rel1.macos64_1.0.100.202602081740/tools/bin/../lib/gcc/arm-none-eabi/14.3.1/../../../../arm-none-eabi/lib/thumb/v6-m/nofp/libc_nano.a(libc_a-exit.o) (__stdio_exit_handler)
/Applications/STM32CubeIDE.app/Contents/Eclipse/plugins/com.st.stm32cube.ide.mcu.externaltools.gnu-tools-for-stm32.14.3.rel1.macos64_1.0.100.202602081740/tools/bin/../lib/gcc/arm-none-eabi/14.3.1/../../../../arm-none-eabi/lib/thumb/v6-m/nofp/libc_nano.a(libc_a-strtol.o)
                              ./Core/Src/main.o (strtol)
/Applications/STM32CubeIDE.app/Contents/Eclipse/plugins/com.st.stm32cube.ide.mcu.externaltools.gnu-tools-for-stm32.14.3.rel1.macos64_1.0.100.202602081740/tools/bin/../lib/gcc/arm-none-eabi/14.3.1/../../../../arm-none-eabi/lib/thumb/v6-m/nofp/libc_nano.a(libc_a-fwalk.o)
                              /Applications/STM32CubeIDE.app/Contents/Eclipse/plugins/com.st.stm32cube.ide.mcu.externaltools.gnu-tools-for-stm32.14.3.rel1.macos64_1.0.100.202602081740/tools/bin/../lib/gcc/arm-none-eabi/14.3.1/../../../../arm-none-eabi/lib/thumb/v6-m/nofp/libc_nano.a(libc_a-findfp.o) (_fwalk_sglue)
/Applications/STM32CubeIDE.app/Contents/Eclipse/plugins/com.st.stm32cube.ide.mcu.externaltools.gnu-tools-for-stm32.14.3.rel1.macos64_1.0.100.202602081740/tools/bin/../lib/gcc/arm-none-eabi/14.3.1/../../../../arm-none-eabi/lib/thumb/v6-m/nofp/libc_nano.a(libc_a-memset.o)
                              /Applications/STM32CubeIDE.app/Contents/Eclipse/plugins/com.st.stm32cube.ide.mcu.externaltools.gnu-tools-for-stm32.14.3.rel1.macos64_1.0.100.202602081740/tools/bin/../lib/gcc/arm-none-eabi/14.3.1/../../../../arm-none-eabi/lib/thumb/v6-m/nofp/crt0.o (memset)
/Applications/STM32CubeIDE.app/Contents/Eclipse/plugins/com.st.stm32cube.ide.mcu.externaltools.gnu-tools-for-stm32.14.3.rel1.macos64_1.0.100.202602081740/tools/bin/../lib/gcc/arm-none-eabi/14.3.1/../../../../arm-none-eabi/lib/thumb/v6-m/nofp/libc_nano.a(libc_a-strchr.o)
                              ./Core/Src/main.o (strchr)
/Applications/STM32CubeIDE.app/Contents/Eclipse/plugins/com.st.stm32cube.ide.mcu.externaltools.gnu-tools-for-stm32.14.3.rel1.macos64_1.0.100.202602081740/tools/bin/../lib/gcc/arm-none-eabi/14.3.1/../../../../arm-none-eabi/lib/thumb/v6-m/nofp/libc_nano.a(libc_a-strncmp.o)
                              ./Core/Src/main.o (strncmp)
/Applications/STM32CubeIDE.app/Contents/Eclipse/plugins/com.st.stm32cube.ide.mcu.externaltools.gnu-tools-for-stm32.14.3.rel1.macos64_1.0.100.202602081740/tools/bin/../lib/gcc/arm-none-eabi/14.3.1/../../../../arm-none-eabi/lib/thumb/v6-m/nofp/libc_nano.a(libc_a-errno.o)
                              ./Core/Src/syscalls.o (__errno)
/Applications/STM32CubeIDE.app/Contents/Eclipse/plugins/com.st.stm32cube.ide.mcu.externaltools.gnu-tools-for-stm32.14.3.rel1.macos64_1.0.100.202602081740/tools/bin/../lib/gcc/arm-none-eabi/14.3.1/../../../../arm-none-eabi/lib/thumb/v6-m/nofp/libc_nano.a(libc_a-init.o)
                              /Applications/STM32CubeIDE.app/Contents/Eclipse/plugins/com.st.stm32cube.ide.mcu.externaltools.gnu-tools-for-stm32.14.3.rel1.macos64_1.0.100.202602081740/tools/bin/../lib/gcc/arm-none-eabi/14.3.1/../../../../arm-none-eabi/lib/thumb/v6-m/nofp/crt0.o (__libc_init_array)
/Applications/STM32CubeIDE.app/Contents/Eclipse/plugins/com.st.stm32cube.ide.mcu.externaltools.gnu-tools-for-stm32.14.3.rel1.macos64_1.0.100.202602081740/tools/bin/../lib/gcc/arm-none-eabi/14.3.1/../../../../arm-none-eabi/lib/thumb/v6-m/nofp/libc_nano.a(libc_a-lock.o)
                              /Applications/STM32CubeIDE.app/Contents/Eclipse/plugins/com.st.stm32cube.ide.mcu.externaltools.gnu-tools-for-stm32.14.3.rel1.macos64_1.0.100.202602081740/tools/bin/../lib/gcc/arm-none-eabi/14.3.1/../../../../arm-none-eabi/lib/thumb/v6-m/nofp/libc_nano.a(libc_a-findfp.o) (__retarget_lock_init_recursive)
[...]
Memory Configuration

Name             Origin             Length             Attributes
RAM              0x20000000         0x00001800         xrw
FLASH            0x08000000         0x00008000         xr
*default*        0x00000000         0xffffffff

Linker script and memory map

LOAD /Applications/STM32CubeIDE.app/Contents/Eclipse/plugins/com.st.stm32cube.ide.mcu.externaltools.gnu-tools-for-stm32.14.3.rel1.macos64_1.0.100.202602081740/tools/bin/../lib/gcc/arm-none-eabi/14.3.1/thumb/v6-m/nofp/crti.o
LOAD /Applications/STM32CubeIDE.app/Contents/Eclipse/plugins/com.st.stm32cube.ide.mcu.externaltools.gnu-tools-for-stm32.14.3.rel1.macos64_1.0.100.202602081740/tools/bin/../lib/gcc/arm-none-eabi/14.3.1/thumb/v6-m/nofp/crtbegin.o
LOAD /Applications/STM32CubeIDE.app/Contents/Eclipse/plugins/com.st.stm32cube.ide.mcu.externaltools.gnu-tools-for-stm32.14.3.rel1.macos64_1.0.100.202602081740/tools/bin/../lib/gcc/arm-none-eabi/14.3.1/../../../../arm-none-eabi/lib/thumb/v6-m/nofp/crt0.o
LOAD ./Core/Src/main.o
LOAD ./Core/Src/stm32f0xx_hal_msp.o
LOAD ./Core/Src/stm32f0xx_it.o
LOAD ./Core/Src/syscalls.o
LOAD ./Core/Src/sysmem.o
LOAD ./Core/Src/system_stm32f0xx.o
LOAD ./Core/Startup/startup_stm32f042g6ux.o
LOAD ./Drivers/STM32F0xx_HAL_Driver/Src/stm32f0xx_hal.o
LOAD ./Drivers/STM32F0xx_HAL_Driver/Src/stm32f0xx_hal_cortex.o
LOAD ./Drivers/STM32F0xx_HAL_Driver/Src/stm32f0xx_hal_dma.o
LOAD ./Drivers/STM32F0xx_HAL_Driver/Src/stm32f0xx_hal_exti.o
LOAD ./Drivers/STM32F0xx_HAL_Driver/Src/stm32f0xx_hal_flash.o
LOAD ./Drivers/STM32F0xx_HAL_Driver/Src/stm32f0xx_hal_flash_ex.o
LOAD ./Drivers/STM32F0xx_HAL_Driver/Src/stm32f0xx_hal_gpio.o
LOAD ./Drivers/STM32F0xx_HAL_Driver/Src/stm32f0xx_hal_i2c.o
LOAD ./Drivers/STM32F0xx_HAL_Driver/Src/stm32f0xx_hal_i2c_ex.o
LOAD ./Drivers/STM32F0xx_HAL_Driver/Src/stm32f0xx_hal_pcd.o
LOAD ./Drivers/STM32F0xx_HAL_Driver/Src/stm32f0xx_hal_pcd_ex.o
LOAD ./Drivers/STM32F0xx_HAL_Driver/Src/stm32f0xx_hal_pwr.o
LOAD ./Drivers/STM32F0xx_HAL_Driver/Src/stm32f0xx_hal_pwr_ex.o
LOAD ./Drivers/STM32F0xx_HAL_Driver/Src/stm32f0xx_hal_rcc.o
LOAD ./Drivers/STM32F0xx_HAL_Driver/Src/stm32f0xx_hal_rcc_ex.o
LOAD ./Drivers/STM32F0xx_HAL_Driver/Src/stm32f0xx_hal_spi.o
LOAD ./Drivers/STM32F0xx_HAL_Driver/Src/stm32f0xx_hal_spi_ex.o
LOAD ./Drivers/STM32F0xx_HAL_Driver/Src/stm32f0xx_hal_tim.o
LOAD ./Drivers/STM32F0xx_HAL_Driver/Src/stm32f0xx_hal_tim_ex.o
LOAD ./Drivers/STM32F0xx_HAL_Driver/Src/stm32f0xx_ll_usb.o
LOAD ./Middlewares/ST/STM32_USB_Device_Library/Core/Src/usbd_core.o
LOAD ./Middlewares/ST/STM32_USB_Device_Library/Core/Src/usbd_ctlreq.o
LOAD ./Middlewares/ST/STM32_USB_Device_Library/Core/Src/usbd_ioreq.o
LOAD ./USB_DEVICE/App/usb_device.o
LOAD ./USB_DEVICE/App/usbd_desc.o
LOAD ./USB_DEVICE/App/usbd_midi.o
LOAD ./USB_DEVICE/App/usbd_midi_if.o
LOAD ./USB_DEVICE/Target/usbd_conf.o
START GROUP
LOAD /Applications/STM32CubeIDE.app/Contents/Eclipse/plugins/com.st.stm32cube.ide.mcu.externaltools.gnu-tools-for-stm32.14.3.rel1.macos64_1.0.100.202602081740/tools/bin/../lib/gcc/arm-none-eabi/14.3.1/../../../../arm-none-eabi/lib/thumb/v6-m/nofp/libc_nano.a
LOAD /Applications/STM32CubeIDE.app/Contents/Eclipse/plugins/com.st.stm32cube.ide.mcu.externaltools.gnu-tools-for-stm32.14.3.rel1.macos64_1.0.100.202602081740/tools/bin/../lib/gcc/arm-none-eabi/14.3.1/../../../../arm-none-eabi/lib/thumb/v6-m/nofp/libm.a
END GROUP
START GROUP
LOAD /Applications/STM32CubeIDE.app/Contents/Eclipse/plugins/com.st.stm32cube.ide.mcu.externaltools.gnu-tools-for-stm32.14.3.rel1.macos64_1.0.100.202602081740/tools/bin/../lib/gcc/arm-none-eabi/14.3.1/thumb/v6-m/nofp/libgcc.a
LOAD /Applications/STM32CubeIDE.app/Contents/Eclipse/plugins/com.st.stm32cube.ide.mcu.externaltools.gnu-tools-for-stm32.14.3.rel1.macos64_1.0.100.202602081740/tools/bin/../lib/gcc/arm-none-eabi/14.3.1/../../../../arm-none-eabi/lib/thumb/v6-m/nofp/libc_nano.a
END GROUP
START GROUP
LOAD /Applications/STM32CubeIDE.app/Contents/Eclipse/plugins/com.st.stm32cube.ide.mcu.externaltools.gnu-tools-for-stm32.14.3.rel1.macos64_1.0.100.202602081740/tools/bin/../lib/gcc/arm-none-eabi/14.3.1/thumb/v6-m/nofp/libgcc.a
LOAD /Applications/STM32CubeIDE.app/Contents/Eclipse/plugins/com.st.stm32cube.ide.mcu.externaltools.gnu-tools-for-stm32.14.3.rel1.macos64_1.0.100.202602081740/tools/bin/../lib/gcc/arm-none-eabi/14.3.1/../../../../arm-none-eabi/lib/thumb/v6-m/nofp/libc_nano.a
LOAD /Applications/STM32CubeIDE.app/Contents/Eclipse/plugins/com.st.stm32cube.ide.mcu.externaltools.gnu-tools-for-stm32.14.3.rel1.macos64_1.0.100.202602081740/tools/bin/../lib/gcc/arm-none-eabi/14.3.1/../../../../arm-none-eabi/lib/thumb/v6-m/nofp/libnosys.a
END GROUP
START GROUP
LOAD /Applications/STM32CubeIDE.app/Contents/Eclipse/plugins/com.st.stm32cube.ide.mcu.externaltools.gnu-tools-for-stm32.14.3.rel1.macos64_1.0.100.202602081740/tools/bin/../lib/gcc/arm-none-eabi/14.3.1/thumb/v6-m/nofp/libgcc.a
LOAD /Applications/STM32CubeIDE.app/Contents/Eclipse/plugins/com.st.stm32cube.ide.mcu.externaltools.gnu-tools-for-stm32.14.3.rel1.macos64_1.0.100.202602081740/tools/bin/../lib/gcc/arm-none-eabi/14.3.1/../../../../arm-none-eabi/lib/thumb/v6-m/nofp/libc_nano.a
LOAD /Applications/STM32CubeIDE.app/Contents/Eclipse/plugins/com.st.stm32cube.ide.mcu.externaltools.gnu-tools-for-stm32.14.3.rel1.macos64_1.0.100.202602081740/tools/bin/../lib/gcc/arm-none-eabi/14.3.1/../../../../arm-none-eabi/lib/thumb/v6-m/nofp/libnosys.a
END GROUP
LOAD /Applications/STM32CubeIDE.app/Contents/Eclipse/plugins/com.st.stm32cube.ide.mcu.externaltools.gnu-tools-for-stm32.14.3.rel1.macos64_1.0.100.202602081740/tools/bin/../lib/gcc/arm-none-eabi/14.3.1/thumb/v6-m/nofp/crtend.o
LOAD /Applications/STM32CubeIDE.app/Contents/Eclipse/plugins/com.st.stm32cube.ide.mcu.externaltools.gnu-tools-for-stm32.14.3.rel1.macos64_1.0.100.202602081740/tools/bin/../lib/gcc/arm-none-eabi/14.3.1/thumb/v6-m/nofp/crtn.o
                0x20001800                        _estack = (ORIGIN (RAM) + LENGTH (RAM))
                0x00000000                        _Min_Heap_Size = 0x0
                0x000003e0                        _Min_Stack_Size = 0x3e0

.isr_vector     0x08000000       0xc0
                0x08000000                        . = ALIGN (0x4)
 *(.isr_vector)
 .isr_vector    0x08000000       0xc0 ./Core/Startup/startup_stm32f042g6ux.o
                0x08000000                g_pfnVectors
                0x080000c0                        . = ALIGN (0x4)

.text           0x080000c0     0xdc98
                0x080000c0                        . = ALIGN (0x4)
 *(.text)
 .text          0x080000c0       0x48 /Applications/STM32CubeIDE.app/Contents/Eclipse/plugins/com.st.stm32cube.ide.mcu.externaltools.gnu-tools-for-stm32.14.3.rel1.macos64_1.0.100.202602081740/tools/bin/../lib/gcc/arm-none-eabi/14.3.1/thumb/v6-m/nofp/crtbegin.o
 .text          0x08000108        0xe /Applications/STM32CubeIDE.app/Contents/Eclipse/plugins/com.st.stm32cube.ide.mcu.externaltools.gnu-tools-for-stm32.14.3.rel1.macos64_1.0.100.202602081740/tools/bin/../lib/gcc/arm-none-eabi/14.3.1/../../../../arm-none-eabi/lib/thumb/v6-m/nofp/libc_nano.a(libc_a-strlen.o)
                0x08000108                strlen
 *fill*         0x08000116        0x2 
 .text          0x08000118      0x114 /Applications/STM32CubeIDE.app/Contents/Eclipse/plugins/com.st.stm32cube.ide.mcu.externaltools.gnu-tools-for-stm32.14.3.rel1.macos64_1.0.100.202602081740/tools/bin/../lib/gcc/arm-none-eabi/14.3.1/thumb/v6-m/nofp/libgcc.a(_udivsi3.o)
                0x08000118                __udivsi3
                0x08000118                __aeabi_uidiv
                0x08000224                __aeabi_uidivmod
 .text          0x0800022c        0x4 /Applications/STM32CubeIDE.app/Contents/Eclipse/plugins/com.st.stm32cube.ide.mcu.externaltools.gnu-tools-for-stm32.14.3.rel1.macos64_1.0.100.202602081740/tools/bin/../lib/gcc/arm-none-eabi/14.3.1/thumb/v6-m/nofp/libgcc.a(_dvmd_tls.o)
                0x0800022c                __aeabi_ldiv0
                0x0800022c                __aeabi_idiv0
 *(.text*)
 .text.__NVIC_SystemReset
                0x08000230       0x24 ./Core/Src/main.o
 .text.get_device_name
                0x08000254       0x70 ./Core/Src/main.o
                0x08000254                get_device_name
 .text.emw_identity_valid
                0x080002c4       0x6c ./Core/Src/main.o
 .text.emw_identity_get_device_id
                0x08000330       0x28 ./Core/Src/main.o
 .text.emw_identity_get_proof_chunk
                0x08000358       0x40 ./Core/Src/main.o
 .text.midi_packet_consume
                0x08000398       0x3c ./Core/Src/main.o
 .text.command_send_status
                0x080003d4       0xd8 ./Core/Src/main.o
 .text.command_send_ok
                0x080004ac       0x1e ./Core/Src/main.o
 .text.command_send_err
                0x080004ca       0x1a ./Core/Src/main.o
 .text.ISR_Sampler_raw
                0x080004e4      0x16c ./Core/Src/main.o
 .text.startPWM_TIM2
                0x08000650       0x94 ./Core/Src/main.o
 .text.stopPWM_TIM2
                0x080006e4       0x90 ./Core/Src/main.o
 .text.ISR_Sampler_writing
                0x08000774       0xfc ./Core/Src/main.o
 .text.EMW_TIM3_Tick_ISR
                0x08000870       0x44 ./Core/Src/main.o
                0x08000870                EMW_TIM3_Tick_ISR
 .text.enable_gpio_clock
                0x080008b4       0x64 ./Core/Src/main.o
 .text.configurePin
                0x08000918       0x72 ./Core/Src/main.o
 .text.setDutyCycle_TIM2
                0x0800098a       0x9e ./Core/Src/main.o
 .text.pwm_route_from_pin
                0x08000a28      0x174 ./Core/Src/main.o
 .text.tim2_ccer_mask_from_channel
                0x08000b9c       0x4c ./Core/Src/main.o
 .text.tim2_stop_pwm_channel
                0x08000be8       0x5c ./Core/Src/main.o
 .text.tim2_set_ccr_from_u12
                0x08000c44       0xa4 ./Core/Src/main.o
 .text.tim2_set_pwm_hz
                0x08000ce8       0x64 ./Core/Src/main.o
 .text.tim16_17_set_pwm_hz
                0x08000d4c       0xd4 ./Core/Src/main.o
 .text.tim14_set_pwm_hz
                0x08000e20       0x24 ./Core/Src/main.o
 .text.tim14_16_17_set_ccr_from_u12
                0x08000e44       0x64 ./Core/Src/main.o
 .text.pwm_timer_enable_once
                0x08000ea8      0x108 ./Core/Src/main.o
 .text.pwm_start_route
                0x08000fb0       0xb4 ./Core/Src/main.o
 .text.pwm_stop_route
                0x08001064       0x94 ./Core/Src/main.o
 .text.stop_sampling
                0x080010f8       0x6c ./Core/Src/main.o
 .text.tim3_set_tick_us
                0x08001164       0xbc ./Core/Src/main.o
 .text.try_send_sampling_superframe
                0x08001220       0x80 ./Core/Src/main.o
 .text.decode_encoded_pin
                0x080012a0       0x78 ./Core/Src/main.o
 .text.pin_mask_to_index
                0x08001318       0x70 ./Core/Src/main.o
 .text.gpio_write_latch
                0x08001388       0x44 ./Core/Src/main.o
 .text.disable_tim2_output_if_needed
                0x080013cc       0xb4 ./Core/Src/main.o
 .text.gpio_set_mode
                0x08001480       0x50 ./Core/Src/main.o
 .text.adc_init_once
                0x080014d0       0xfc ./Core/Src/main.o
 .text.adc_channel_from_pin
                0x080015cc       0x88 ./Core/Src/main.o
 .text.adc_read_single
                0x08001654       0xcc ./Core/Src/main.o
 .text.gpio_release_pb6_pb7
                0x08001720       0x3c ./Core/Src/main.o
 .text.uart1_deinit
                0x0800175c       0x84 ./Core/Src/main.o
 .text.uart1_ensure
                0x080017e0      0x17c ./Core/Src/main.o
 .text.uart1_write
                0x0800195c       0xcc ./Core/Src/main.o
 .text.uart1_read
                0x08001a28       0xb8 ./Core/Src/main.o
 .text.i2c1_timing_for_hz
                0x08001ae0       0x2c ./Core/Src/main.o
 .text.i2c1_deinit
                0x08001b0c       0x58 ./Core/Src/main.o
 .text.i2c1_ensure
                0x08001b64      0x120 ./Core/Src/main.o
 .text.i2c1_wait_flag
                0x08001c84       0x6c ./Core/Src/main.o
 .text.i2c1_clear_errors
                0x08001cf0       0x18 ./Core/Src/main.o
 .text.i2c1_write_then_maybe_stop
                0x08001d08      0x118 ./Core/Src/main.o
 .text.i2c1_read_with_stop
                0x08001e20       0xe4 ./Core/Src/main.o
 .text.i2c1_xfer
                0x08001f04       0xc0 ./Core/Src/main.o
 .text.emw_u16_le
                0x08001fc4       0x24 ./Core/Src/main.o
 .text.emw_u32_le
                0x08001fe8       0x34 ./Core/Src/main.o
 .text.main     0x0800201c     0x1e14 ./Core/Src/main.o
                0x0800201c                main
 .text.SystemClock_Config
                0x08003e30       0xa8 ./Core/Src/main.o
                0x08003e30                SystemClock_Config
 .text.MX_SPI1_Init
                0x08003ed8       0x7c ./Core/Src/main.o
 .text.MX_TIM1_Init
                0x08003f54       0xb0 ./Core/Src/main.o
 .text.MX_TIM2_Init
                0x08004004      0x154 ./Core/Src/main.o
 .text.MX_TIM3_Init
                0x08004158       0xa8 ./Core/Src/main.o
 .text.MX_GPIO_Init
                0x08004200       0xe4 ./Core/Src/main.o
 .text.Error_Handler
                0x080042e4        0xc ./Core/Src/main.o
                0x080042e4                Error_Handler
 .text.HAL_MspInit
                0x080042f0       0x58 ./Core/Src/stm32f0xx_hal_msp.o
                0x080042f0                HAL_MspInit
 .text.HAL_SPI_MspInit
                0x08004348       0x98 ./Core/Src/stm32f0xx_hal_msp.o
                0x08004348                HAL_SPI_MspInit
 .text.HAL_TIM_Base_MspInit
                0x080043e0       0x9c ./Core/Src/stm32f0xx_hal_msp.o
                0x080043e0                HAL_TIM_Base_MspInit
 .text.HAL_TIM_MspPostInit
                0x0800447c       0x7c ./Core/Src/stm32f0xx_hal_msp.o
                0x0800447c                HAL_TIM_MspPostInit
 .text.NMI_Handler
                0x080044f8        0x8 ./Core/Src/stm32f0xx_it.o
                0x080044f8                NMI_Handler
 .text.HardFault_Handler
                0x08004500        0x8 ./Core/Src/stm32f0xx_it.o
                0x08004500                HardFault_Handler
 .text.SVC_Handler
                0x08004508        0xa ./Core/Src/stm32f0xx_it.o
                0x08004508                SVC_Handler
 .text.PendSV_Handler
                0x08004512        0xa ./Core/Src/stm32f0xx_it.o
                0x08004512                PendSV_Handler
 .text.SysTick_Handler
                0x0800451c        0xe ./Core/Src/stm32f0xx_it.o
                0x0800451c                SysTick_Handler
 *fill*         0x0800452a        0x2 
 .text.TIM3_IRQHandler
                0x0800452c       0x2c ./Core/Src/stm32f0xx_it.o
                0x0800452c                TIM3_IRQHandler
 .text.USB_IRQHandler
                0x08004558       0x18 ./Core/Src/stm32f0xx_it.o
                0x08004558                USB_IRQHandler
 .text.SystemInit
                0x08004570        0xa ./Core/Src/system_stm32f0xx.o
                0x08004570                SystemInit
 *fill*         0x0800457a        0x2 
 .text.Reset_Handler
                0x0800457c       0x80 ./Core/Startup/startup_stm32f042g6ux.o
                0x0800457c                Reset_Handler
 .text.Default_Handler
                0x080045fc        0x2 ./Core/Startup/startup_stm32f042g6ux.o
                0x080045fc                TIM1_BRK_UP_TRG_COM_IRQHandler
                0x080045fc                TSC_IRQHandler
                0x080045fc                I2C1_IRQHandler
                0x080045fc                RCC_CRS_IRQHandler
                0x080045fc                SPI1_IRQHandler
                0x080045fc                EXTI2_3_IRQHandler
                0x080045fc                ADC1_IRQHandler
                0x080045fc                TIM17_IRQHandler
                0x080045fc                CEC_CAN_IRQHandler
                0x080045fc                RTC_IRQHandler
                0x080045fc                PVD_VDDIO2_IRQHandler
                0x080045fc                TIM16_IRQHandler
                0x080045fc                EXTI4_15_IRQHandler
                0x080045fc                DMA1_Channel1_IRQHandler
                0x080045fc                Default_Handler
                0x080045fc                TIM14_IRQHandler
                0x080045fc                DMA1_Channel4_5_IRQHandler
                0x080045fc                EXTI0_1_IRQHandler
                0x080045fc                SPI2_IRQHandler
                0x080045fc                WWDG_IRQHandler
                0x080045fc                TIM2_IRQHandler
                0x080045fc                DMA1_Channel2_3_IRQHandler
                0x080045fc                USART2_IRQHandler
                0x080045fc                FLASH_IRQHandler
                0x080045fc                USART1_IRQHandler
                0x080045fc                TIM1_CC_IRQHandler
 *fill*         0x080045fe        0x2 
 .text.HAL_Init
                0x08004600       0x28 ./Drivers/STM32F0xx_HAL_Driver/Src/stm32f0xx_hal.o
                0x08004600                HAL_Init
 .text.HAL_InitTick
                0x08004628       0x68 ./Drivers/STM32F0xx_HAL_Driver/Src/stm32f0xx_hal.o
                0x08004628                HAL_InitTick
 .text.HAL_IncTick
                0x08004690       0x24 ./Drivers/STM32F0xx_HAL_Driver/Src/stm32f0xx_hal.o
                0x08004690                HAL_IncTick
 .text.HAL_GetTick
                0x080046b4       0x14 ./Drivers/STM32F0xx_HAL_Driver/Src/stm32f0xx_hal.o
                0x080046b4                HAL_GetTick
 .text.HAL_Delay
                0x080046c8       0x48 ./Drivers/STM32F0xx_HAL_Driver/Src/stm32f0xx_hal.o
                0x080046c8                HAL_Delay
 .text.HAL_GetUIDw0
                0x08004710       0x14 ./Drivers/STM32F0xx_HAL_Driver/Src/stm32f0xx_hal.o
                0x08004710                HAL_GetUIDw0
 .text.HAL_GetUIDw1
                0x08004724       0x14 ./Drivers/STM32F0xx_HAL_Driver/Src/stm32f0xx_hal.o
                0x08004724                HAL_GetUIDw1
 .text.HAL_GetUIDw2
                0x08004738       0x14 ./Drivers/STM32F0xx_HAL_Driver/Src/stm32f0xx_hal.o
                0x08004738                HAL_GetUIDw2
 .text.__NVIC_EnableIRQ
                0x0800474c       0x34 ./Drivers/STM32F0xx_HAL_Driver/Src/stm32f0xx_hal_cortex.o
 .text.__NVIC_SetPriority
                0x08004780       0xdc ./Drivers/STM32F0xx_HAL_Driver/Src/stm32f0xx_hal_cortex.o
 .text.SysTick_Config
                0x0800485c       0x48 ./Drivers/STM32F0xx_HAL_Driver/Src/stm32f0xx_hal_cortex.o
 .text.HAL_NVIC_SetPriority
                0x080048a4       0x2a ./Drivers/STM32F0xx_HAL_Driver/Src/stm32f0xx_hal_cortex.o
                0x080048a4                HAL_NVIC_SetPriority
 .text.HAL_NVIC_EnableIRQ
                0x080048ce       0x20 ./Drivers/STM32F0xx_HAL_Driver/Src/stm32f0xx_hal_cortex.o
                0x080048ce                HAL_NVIC_EnableIRQ
 .text.HAL_SYSTICK_Config
                0x080048ee       0x1a ./Drivers/STM32F0xx_HAL_Driver/Src/stm32f0xx_hal_cortex.o
                0x080048ee                HAL_SYSTICK_Config
 .text.HAL_FLASH_Program
                0x08004908      0x12c ./Drivers/STM32F0xx_HAL_Driver/Src/stm32f0xx_hal_flash.o
                0x08004908                HAL_FLASH_Program
 .text.HAL_FLASH_Unlock
                0x08004a34       0x4c ./Drivers/STM32F0xx_HAL_Driver/Src/stm32f0xx_hal_flash.o
                0x08004a34                HAL_FLASH_Unlock
 .text.HAL_FLASH_Lock
                0x08004a80       0x1c ./Drivers/STM32F0xx_HAL_Driver/Src/stm32f0xx_hal_flash.o
                0x08004a80                HAL_FLASH_Lock
 .text.FLASH_Program_HalfWord
                0x08004a9c       0x38 ./Drivers/STM32F0xx_HAL_Driver/Src/stm32f0xx_hal_flash.o
 .text.FLASH_WaitForLastOperation
                0x08004ad4       0x80 ./Drivers/STM32F0xx_HAL_Driver/Src/stm32f0xx_hal_flash.o
                0x08004ad4                FLASH_WaitForLastOperation
 .text.FLASH_SetErrorCode
                0x08004b54       0x60 ./Drivers/STM32F0xx_HAL_Driver/Src/stm32f0xx_hal_flash.o
 .text.HAL_FLASHEx_Erase
                0x08004bb4       0xec ./Drivers/STM32F0xx_HAL_Driver/Src/stm32f0xx_hal_flash_ex.o
                0x08004bb4                HAL_FLASHEx_Erase
 .text.FLASH_MassErase
                0x08004ca0       0x30 ./Drivers/STM32F0xx_HAL_Driver/Src/stm32f0xx_hal_flash_ex.o
 .text.FLASH_PageErase
                0x08004cd0       0x3c ./Drivers/STM32F0xx_HAL_Driver/Src/stm32f0xx_hal_flash_ex.o
                0x08004cd0                FLASH_PageErase
 .text.HAL_GPIO_Init
                0x08004d0c      0x2d0 ./Drivers/STM32F0xx_HAL_Driver/Src/stm32f0xx_hal_gpio.o
                0x08004d0c                HAL_GPIO_Init
 .text.HAL_GPIO_DeInit
                0x08004fdc      0x190 ./Drivers/STM32F0xx_HAL_Driver/Src/stm32f0xx_hal_gpio.o
                0x08004fdc                HAL_GPIO_DeInit
 .text.HAL_GPIO_ReadPin
                0x0800516c       0x3a ./Drivers/STM32F0xx_HAL_Driver/Src/stm32f0xx_hal_gpio.o
                0x0800516c                HAL_GPIO_ReadPin
 .text.HAL_GPIO_WritePin
                0x080051a6       0x3a ./Drivers/STM32F0xx_HAL_Driver/Src/stm32f0xx_hal_gpio.o
                0x080051a6                HAL_GPIO_WritePin
 .text.HAL_PCD_Init
                0x080051e0      0x200 ./Drivers/STM32F0xx_HAL_Driver/Src/stm32f0xx_hal_pcd.o
                0x080051e0                HAL_PCD_Init
 .text.HAL_PCD_Start
                0x080053e0       0x4a ./Drivers/STM32F0xx_HAL_Driver/Src/stm32f0xx_hal_pcd.o
                0x080053e0                HAL_PCD_Start
 *fill*         0x0800542a        0x2 
 .text.HAL_PCD_IRQHandler
                0x0800542c      0x288 ./Drivers/STM32F0xx_HAL_Driver/Src/stm32f0xx_hal_pcd.o
                0x0800542c                HAL_PCD_IRQHandler
 .text.HAL_PCD_SetAddress
                0x080056b4       0x56 ./Drivers/STM32F0xx_HAL_Driver/Src/stm32f0xx_hal_pcd.o
                0x080056b4                HAL_PCD_SetAddress
 .text.HAL_PCD_EP_Open
                0x0800570a       0xde ./Drivers/STM32F0xx_HAL_Driver/Src/stm32f0xx_hal_pcd.o
                0x0800570a                HAL_PCD_EP_Open
 .text.HAL_PCD_EP_Close
                0x080057e8       0xa2 ./Drivers/STM32F0xx_HAL_Driver/Src/stm32f0xx_hal_pcd.o
                0x080057e8                HAL_PCD_EP_Close
 .text.HAL_PCD_EP_Receive
                0x0800588a       0x6e ./Drivers/STM32F0xx_HAL_Driver/Src/stm32f0xx_hal_pcd.o
                0x0800588a                HAL_PCD_EP_Receive
 .text.HAL_PCD_EP_GetRxCount
                0x080058f8       0x32 ./Drivers/STM32F0xx_HAL_Driver/Src/stm32f0xx_hal_pcd.o
                0x080058f8                HAL_PCD_EP_GetRxCount
 .text.HAL_PCD_EP_Transmit
                0x0800592a       0x78 ./Drivers/STM32F0xx_HAL_Driver/Src/stm32f0xx_hal_pcd.o
                0x0800592a                HAL_PCD_EP_Transmit
 .text.HAL_PCD_EP_SetStall
                0x080059a2       0xb8 ./Drivers/STM32F0xx_HAL_Driver/Src/stm32f0xx_hal_pcd.o
                0x080059a2                HAL_PCD_EP_SetStall
 .text.HAL_PCD_EP_ClrStall
                0x08005a5a       0xbc ./Drivers/STM32F0xx_HAL_Driver/Src/stm32f0xx_hal_pcd.o
                0x08005a5a                HAL_PCD_EP_ClrStall
 *fill*         0x08005b16        0x2 
 .text.PCD_EP_ISR_Handler
                0x08005b18      0x80c ./Drivers/STM32F0xx_HAL_Driver/Src/stm32f0xx_hal_pcd.o
 .text.HAL_PCD_EP_DB_Receive
                0x08006324      0x238 ./Drivers/STM32F0xx_HAL_Driver/Src/stm32f0xx_hal_pcd.o
 .text.HAL_PCD_EP_DB_Transmit
                0x0800655c      0x820 ./Drivers/STM32F0xx_HAL_Driver/Src/stm32f0xx_hal_pcd.o
 .text.HAL_PCDEx_PMAConfig
                0x08006d7c       0x9c ./Drivers/STM32F0xx_HAL_Driver/Src/stm32f0xx_hal_pcd_ex.o
                0x08006d7c                HAL_PCDEx_PMAConfig
 .text.HAL_PCDEx_ActivateLPM
                0x08006e18       0x54 ./Drivers/STM32F0xx_HAL_Driver/Src/stm32f0xx_hal_pcd_ex.o
                0x08006e18                HAL_PCDEx_ActivateLPM
 .text.HAL_PCDEx_LPM_Callback
                0x08006e6c       0x16 ./Drivers/STM32F0xx_HAL_Driver/Src/stm32f0xx_hal_pcd_ex.o
                0x08006e6c                HAL_PCDEx_LPM_Callback
 *fill*         0x08006e82        0x2 
 .text.HAL_RCC_OscConfig
                0x08006e84      0x70c ./Drivers/STM32F0xx_HAL_Driver/Src/stm32f0xx_hal_rcc.o
                0x08006e84                HAL_RCC_OscConfig
 .text.HAL_RCC_ClockConfig
                0x08007590      0x1b4 ./Drivers/STM32F0xx_HAL_Driver/Src/stm32f0xx_hal_rcc.o
                0x08007590                HAL_RCC_ClockConfig
 .text.HAL_RCC_GetSysClockFreq
                0x08007744       0xe4 ./Drivers/STM32F0xx_HAL_Driver/Src/stm32f0xx_hal_rcc.o
                0x08007744                HAL_RCC_GetSysClockFreq
 .text.HAL_RCC_GetHCLKFreq
                0x08007828       0x14 ./Drivers/STM32F0xx_HAL_Driver/Src/stm32f0xx_hal_rcc.o
                0x08007828                HAL_RCC_GetHCLKFreq
 .text.HAL_RCCEx_PeriphCLKConfig
                0x0800783c      0x1dc ./Drivers/STM32F0xx_HAL_Driver/Src/stm32f0xx_hal_rcc_ex.o
                0x0800783c                HAL_RCCEx_PeriphCLKConfig
 .text.HAL_SPI_Init
                0x08007a18      0x170 ./Drivers/STM32F0xx_HAL_Driver/Src/stm32f0xx_hal_spi.o
                0x08007a18                HAL_SPI_Init
 .text.HAL_SPI_TransmitReceive
                0x08007b88      0x3c4 ./Drivers/STM32F0xx_HAL_Driver/Src/stm32f0xx_hal_spi.o
                0x08007b88                HAL_SPI_TransmitReceive
 .text.SPI_WaitFlagStateUntilTimeout
                0x08007f4c      0x11c ./Drivers/STM32F0xx_HAL_Driver/Src/stm32f0xx_hal_spi.o
 .text.SPI_WaitFifoStateUntilTimeout
                0x08008068      0x144 ./Drivers/STM32F0xx_HAL_Driver/Src/stm32f0xx_hal_spi.o
 .text.SPI_EndRxTxTransaction
                0x080081ac       0x8c ./Drivers/STM32F0xx_HAL_Driver/Src/stm32f0xx_hal_spi.o
 .text.HAL_TIM_Base_Init
                0x08008238       0xa0 ./Drivers/STM32F0xx_HAL_Driver/Src/stm32f0xx_hal_tim.o
                0x08008238                HAL_TIM_Base_Init
 .text.HAL_TIM_Base_Start_IT
                0x080082d8       0x98 ./Drivers/STM32F0xx_HAL_Driver/Src/stm32f0xx_hal_tim.o
                0x080082d8                HAL_TIM_Base_Start_IT
 .text.HAL_TIM_Base_Stop_IT
                0x08008370       0x5c ./Drivers/STM32F0xx_HAL_Driver/Src/stm32f0xx_hal_tim.o
                0x08008370                HAL_TIM_Base_Stop_IT
 .text.HAL_TIM_PWM_Init
                0x080083cc       0xa0 ./Drivers/STM32F0xx_HAL_Driver/Src/stm32f0xx_hal_tim.o
                0x080083cc                HAL_TIM_PWM_Init
 .text.HAL_TIM_PWM_MspInit
                0x0800846c       0x10 ./Drivers/STM32F0xx_HAL_Driver/Src/stm32f0xx_hal_tim.o
                0x0800846c                HAL_TIM_PWM_MspInit
 .text.HAL_TIM_PWM_Start
                0x0800847c      0x158 ./Drivers/STM32F0xx_HAL_Driver/Src/stm32f0xx_hal_tim.o
                0x0800847c                HAL_TIM_PWM_Start
 .text.HAL_TIM_PWM_Stop
                0x080085d4       0xec ./Drivers/STM32F0xx_HAL_Driver/Src/stm32f0xx_hal_tim.o
                0x080085d4                HAL_TIM_PWM_Stop
 .text.HAL_TIM_PWM_ConfigChannel
                0x080086c0      0x18c ./Drivers/STM32F0xx_HAL_Driver/Src/stm32f0xx_hal_tim.o
                0x080086c0                HAL_TIM_PWM_ConfigChannel
 .text.HAL_TIM_ConfigClockSource
                0x0800884c      0x1a8 ./Drivers/STM32F0xx_HAL_Driver/Src/stm32f0xx_hal_tim.o
                0x0800884c                HAL_TIM_ConfigClockSource
 .text.TIM_Base_SetConfig
                0x080089f4       0xec ./Drivers/STM32F0xx_HAL_Driver/Src/stm32f0xx_hal_tim.o
                0x080089f4                TIM_Base_SetConfig
 .text.TIM_OC1_SetConfig
                0x08008ae0       0xfc ./Drivers/STM32F0xx_HAL_Driver/Src/stm32f0xx_hal_tim.o
 .text.TIM_OC2_SetConfig
                0x08008bdc       0xfc ./Drivers/STM32F0xx_HAL_Driver/Src/stm32f0xx_hal_tim.o
                0x08008bdc                TIM_OC2_SetConfig
 .text.TIM_OC3_SetConfig
                0x08008cd8      0x100 ./Drivers/STM32F0xx_HAL_Driver/Src/stm32f0xx_hal_tim.o
 .text.TIM_OC4_SetConfig
                0x08008dd8       0xc8 ./Drivers/STM32F0xx_HAL_Driver/Src/stm32f0xx_hal_tim.o
 .text.TIM_TI1_ConfigInputStage
                0x08008ea0       0x5c ./Drivers/STM32F0xx_HAL_Driver/Src/stm32f0xx_hal_tim.o
 .text.TIM_TI2_ConfigInputStage
                0x08008efc       0x64 ./Drivers/STM32F0xx_HAL_Driver/Src/stm32f0xx_hal_tim.o
 .text.TIM_ITRx_SetConfig
                0x08008f60       0x32 ./Drivers/STM32F0xx_HAL_Driver/Src/stm32f0xx_hal_tim.o
 *fill*         0x08008f92        0x2 
 .text.TIM_ETR_SetConfig
                0x08008f94       0x40 ./Drivers/STM32F0xx_HAL_Driver/Src/stm32f0xx_hal_tim.o
                0x08008f94                TIM_ETR_SetConfig
 .text.TIM_CCxChannelCmd
                0x08008fd4       0x46 ./Drivers/STM32F0xx_HAL_Driver/Src/stm32f0xx_hal_tim.o
                0x08008fd4                TIM_CCxChannelCmd
 *fill*         0x0800901a        0x2 
 .text.HAL_TIMEx_MasterConfigSynchronization
                0x0800901c       0xb0 ./Drivers/STM32F0xx_HAL_Driver/Src/stm32f0xx_hal_tim_ex.o
                0x0800901c                HAL_TIMEx_MasterConfigSynchronization
 .text.USB_EnableGlobalInt
                0x080090cc       0x2c ./Drivers/STM32F0xx_HAL_Driver/Src/stm32f0xx_ll_usb.o
                0x080090cc                USB_EnableGlobalInt
 .text.USB_DisableGlobalInt
                0x080090f8       0x34 ./Drivers/STM32F0xx_HAL_Driver/Src/stm32f0xx_ll_usb.o
                0x080090f8                USB_DisableGlobalInt
 .text.USB_DevInit
                0x0800912c       0x4e ./Drivers/STM32F0xx_HAL_Driver/Src/stm32f0xx_ll_usb.o
                0x0800912c                USB_DevInit
 *fill*         0x0800917a        0x2 
 .text.USB_ActivateEndpoint
                0x0800917c      0x744 ./Drivers/STM32F0xx_HAL_Driver/Src/stm32f0xx_ll_usb.o
                0x0800917c                USB_ActivateEndpoint
 .text.USB_DeactivateEndpoint
                0x080098c0      0x380 ./Drivers/STM32F0xx_HAL_Driver/Src/stm32f0xx_ll_usb.o
                0x080098c0                USB_DeactivateEndpoint
 .text.USB_EPStartXfer
                0x08009c40     0x1270 ./Drivers/STM32F0xx_HAL_Driver/Src/stm32f0xx_ll_usb.o
                0x08009c40                USB_EPStartXfer
 .text.USB_EPSetStall
                0x0800aeb0       0xa0 ./Drivers/STM32F0xx_HAL_Driver/Src/stm32f0xx_ll_usb.o
                0x0800aeb0                USB_EPSetStall
 .text.USB_EPClearStall
                0x0800af50      0x164 ./Drivers/STM32F0xx_HAL_Driver/Src/stm32f0xx_ll_usb.o
                0x0800af50                USB_EPClearStall
 .text.USB_SetDevAddress
                0x0800b0b4       0x28 ./Drivers/STM32F0xx_HAL_Driver/Src/stm32f0xx_ll_usb.o
                0x0800b0b4                USB_SetDevAddress
 .text.USB_DevConnect
                0x0800b0dc       0x2c ./Drivers/STM32F0xx_HAL_Driver/Src/stm32f0xx_ll_usb.o
                0x0800b0dc                USB_DevConnect
 .text.USB_ReadInterrupts
                0x0800b108       0x1c ./Drivers/STM32F0xx_HAL_Driver/Src/stm32f0xx_ll_usb.o
                0x0800b108                USB_ReadInterrupts
 .text.USB_WritePMA
                0x0800b124       0x94 ./Drivers/STM32F0xx_HAL_Driver/Src/stm32f0xx_ll_usb.o
                0x0800b124                USB_WritePMA
 .text.USB_ReadPMA
                0x0800b1b8       0x9e ./Drivers/STM32F0xx_HAL_Driver/Src/stm32f0xx_ll_usb.o
                0x0800b1b8                USB_ReadPMA
 .text.USBD_Init
                0x0800b256       0x62 ./Middlewares/ST/STM32_USB_Device_Library/Core/Src/usbd_core.o
                0x0800b256                USBD_Init
 .text.USBD_RegisterClass
                0x0800b2b8       0x40 ./Middlewares/ST/STM32_USB_Device_Library/Core/Src/usbd_core.o
                0x0800b2b8                USBD_RegisterClass
 .text.USBD_Start
                0x0800b2f8       0x1a ./Middlewares/ST/STM32_USB_Device_Library/Core/Src/usbd_core.o
                0x0800b2f8                USBD_Start
 .text.USBD_RunTestMode
                0x0800b312       0x12 ./Middlewares/ST/STM32_USB_Device_Library/Core/Src/usbd_core.o
                0x0800b312                USBD_RunTestMode
 .text.USBD_SetClassConfig
                0x0800b324       0x4e ./Middlewares/ST/STM32_USB_Device_Library/Core/Src/usbd_core.o
                0x0800b324                USBD_SetClassConfig
 .text.USBD_ClrClassConfig
                0x0800b372       0x2c ./Middlewares/ST/STM32_USB_Device_Library/Core/Src/usbd_core.o
                0x0800b372                USBD_ClrClassConfig
 *fill*         0x0800b39e        0x2 
 .text.USBD_LL_SetupStage
                0x0800b3a0       0xbc ./Middlewares/ST/STM32_USB_Device_Library/Core/Src/usbd_core.o
                0x0800b3a0                USBD_LL_SetupStage
 .text.USBD_LL_DataOutStage
                0x0800b45c      0x104 ./Middlewares/ST/STM32_USB_Device_Library/Core/Src/usbd_core.o
                0x0800b45c                USBD_LL_DataOutStage
 .text.USBD_LL_DataInStage
                0x0800b560      0x17a ./Middlewares/ST/STM32_USB_Device_Library/Core/Src/usbd_core.o
                0x0800b560                USBD_LL_DataInStage
 .text.USBD_LL_Reset
                0x0800b6da       0x90 ./Middlewares/ST/STM32_USB_Device_Library/Core/Src/usbd_core.o
                0x0800b6da                USBD_LL_Reset
 .text.USBD_LL_SetSpeed
                0x0800b76a       0x20 ./Middlewares/ST/STM32_USB_Device_Library/Core/Src/usbd_core.o
                0x0800b76a                USBD_LL_SetSpeed
 *fill*         0x0800b78a        0x2 
 .text.USBD_LL_Suspend
                0x0800b78c       0x30 ./Middlewares/ST/STM32_USB_Device_Library/Core/Src/usbd_core.o
                0x0800b78c                USBD_LL_Suspend
 .text.USBD_LL_Resume
                0x0800b7bc       0x30 ./Middlewares/ST/STM32_USB_Device_Library/Core/Src/usbd_core.o
                0x0800b7bc                USBD_LL_Resume
 .text.USBD_LL_SOF
                0x0800b7ec       0x3c ./Middlewares/ST/STM32_USB_Device_Library/Core/Src/usbd_core.o
                0x0800b7ec                USBD_LL_SOF
 .text.USBD_StdDevReq
                0x0800b828       0xe4 ./Middlewares/ST/STM32_USB_Device_Library/Core/Src/usbd_ctlreq.o
                0x0800b828                USBD_StdDevReq
 .text.USBD_StdItfReq
                0x0800b90c       0xae ./Middlewares/ST/STM32_USB_Device_Library/Core/Src/usbd_ctlreq.o
                0x0800b90c                USBD_StdItfReq
 .text.USBD_StdEPReq
                0x0800b9ba      0x36c ./Middlewares/ST/STM32_USB_Device_Library/Core/Src/usbd_ctlreq.o
                0x0800b9ba                USBD_StdEPReq
 *fill*         0x0800bd26        0x2 
 .text.USBD_GetDescriptor
                0x0800bd28      0x364 ./Middlewares/ST/STM32_USB_Device_Library/Core/Src/usbd_ctlreq.o
 .text.USBD_SetAddress
                0x0800c08c       0xa8 ./Middlewares/ST/STM32_USB_Device_Library/Core/Src/usbd_ctlreq.o
 .text.USBD_SetConfig
                0x0800c134      0x148 ./Middlewares/ST/STM32_USB_Device_Library/Core/Src/usbd_ctlreq.o
 .text.USBD_GetConfig
                0x0800c27c       0x76 ./Middlewares/ST/STM32_USB_Device_Library/Core/Src/usbd_ctlreq.o
 .text.USBD_GetStatus
                0x0800c2f2       0x74 ./Middlewares/ST/STM32_USB_Device_Library/Core/Src/usbd_ctlreq.o
 .text.USBD_SetFeature
                0x0800c366       0x2c ./Middlewares/ST/STM32_USB_Device_Library/Core/Src/usbd_ctlreq.o
 .text.USBD_ClrFeature
                0x0800c392       0x4c ./Middlewares/ST/STM32_USB_Device_Library/Core/Src/usbd_ctlreq.o
 .text.USBD_ParseSetupRequest
                0x0800c3de       0x70 ./Middlewares/ST/STM32_USB_Device_Library/Core/Src/usbd_ctlreq.o
                0x0800c3de                USBD_ParseSetupRequest
 .text.USBD_CtlError
                0x0800c44e       0x26 ./Middlewares/ST/STM32_USB_Device_Library/Core/Src/usbd_ctlreq.o
                0x0800c44e                USBD_CtlError
 .text.USBD_GetString
                0x0800c474       0x9c ./Middlewares/ST/STM32_USB_Device_Library/Core/Src/usbd_ctlreq.o
                0x0800c474                USBD_GetString
 .text.USBD_GetLen
                0x0800c510       0x3a ./Middlewares/ST/STM32_USB_Device_Library/Core/Src/usbd_ctlreq.o
 .text.USBD_CtlSendData
                0x0800c54a       0x40 ./Middlewares/ST/STM32_USB_Device_Library/Core/Src/usbd_ioreq.o
                0x0800c54a                USBD_CtlSendData
 .text.USBD_CtlContinueSendData
                0x0800c58a       0x26 ./Middlewares/ST/STM32_USB_Device_Library/Core/Src/usbd_ioreq.o
                0x0800c58a                USBD_CtlContinueSendData
 .text.USBD_CtlContinueRx
                0x0800c5b0       0x26 ./Middlewares/ST/STM32_USB_Device_Library/Core/Src/usbd_ioreq.o
                0x0800c5b0                USBD_CtlContinueRx
 .text.USBD_CtlSendStatus
                0x0800c5d6       0x28 ./Middlewares/ST/STM32_USB_Device_Library/Core/Src/usbd_ioreq.o
                0x0800c5d6                USBD_CtlSendStatus
 .text.USBD_CtlReceiveStatus
                0x0800c5fe       0x28 ./Middlewares/ST/STM32_USB_Device_Library/Core/Src/usbd_ioreq.o
                0x0800c5fe                USBD_CtlReceiveStatus
 *fill*         0x0800c626        0x2 
 .text.MX_USB_DEVICE_Init
                0x0800c628       0x68 ./USB_DEVICE/App/usb_device.o
                0x0800c628                MX_USB_DEVICE_Init
 .text.USBD_FS_DeviceDescriptor
                0x0800c690       0x24 ./USB_DEVICE/App/usbd_desc.o
                0x0800c690                USBD_FS_DeviceDescriptor
 .text.USBD_FS_LangIDStrDescriptor
                0x0800c6b4       0x24 ./USB_DEVICE/App/usbd_desc.o
                0x0800c6b4                USBD_FS_LangIDStrDescriptor
 .text.USBD_FS_ProductStrDescriptor
                0x0800c6d8       0x44 ./USB_DEVICE/App/usbd_desc.o
                0x0800c6d8                USBD_FS_ProductStrDescriptor
 .text.USBD_FS_ManufacturerStrDescriptor
                0x0800c71c       0x2c ./USB_DEVICE/App/usbd_desc.o
                0x0800c71c                USBD_FS_ManufacturerStrDescriptor
 .text.USBD_FS_SerialStrDescriptor
                0x0800c748       0x28 ./USB_DEVICE/App/usbd_desc.o
                0x0800c748                USBD_FS_SerialStrDescriptor
 .text.USBD_FS_ConfigStrDescriptor
                0x0800c770       0x44 ./USB_DEVICE/App/usbd_desc.o
                0x0800c770                USBD_FS_ConfigStrDescriptor
 .text.USBD_FS_InterfaceStrDescriptor
                0x0800c7b4       0x44 ./USB_DEVICE/App/usbd_desc.o
                0x0800c7b4                USBD_FS_InterfaceStrDescriptor
 .text.Get_SerialNum
                0x0800c7f8       0x5c ./USB_DEVICE/App/usbd_desc.o
 .text.IntToUnicode
                0x0800c854       0x96 ./USB_DEVICE/App/usbd_desc.o
 .text.USBD_MIDI_Init
                0x0800c8ea       0x9a ./USB_DEVICE/App/usbd_midi.o
 .text.USBD_MIDI_DeInit
                0x0800c984       0x5c ./USB_DEVICE/App/usbd_midi.o
 .text.USBD_MIDI_Setup
                0x0800c9e0       0x2e ./USB_DEVICE/App/usbd_midi.o
 *fill*         0x0800ca0e        0x2 
 .text.USBD_MIDI_DataIn
                0x0800ca10       0x38 ./USB_DEVICE/App/usbd_midi.o
 .text.USBD_MIDI_DataOut
                0x0800ca48       0x70 ./USB_DEVICE/App/usbd_midi.o
 .text.USBD_MIDI_GetFSCfgDesc
                0x0800cab8       0x1c ./USB_DEVICE/App/usbd_midi.o
 .text.USBD_MIDI_RegisterInterface
                0x0800cad4       0x28 ./USB_DEVICE/App/usbd_midi.o
                0x0800cad4                USBD_MIDI_RegisterInterface
 .text.USBD_MIDI_SetTxBuffer
                0x0800cafc       0x30 ./USB_DEVICE/App/usbd_midi.o
                0x0800cafc                USBD_MIDI_SetTxBuffer
 .text.USBD_MIDI_TransmitPacket
                0x0800cb2c       0x42 ./USB_DEVICE/App/usbd_midi.o
                0x0800cb2c                USBD_MIDI_TransmitPacket
 .text.USBD_MIDI_IsTxBusy
                0x0800cb6e       0x3e ./USB_DEVICE/App/usbd_midi.o
                0x0800cb6e                USBD_MIDI_IsTxBusy
 .text.USBD_MIDI_SetRxBuffer
                0x0800cbac       0x24 ./USB_DEVICE/App/usbd_midi.o
                0x0800cbac                USBD_MIDI_SetRxBuffer
 .text.USBD_MIDI_ReceivePacket
                0x0800cbd0       0x38 ./USB_DEVICE/App/usbd_midi.o
                0x0800cbd0                USBD_MIDI_ReceivePacket
 .text.MIDI_Init_FS
                0x0800cc08       0x30 ./USB_DEVICE/App/usbd_midi_if.o
 .text.MIDI_DeInit_FS
                0x0800cc38        0xc ./USB_DEVICE/App/usbd_midi_if.o
 .text.MIDI_Receive_FS
                0x0800cc44      0x21c ./USB_DEVICE/App/usbd_midi_if.o
 .text.decode_payload_7bit_fixed
                0x0800ce60      0x100 ./USB_DEVICE/App/usbd_midi_if.o
 .text.encode_payload_7bit_fixed
                0x0800cf60      0x142 ./USB_DEVICE/App/usbd_midi_if.o
 *fill*         0x0800d0a2        0x2 
 .text.MIDI_SetBufferType_FS
                0x0800d0a4       0x20 ./USB_DEVICE/App/usbd_midi_if.o
                0x0800d0a4                MIDI_SetBufferType_FS
 .text.MIDI_GetBufferType_FS
                0x0800d0c4       0x14 ./USB_DEVICE/App/usbd_midi_if.o
                0x0800d0c4                MIDI_GetBufferType_FS
 .text.MIDI_GetRxBufferBytesAvailable_FS
                0x0800d0d8       0x24 ./USB_DEVICE/App/usbd_midi_if.o
                0x0800d0d8                MIDI_GetRxBufferBytesAvailable_FS
 .text.MIDI_ReadRxBuffer_FS
                0x0800d0fc       0x88 ./USB_DEVICE/App/usbd_midi_if.o
                0x0800d0fc                MIDI_ReadRxBuffer_FS
 .text.MIDI_FlushRxBuffer_FS
                0x0800d184       0x30 ./USB_DEVICE/App/usbd_midi_if.o
                0x0800d184                MIDI_FlushRxBuffer_FS
 .text.MIDI_InitRxBuffer_FS
                0x0800d1b4       0x30 ./USB_DEVICE/App/usbd_midi_if.o
                0x0800d1b4                MIDI_InitRxBuffer_FS
 .text.MIDI_FreeRxBuffer_FS
                0x0800d1e4       0x20 ./USB_DEVICE/App/usbd_midi_if.o
                0x0800d1e4                MIDI_FreeRxBuffer_FS
 .text.MIDI_QueueStatusPacket_FS
                0x0800d204       0x2c ./USB_DEVICE/App/usbd_midi_if.o
                0x0800d204                MIDI_QueueStatusPacket_FS
 .text.MIDI_PollTx_FS
                0x0800d230       0x44 ./USB_DEVICE/App/usbd_midi_if.o
                0x0800d230                MIDI_PollTx_FS
 .text.MIDI_SendStatusPacket_FS
                0x0800d274       0x8c ./USB_DEVICE/App/usbd_midi_if.o
                0x0800d274                MIDI_SendStatusPacket_FS
 .text.MIDI_SendResponsePkt_FS
                0x0800d300      0x1b8 ./USB_DEVICE/App/usbd_midi_if.o
                0x0800d300                MIDI_SendResponsePkt_FS
 .text.MIDI_TrySendResponsePkt_FS
                0x0800d4b8      0x164 ./USB_DEVICE/App/usbd_midi_if.o
                0x0800d4b8                MIDI_TrySendResponsePkt_FS
 .text.HAL_PCD_MspInit
                0x0800d61c       0x50 ./USB_DEVICE/Target/usbd_conf.o
                0x0800d61c                HAL_PCD_MspInit
 .text.HAL_PCD_SetupStageCallback
                0x0800d66c       0x2a ./USB_DEVICE/Target/usbd_conf.o
                0x0800d66c                HAL_PCD_SetupStageCallback
 .text.HAL_PCD_DataOutStageCallback
                0x0800d696       0x42 ./USB_DEVICE/Target/usbd_conf.o
                0x0800d696                HAL_PCD_DataOutStageCallback
 .text.HAL_PCD_DataInStageCallback
                0x0800d6d8       0x3c ./USB_DEVICE/Target/usbd_conf.o
                0x0800d6d8                HAL_PCD_DataInStageCallback
 .text.HAL_PCD_SOFCallback
                0x0800d714       0x1e ./USB_DEVICE/Target/usbd_conf.o
                0x0800d714                HAL_PCD_SOFCallback
 .text.HAL_PCD_ResetCallback
                0x0800d732       0x48 ./USB_DEVICE/Target/usbd_conf.o
                0x0800d732                HAL_PCD_ResetCallback
 *fill*         0x0800d77a        0x2 
 .text.HAL_PCD_SuspendCallback
                0x0800d77c       0x38 ./USB_DEVICE/Target/usbd_conf.o
                0x0800d77c                HAL_PCD_SuspendCallback
 .text.HAL_PCD_ResumeCallback
                0x0800d7b4       0x3c ./USB_DEVICE/Target/usbd_conf.o
                0x0800d7b4                HAL_PCD_ResumeCallback
 .text.USBD_LL_Init
                0x0800d7f0       0xb0 ./USB_DEVICE/Target/usbd_conf.o
                0x0800d7f0                USBD_LL_Init
 .text.USBD_LL_Start
                0x0800d8a0       0x4a ./USB_DEVICE/Target/usbd_conf.o
                0x0800d8a0                USBD_LL_Start
 .text.USBD_LL_OpenEP
                0x0800d8ea       0x6e ./USB_DEVICE/Target/usbd_conf.o
                0x0800d8ea                USBD_LL_OpenEP
 .text.USBD_LL_CloseEP
                0x0800d958       0x56 ./USB_DEVICE/Target/usbd_conf.o
                0x0800d958                USBD_LL_CloseEP
 .text.USBD_LL_StallEP
                0x0800d9ae       0x56 ./USB_DEVICE/Target/usbd_conf.o
                0x0800d9ae                USBD_LL_StallEP
 .text.USBD_LL_ClearStallEP
                0x0800da04       0x56 ./USB_DEVICE/Target/usbd_conf.o
                0x0800da04                USBD_LL_ClearStallEP
 .text.USBD_LL_IsStallEP
                0x0800da5a       0x62 ./USB_DEVICE/Target/usbd_conf.o
                0x0800da5a                USBD_LL_IsStallEP
 .text.USBD_LL_SetUSBAddress
                0x0800dabc       0x56 ./USB_DEVICE/Target/usbd_conf.o
                0x0800dabc                USBD_LL_SetUSBAddress
 .text.USBD_LL_Transmit
                0x0800db12       0x6e ./USB_DEVICE/Target/usbd_conf.o
                0x0800db12                USBD_LL_Transmit
 .text.USBD_LL_PrepareReceive
                0x0800db80       0x6e ./USB_DEVICE/Target/usbd_conf.o
                0x0800db80                USBD_LL_PrepareReceive
 .text.USBD_LL_GetRxDataSize
                0x0800dbee       0x2c ./USB_DEVICE/Target/usbd_conf.o
                0x0800dbee                USBD_LL_GetRxDataSize
 *fill*         0x0800dc1a        0x2 
 .text.USBD_static_malloc
                0x0800dc1c       0x18 ./USB_DEVICE/Target/usbd_conf.o
                0x0800dc1c                USBD_static_malloc
 .text.USBD_static_free
                0x0800dc34       0x10 ./USB_DEVICE/Target/usbd_conf.o
                0x0800dc34                USBD_static_free
 .text.SystemClockConfig_Resume
                0x0800dc44        0xe ./USB_DEVICE/Target/usbd_conf.o
 .text.USBD_Get_USB_Status
                0x0800dc52       0x6e ./USB_DEVICE/Target/usbd_conf.o
 .text.memset   0x0800dcc0       0x10 /Applications/STM32CubeIDE.app/Contents/Eclipse/plugins/com.st.stm32cube.ide.mcu.externaltools.gnu-tools-for-stm32.14.3.rel1.macos64_1.0.100.202602081740/tools/bin/../lib/gcc/arm-none-eabi/14.3.1/../../../../arm-none-eabi/lib/thumb/v6-m/nofp/libc_nano.a(libc_a-memset.o)
                0x0800dcc0                memset
 .text.__libc_init_array
                0x0800dcd0       0x48 /Applications/STM32CubeIDE.app/Contents/Eclipse/plugins/com.st.stm32cube.ide.mcu.externaltools.gnu-tools-for-stm32.14.3.rel1.macos64_1.0.100.202602081740/tools/bin/../lib/gcc/arm-none-eabi/14.3.1/../../../../arm-none-eabi/lib/thumb/v6-m/nofp/libc_nano.a(libc_a-init.o)
                0x0800dcd0                __libc_init_array
 .text.memcpy   0x0800dd18       0x12 /Applications/STM32CubeIDE.app/Contents/Eclipse/plugins/com.st.stm32cube.ide.mcu.externaltools.gnu-tools-for-stm32.14.3.rel1.macos64_1.0.100.202602081740/tools/bin/../lib/gcc/arm-none-eabi/14.3.1/../../../../arm-none-eabi/lib/thumb/v6-m/nofp/libc_nano.a(libc_a-memcpy-stub.o)
                0x0800dd18                memcpy
 *(.glue_7)
 .glue_7        0x0800dd2a        0x0 linker stubs
 *(.glue_7t)
 .glue_7t       0x0800dd2a        0x0 linker stubs
 *(.eh_frame)
 *fill*         0x0800dd2a        0x2 
 .eh_frame      0x0800dd2c        0x0 /Applications/STM32CubeIDE.app/Contents/Eclipse/plugins/com.st.stm32cube.ide.mcu.externaltools.gnu-tools-for-stm32.14.3.rel1.macos64_1.0.100.202602081740/tools/bin/../lib/gcc/arm-none-eabi/14.3.1/thumb/v6-m/nofp/crtbegin.o
 *(.init)
 .init          0x0800dd2c        0x4 /Applications/STM32CubeIDE.app/Contents/Eclipse/plugins/com.st.stm32cube.ide.mcu.externaltools.gnu-tools-for-stm32.14.3.rel1.macos64_1.0.100.202602081740/tools/bin/../lib/gcc/arm-none-eabi/14.3.1/thumb/v6-m/nofp/crti.o
                0x0800dd2c                _init
 .init          0x0800dd30        0x8 /Applications/STM32CubeIDE.app/Contents/Eclipse/plugins/com.st.stm32cube.ide.mcu.externaltools.gnu-tools-for-stm32.14.3.rel1.macos64_1.0.100.202602081740/tools/bin/../lib/gcc/arm-none-eabi/14.3.1/thumb/v6-m/nofp/crtn.o
 *(.fini)
 .fini          0x0800dd38        0x4 /Applications/STM32CubeIDE.app/Contents/Eclipse/plugins/com.st.stm32cube.ide.mcu.externaltools.gnu-tools-for-stm32.14.3.rel1.macos64_1.0.100.202602081740/tools/bin/../lib/gcc/arm-none-eabi/14.3.1/thumb/v6-m/nofp/crti.o
                0x0800dd38                _fini
 .fini          0x0800dd3c        0x8 /Applications/STM32CubeIDE.app/Contents/Eclipse/plugins/com.st.stm32cube.ide.mcu.externaltools.gnu-tools-for-stm32.14.3.rel1.macos64_1.0.100.202602081740/tools/bin/../lib/gcc/arm-none-eabi/14.3.1/thumb/v6-m/nofp/crtn.o
 *fill*         0x0800dd44        0x4 
 .fini.__stub   0x0800dd48       0x10 linker stubs
                0x0800dd58                        . = ALIGN (0x4)
                0x0800dd58                        _etext = .

.vfp11_veneer   0x0800dd58        0x0
 .vfp11_veneer  0x0800dd58        0x0 linker stubs

.v4_bx          0x0800dd58        0x0
 .v4_bx         0x0800dd58        0x0 linker stubs

.iplt           0x0800dd58        0x0
 .iplt          0x0800dd58        0x0 /Applications/STM32CubeIDE.app/Contents/Eclipse/plugins/com.st.stm32cube.ide.mcu.externaltools.gnu-tools-for-stm32.14.3.rel1.macos64_1.0.100.202602081740/tools/bin/../lib/gcc/arm-none-eabi/14.3.1/thumb/v6-m/nofp/crtbegin.o

.rodata         0x0800dd58      0x2ec
                0x0800dd58                        . = ALIGN (0x4)
 *(.rodata)
 .rodata        0x0800dd58       0x36 ./USB_DEVICE/App/usbd_desc.o
 *(.rodata*)
 *fill*         0x0800dd8e        0x2 
 .rodata.pwm_route_from_pin
                0x0800dd90       0x20 ./Core/Src/main.o
 .rodata.main   0x0800ddb0      0x204 ./Core/Src/main.o
 .rodata.AHBPrescTable
                0x0800dfb4       0x10 ./Core/Src/system_stm32f0xx.o
                0x0800dfb4                AHBPrescTable
 .rodata.aPLLMULFactorTable.1
                0x0800dfc4       0x10 ./Drivers/STM32F0xx_HAL_Driver/Src/stm32f0xx_hal_rcc.o
 .rodata.aPredivFactorTable.0
                0x0800dfd4       0x10 ./Drivers/STM32F0xx_HAL_Driver/Src/stm32f0xx_hal_rcc.o
 .rodata.USBD_StdDevReq
                0x0800dfe4       0x28 ./Middlewares/ST/STM32_USB_Device_Library/Core/Src/usbd_ctlreq.o
 .rodata.USBD_GetDescriptor
                0x0800e00c       0x38 ./Middlewares/ST/STM32_USB_Device_Library/Core/Src/usbd_ctlreq.o
                0x0800e044                        . = ALIGN (0x4)

.rel.dyn        0x0800e044        0x0
 .rel.iplt      0x0800e044        0x0 /Applications/STM32CubeIDE.app/Contents/Eclipse/plugins/com.st.stm32cube.ide.mcu.externaltools.gnu-tools-for-stm32.14.3.rel1.macos64_1.0.100.202602081740/tools/bin/../lib/gcc/arm-none-eabi/14.3.1/thumb/v6-m/nofp/crtbegin.o

.ARM.extab      0x0800e044        0x0
                0x0800e044                        . = ALIGN (0x4)
 *(.ARM.extab* .gnu.linkonce.armextab.*)
                0x0800e044                        . = ALIGN (0x4)

.ARM            0x0800e044        0x0
                0x0800e044                        . = ALIGN (0x4)
                0x0800e044                        __exidx_start = .
 *(.ARM.exidx*)
                0x0800e044                        __exidx_end = .
                0x0800e044                        . = ALIGN (0x4)

.preinit_array  0x0800e044        0x0
                0x0800e044                        . = ALIGN (0x4)
                0x0800e044                        PROVIDE (__preinit_array_start = .)
 *(.preinit_array*)
                0x0800e044                        PROVIDE (__preinit_array_end = .)
                0x0800e044                        . = ALIGN (0x4)

.init_array     0x0800e044        0x4
                0x0800e044                        . = ALIGN (0x4)
                0x0800e044                        PROVIDE (__init_array_start = .)
 *(SORT_BY_NAME(.init_array.*))
 *(.init_array*)
 .init_array    0x0800e044        0x4 /Applications/STM32CubeIDE.app/Contents/Eclipse/plugins/com.st.stm32cube.ide.mcu.externaltools.gnu-tools-for-stm32.14.3.rel1.macos64_1.0.100.202602081740/tools/bin/../lib/gcc/arm-none-eabi/14.3.1/thumb/v6-m/nofp/crtbegin.o
                0x0800e048                        PROVIDE (__init_array_end = .)
                0x0800e048                        . = ALIGN (0x4)

.fini_array     0x0800e048        0x4
                0x0800e048                        . = ALIGN (0x4)
                [!provide]                        PROVIDE (__fini_array_start = .)
 *(SORT_BY_NAME(.fini_array.*))
 *(.fini_array*)
 .fini_array    0x0800e048        0x4 /Applications/STM32CubeIDE.app/Contents/Eclipse/plugins/com.st.stm32cube.ide.mcu.externaltools.gnu-tools-for-stm32.14.3.rel1.macos64_1.0.100.202602081740/tools/bin/../lib/gcc/arm-none-eabi/14.3.1/thumb/v6-m/nofp/crtbegin.o
                [!provide]                        PROVIDE (__fini_array_end = .)
                0x0800e04c                        . = ALIGN (0x4)
                0x0800e04c                        _sidata = LOADADDR (.data)

.data           0x20000000      0x230 load address 0x0800e04c
                0x20000000                        . = ALIGN (0x4)
                0x20000000                        _sdata = .
 *(.data)
 *(.data*)
 .data.samplerPort
                0x20000000        0x4 ./Core/Src/main.o
 .data.samplerPin
                0x20000004        0x2 ./Core/Src/main.o
 *fill*         0x20000006        0x2 
 .data.selectedChannel
                0x20000008        0x4 ./Core/Src/main.o
                0x20000008                selectedChannel
 .data.selectedChannelMask
                0x2000000c        0x2 ./Core/Src/main.o
                0x2000000c                selectedChannelMask
 .data.emw_tick_us
                0x2000000e        0x1 ./Core/Src/main.o
 *fill*         0x2000000f        0x1 
 .data.uart1_baud
                0x20000010        0x4 ./Core/Src/main.o
 .data.i2c1_hz  0x20000014        0x4 ./Core/Src/main.o
 .data.SystemCoreClock
                0x20000018        0x4 ./Core/Src/system_stm32f0xx.o
                0x20000018                SystemCoreClock
 .data.uwTickPrio
                0x2000001c        0x4 ./Drivers/STM32F0xx_HAL_Driver/Src/stm32f0xx_hal.o
                0x2000001c                uwTickPrio
 .data.uwTickFreq
                0x20000020        0x1 ./Drivers/STM32F0xx_HAL_Driver/Src/stm32f0xx_hal.o
                0x20000020                uwTickFreq
 *fill*         0x20000021        0x3 
 .data.FS_Desc  0x20000024       0x1c ./USB_DEVICE/App/usbd_desc.o
                0x20000024                FS_Desc
 .data.USBD_FS_DeviceDesc
                0x20000040       0x12 ./USB_DEVICE/App/usbd_desc.o
                0x20000040                USBD_FS_DeviceDesc
 *fill*         0x20000052        0x2 
 .data.USBD_LangIDDesc
                0x20000054        0x4 ./USB_DEVICE/App/usbd_desc.o
                0x20000054                USBD_LangIDDesc
 .data.USBD_StringSerial
                0x20000058       0x1a ./USB_DEVICE/App/usbd_desc.o
                0x20000058                USBD_StringSerial
 *fill*         0x20000072        0x2 
 .data.USBD_MIDI_CfgFSDesc
                0x20000074       0x61 ./USB_DEVICE/App/usbd_midi.o
 *fill*         0x200000d5        0x3 
 .data.USBD_MIDI
                0x200000d8       0x38 ./USB_DEVICE/App/usbd_midi.o
                0x200000d8                USBD_MIDI
 .data.USBD_MIDI_Interface_fops_FS
                0x20000110        0xc ./USB_DEVICE/App/usbd_midi_if.o
                0x20000110                USBD_MIDI_Interface_fops_FS
 *(.RamFunc)
 .RamFunc       0x2000011c      0x104 ./Core/Src/main.o
 .RamFunc.__stub
                0x20000220       0x10 linker stubs
 *(.RamFunc*)
                0x20000230                        . = ALIGN (0x4)
                0x20000230                        _edata = .

.igot.plt       0x20000230        0x0 load address 0x0800e27c
 .igot.plt      0x20000230        0x0 /Applications/STM32CubeIDE.app/Contents/Eclipse/plugins/com.st.stm32cube.ide.mcu.externaltools.gnu-tools-for-stm32.14.3.rel1.macos64_1.0.100.202602081740/tools/bin/../lib/gcc/arm-none-eabi/14.3.1/thumb/v6-m/nofp/crtbegin.o
                0x20000230                        . = ALIGN (0x4)

.bss            0x20000230      0xd70 load address 0x0800e27c
                0x20000230                        _sbss = .
                0x20000230                        __bss_start__ = _sbss
 *(.bss)
 .bss           0x20000230       0x1c /Applications/STM32CubeIDE.app/Contents/Eclipse/plugins/com.st.stm32cube.ide.mcu.externaltools.gnu-tools-for-stm32.14.3.rel1.macos64_1.0.100.202602081740/tools/bin/../lib/gcc/arm-none-eabi/14.3.1/thumb/v6-m/nofp/crtbegin.o
 *(.bss*)
 .bss.hspi1     0x2000024c       0x64 ./Core/Src/main.o
                0x2000024c                hspi1
 .bss.htim1     0x200002b0       0x48 ./Core/Src/main.o
                0x200002b0                htim1
 .bss.htim2     0x200002f8       0x48 ./Core/Src/main.o
                0x200002f8                htim2
 .bss.htim3     0x20000340       0x48 ./Core/Src/main.o
                0x20000340                htim3
 .bss.midi_packet
                0x20000388       0x12 ./Core/Src/main.o
                0x20000388                midi_packet
 .bss.midi_packet_ready
                0x2000039a        0x1 ./Core/Src/main.o
                0x2000039a                midi_packet_ready
 *fill*         0x2000039b        0x1 
 .bss.sampler_ring
                0x2000039c      0x120 ./Core/Src/main.o
 .bss.sampler_overflow_lane
                0x200004bc       0x12 ./Core/Src/main.o
 .bss.sampler_ring_head
                0x200004ce        0x1 ./Core/Src/main.o
 .bss.sampler_ring_tail
                0x200004cf        0x1 ./Core/Src/main.o
 .bss.sampler_ring_count
                0x200004d0        0x1 ./Core/Src/main.o
 .bss.sampler_overflow_active
                0x200004d1        0x1 ./Core/Src/main.o
 *fill*         0x200004d2        0x2 
 .bss.sampler_dropped_lanes
                0x200004d4        0x4 ./Core/Src/main.o
 .bss.sampler_bit_index
                0x200004d8        0x1 ./Core/Src/main.o
 .bss.sampler_byte_index
                0x200004d9        0x1 ./Core/Src/main.o
 .bss.sampler_current_byte
                0x200004da        0x1 ./Core/Src/main.o
 .bss.tx_bit_index
                0x200004db        0x1 ./Core/Src/main.o
 .bss.tx_current_byte
                0x200004dc        0x1 ./Core/Src/main.o
 .bss.tx_out_enabled
                0x200004dd        0x1 ./Core/Src/main.o
 .bss.emw_buf_type
                0x200004de        0x1 ./Core/Src/main.o
                0x200004de                emw_buf_type
 .bss.ism_mode  0x200004df        0x1 ./Core/Src/main.o
 .bss.pending_cmd_lane
                0x200004e0       0x12 ./Core/Src/main.o
                0x200004e0                pending_cmd_lane
 .bss.pending_cmd_ready
                0x200004f2        0x1 ./Core/Src/main.o
                0x200004f2                pending_cmd_ready
 .bss.adc_initialized
                0x200004f3        0x1 ./Core/Src/main.o
 .bss.bus_owner
                0x200004f4        0x1 ./Core/Src/main.o
 .bss.uart1_initialized
                0x200004f5        0x1 ./Core/Src/main.o
 .bss.i2c1_initialized
                0x200004f6        0x1 ./Core/Src/main.o
 *fill*         0x200004f7        0x1 
 .bss.uwTick    0x200004f8        0x4 ./Drivers/STM32F0xx_HAL_Driver/Src/stm32f0xx_hal.o
                0x200004f8                uwTick
 *fill*         0x200004fc        0x4 
 .bss.pFlash    0x20000500       0x20 ./Drivers/STM32F0xx_HAL_Driver/Src/stm32f0xx_hal_flash.o
                0x20000500                pFlash
 .bss.cfgidx.0  0x20000520        0x1 ./Middlewares/ST/STM32_USB_Device_Library/Core/Src/usbd_ctlreq.o
 *fill*         0x20000521        0x3 
 .bss.hUsbDeviceFS
                0x20000524      0x2c4 ./USB_DEVICE/App/usb_device.o
                0x20000524                hUsbDeviceFS
 .bss.USBD_StrDesc
                0x200007e8      0x200 ./USB_DEVICE/App/usbd_desc.o
                0x200007e8                USBD_StrDesc
 .bss.usbd_midi_data_in_count
                0x200009e8        0x4 ./USB_DEVICE/App/usbd_midi.o
 .bss.midi_rx_buf
                0x200009ec       0x40 ./USB_DEVICE/App/usbd_midi_if.o
 .bss.midi_tx_buf
                0x20000a2c       0x40 ./USB_DEVICE/App/usbd_midi_if.o
 .bss.rxBuffer  0x20000a6c      0x200 ./USB_DEVICE/App/usbd_midi_if.o
 .bss.rxBufferHeadPos
                0x20000c6c        0x2 ./USB_DEVICE/App/usbd_midi_if.o
 .bss.rxBufferTailPos
                0x20000c6e        0x2 ./USB_DEVICE/App/usbd_midi_if.o
 .bss.usb_tx_ok
                0x20000c70        0x4 ./USB_DEVICE/App/usbd_midi_if.o
 .bss.usb_tx_busy
                0x20000c74        0x4 ./USB_DEVICE/App/usbd_midi_if.o
 .bss.usb_tx_timeout
                0x20000c78        0x4 ./USB_DEVICE/App/usbd_midi_if.o
 .bss.usb_tx_fail
                0x20000c7c        0x4 ./USB_DEVICE/App/usbd_midi_if.o
 .bss.usb_rx_in
                0x20000c80        0x4 ./USB_DEVICE/App/usbd_midi_if.o
 .bss.pending_bs_status
                0x20000c84        0x2 ./USB_DEVICE/App/usbd_midi_if.o
 .bss.pending_bs_ready
                0x20000c86        0x1 ./USB_DEVICE/App/usbd_midi_if.o
 *fill*         0x20000c87        0x1 
 .bss.hpcd_USB_FS
                0x20000c88      0x2f4 ./USB_DEVICE/Target/usbd_conf.o
                0x20000c88                hpcd_USB_FS
 .bss.mem.0     0x20000f7c       0x24 ./USB_DEVICE/Target/usbd_conf.o
 *(COMMON)
                0x20000fa0                        . = ALIGN (0x4)
                0x20000fa0                        _ebss = .
                0x20000fa0                        __bss_end__ = _ebss

._user_heap_stack
                0x20000fa0      0x3e0 load address 0x0800e27c
                0x20000fa0                        . = ALIGN (0x8)
                [!provide]                        PROVIDE (end = .)
                0x20000fa0                        PROVIDE (_end = .)
                0x20000fa0                        . = (. + _Min_Heap_Size)
                0x20001380                        . = (. + _Min_Stack_Size)
 *fill*         0x20000fa0      0x3e0 
                0x20001380                        . = ALIGN (0x8)

/DISCARD/
 libc.a(*)
 libm.a(*)
 libgcc.a(*)

.ARM.attributes
                0x00000000       0x28
 *(.ARM.attributes)
 .ARM.attributes
                0x00000000       0x1e /Applications/STM32CubeIDE.app/Contents/Eclipse/plugins/com.st.stm32cube.ide.mcu.externaltools.gnu-tools-for-stm32.14.3.rel1.macos64_1.0.100.202602081740/tools/bin/../lib/gcc/arm-none-eabi/14.3.1/thumb/v6-m/nofp/crti.o
 .ARM.attributes
                0x0000001e       0x2c /Applications/STM32CubeIDE.app/Contents/Eclipse/plugins/com.st.stm32cube.ide.mcu.externaltools.gnu-tools-for-stm32.14.3.rel1.macos64_1.0.100.202602081740/tools/bin/../lib/gcc/arm-none-eabi/14.3.1/thumb/v6-m/nofp/crtbegin.o
 .ARM.attributes
                0x0000004a       0x2c ./Core/Src/main.o
 .ARM.attributes
                0x00000076       0x2c ./Core/Src/stm32f0xx_hal_msp.o
 .ARM.attributes
                0x000000a2       0x2c ./Core/Src/stm32f0xx_it.o
 .ARM.attributes
                0x000000ce       0x2c ./Core/Src/system_stm32f0xx.o
 .ARM.attributes
                0x000000fa       0x21 ./Core/Startup/startup_stm32f042g6ux.o
 .ARM.attributes
                0x0000011b       0x2c ./Drivers/STM32F0xx_HAL_Driver/Src/stm32f0xx_hal.o
 .ARM.attributes
                0x00000147       0x2c ./Drivers/STM32F0xx_HAL_Driver/Src/stm32f0xx_hal_cortex.o
 .ARM.attributes
                0x00000173       0x2c ./Drivers/STM32F0xx_HAL_Driver/Src/stm32f0xx_hal_flash.o
 .ARM.attributes
                0x0000019f       0x2c ./Drivers/STM32F0xx_HAL_Driver/Src/stm32f0xx_hal_flash_ex.o
 .ARM.attributes
                0x000001cb       0x2c ./Drivers/STM32F0xx_HAL_Driver/Src/stm32f0xx_hal_gpio.o
 .ARM.attributes
                0x000001f7       0x2c ./Drivers/STM32F0xx_HAL_Driver/Src/stm32f0xx_hal_pcd.o
 .ARM.attributes
                0x00000223       0x2c ./Drivers/STM32F0xx_HAL_Driver/Src/stm32f0xx_hal_pcd_ex.o
 .ARM.attributes
                0x0000024f       0x2c ./Drivers/STM32F0xx_HAL_Driver/Src/stm32f0xx_hal_rcc.o
 .ARM.attributes
                0x0000027b       0x2c ./Drivers/STM32F0xx_HAL_Driver/Src/stm32f0xx_hal_rcc_ex.o
 .ARM.attributes
                0x000002a7       0x2c ./Drivers/STM32F0xx_HAL_Driver/Src/stm32f0xx_hal_spi.o
 .ARM.attributes
                0x000002d3       0x2c ./Drivers/STM32F0xx_HAL_Driver/Src/stm32f0xx_hal_tim.o
 .ARM.attributes
                0x000002ff       0x2c ./Drivers/STM32F0xx_HAL_Driver/Src/stm32f0xx_hal_tim_ex.o
 .ARM.attributes
                0x0000032b       0x2c ./Drivers/STM32F0xx_HAL_Driver/Src/stm32f0xx_ll_usb.o
 .ARM.attributes
                0x00000357       0x2c ./Middlewares/ST/STM32_USB_Device_Library/Core/Src/usbd_core.o
 .ARM.attributes
                0x00000383       0x2c ./Middlewares/ST/STM32_USB_Device_Library/Core/Src/usbd_ctlreq.o
 .ARM.attributes
                0x000003af       0x2c ./Middlewares/ST/STM32_USB_Device_Library/Core/Src/usbd_ioreq.o
 .ARM.attributes
                0x000003db       0x2c ./USB_DEVICE/App/usb_device.o
 .ARM.attributes
                0x00000407       0x2c ./USB_DEVICE/App/usbd_desc.o
 .ARM.attributes
                0x00000433       0x2c ./USB_DEVICE/App/usbd_midi.o
 .ARM.attributes
                0x0000045f       0x2c ./USB_DEVICE/App/usbd_midi_if.o
 .ARM.attributes
                0x0000048b       0x2c ./USB_DEVICE/Target/usbd_conf.o
 .ARM.attributes
                0x000004b7       0x2c /Applications/STM32CubeIDE.app/Contents/Eclipse/plugins/com.st.stm32cube.ide.mcu.externaltools.gnu-tools-for-stm32.14.3.rel1.macos64_1.0.100.202602081740/tools/bin/../lib/gcc/arm-none-eabi/14.3.1/../../../../arm-none-eabi/lib/thumb/v6-m/nofp/libc_nano.a(libc_a-memset.o)
 .ARM.attributes
                0x000004e3       0x2c /Applications/STM32CubeIDE.app/Contents/Eclipse/plugins/com.st.stm32cube.ide.mcu.externaltools.gnu-tools-for-stm32.14.3.rel1.macos64_1.0.100.202602081740/tools/bin/../lib/gcc/arm-none-eabi/14.3.1/../../../../arm-none-eabi/lib/thumb/v6-m/nofp/libc_nano.a(libc_a-init.o)
 .ARM.attributes
                0x0000050f       0x2c /Applications/STM32CubeIDE.app/Contents/Eclipse/plugins/com.st.stm32cube.ide.mcu.externaltools.gnu-tools-for-stm32.14.3.rel1.macos64_1.0.100.202602081740/tools/bin/../lib/gcc/arm-none-eabi/14.3.1/../../../../arm-none-eabi/lib/thumb/v6-m/nofp/libc_nano.a(libc_a-memcpy-stub.o)
 .ARM.attributes
                0x0000053b       0x1c /Applications/STM32CubeIDE.app/Contents/Eclipse/plugins/com.st.stm32cube.ide.mcu.externaltools.gnu-tools-for-stm32.14.3.rel1.macos64_1.0.100.202602081740/tools/bin/../lib/gcc/arm-none-eabi/14.3.1/../../../../arm-none-eabi/lib/thumb/v6-m/nofp/libc_nano.a(libc_a-strlen.o)
 .ARM.attributes
                0x00000557       0x1e /Applications/STM32CubeIDE.app/Contents/Eclipse/plugins/com.st.stm32cube.ide.mcu.externaltools.gnu-tools-for-stm32.14.3.rel1.macos64_1.0.100.202602081740/tools/bin/../lib/gcc/arm-none-eabi/14.3.1/thumb/v6-m/nofp/libgcc.a(_udivsi3.o)
 .ARM.attributes
                0x00000575       0x1e /Applications/STM32CubeIDE.app/Contents/Eclipse/plugins/com.st.stm32cube.ide.mcu.externaltools.gnu-tools-for-stm32.14.3.rel1.macos64_1.0.100.202602081740/tools/bin/../lib/gcc/arm-none-eabi/14.3.1/thumb/v6-m/nofp/libgcc.a(_dvmd_tls.o)
 .ARM.attributes
                0x00000593       0x1e /Applications/STM32CubeIDE.app/Contents/Eclipse/plugins/com.st.stm32cube.ide.mcu.externaltools.gnu-tools-for-stm32.14.3.rel1.macos64_1.0.100.202602081740/tools/bin/../lib/gcc/arm-none-eabi/14.3.1/thumb/v6-m/nofp/crtn.o
OUTPUT(emwaver-firmware.elf elf32-littlearm)
LOAD linker stubs
LOAD /Applications/STM32CubeIDE.app/Contents/Eclipse/plugins/com.st.stm32cube.ide.mcu.externaltools.gnu-tools-for-stm32.14.3.rel1.macos64_1.0.100.202602081740/tools/bin/../lib/gcc/arm-none-eabi/14.3.1/../../../../arm-none-eabi/lib/thumb/v6-m/nofp/libc.a
LOAD /Applications/STM32CubeIDE.app/Contents/Eclipse/plugins/com.st.stm32cube.ide.mcu.externaltools.gnu-tools-for-stm32.14.3.rel1.macos64_1.0.100.202602081740/tools/bin/../lib/gcc/arm-none-eabi/14.3.1/../../../../arm-none-eabi/lib/thumb/v6-m/nofp/libm.a
LOAD /Applications/STM32CubeIDE.app/Contents/Eclipse/plugins/com.st.stm32cube.ide.mcu.externaltools.gnu-tools-for-stm32.14.3.rel1.macos64_1.0.100.202602081740/tools/bin/../lib/gcc/arm-none-eabi/14.3.1/thumb/v6-m/nofp/libgcc.a

.debug_info     0x00000000    0x15bc0
 .debug_info    0x00000000     0x3bcf ./Core/Src/main.o
 .debug_info    0x00003bcf      0xdd8 ./Core/Src/stm32f0xx_hal_msp.o
 .debug_info    0x000049a7      0x727 ./Core/Src/stm32f0xx_it.o
 .debug_info    0x000050ce      0x242 ./Core/Src/system_stm32f0xx.o
 .debug_info    0x00005310       0x30 ./Core/Startup/startup_stm32f042g6ux.o
 .debug_info    0x00005340      0x69d ./Drivers/STM32F0xx_HAL_Driver/Src/stm32f0xx_hal.o
 .debug_info    0x000059dd      0x6a7 ./Drivers/STM32F0xx_HAL_Driver/Src/stm32f0xx_hal_cortex.o
 .debug_info    0x00006084      0x4f5 ./Drivers/STM32F0xx_HAL_Driver/Src/stm32f0xx_hal_flash.o
 .debug_info    0x00006579      0x6b7 ./Drivers/STM32F0xx_HAL_Driver/Src/stm32f0xx_hal_flash_ex.o
 .debug_info    0x00006c30      0x5a6 ./Drivers/STM32F0xx_HAL_Driver/Src/stm32f0xx_hal_gpio.o
 .debug_info    0x000071d6     0x15db ./Drivers/STM32F0xx_HAL_Driver/Src/stm32f0xx_hal_pcd.o
 .debug_info    0x000087b1      0x80a ./Drivers/STM32F0xx_HAL_Driver/Src/stm32f0xx_hal_pcd_ex.o
 .debug_info    0x00008fbb      0x83f ./Drivers/STM32F0xx_HAL_Driver/Src/stm32f0xx_hal_rcc.o
 .debug_info    0x000097fa      0x600 ./Drivers/STM32F0xx_HAL_Driver/Src/stm32f0xx_hal_rcc_ex.o
 .debug_info    0x00009dfa     0x1618 ./Drivers/STM32F0xx_HAL_Driver/Src/stm32f0xx_hal_spi.o
 .debug_info    0x0000b412     0x2932 ./Drivers/STM32F0xx_HAL_Driver/Src/stm32f0xx_hal_tim.o
 .debug_info    0x0000dd44     0x1492 ./Drivers/STM32F0xx_HAL_Driver/Src/stm32f0xx_hal_tim_ex.o
 .debug_info    0x0000f1d6     0x15fa ./Drivers/STM32F0xx_HAL_Driver/Src/stm32f0xx_ll_usb.o
 .debug_info    0x000107d0      0xa52 ./Middlewares/ST/STM32_USB_Device_Library/Core/Src/usbd_core.o
 .debug_info    0x00011222      0x91c ./Middlewares/ST/STM32_USB_Device_Library/Core/Src/usbd_ctlreq.o
 .debug_info    0x00011b3e      0x6a0 ./Middlewares/ST/STM32_USB_Device_Library/Core/Src/usbd_ioreq.o
 .debug_info    0x000121de      0x612 ./USB_DEVICE/App/usb_device.o
 .debug_info    0x000127f0      0x44b ./USB_DEVICE/App/usbd_desc.o
 .debug_info    0x00012c3b      0x9ed ./USB_DEVICE/App/usbd_midi.o
 .debug_info    0x00013628      0xe57 ./USB_DEVICE/App/usbd_midi_if.o
 .debug_info    0x0001447f     0x1741 ./USB_DEVICE/Target/usbd_conf.o

.debug_abbrev   0x00000000     0x3b62
 .debug_abbrev  0x00000000      0x4d7 ./Core/Src/main.o
 .debug_abbrev  0x000004d7      0x1d8 ./Core/Src/stm32f0xx_hal_msp.o
 .debug_abbrev  0x000006af      0x1d1 ./Core/Src/stm32f0xx_it.o
 .debug_abbrev  0x00000880      0x11c ./Core/Src/system_stm32f0xx.o
 .debug_abbrev  0x0000099c       0x24 ./Core/Startup/startup_stm32f042g6ux.o
 .debug_abbrev  0x000009c0      0x247 ./Drivers/STM32F0xx_HAL_Driver/Src/stm32f0xx_hal.o
 .debug_abbrev  0x00000c07      0x28c ./Drivers/STM32F0xx_HAL_Driver/Src/stm32f0xx_hal_cortex.o
 .debug_abbrev  0x00000e93      0x258 ./Drivers/STM32F0xx_HAL_Driver/Src/stm32f0xx_hal_flash.o
 .debug_abbrev  0x000010eb      0x247 ./Drivers/STM32F0xx_HAL_Driver/Src/stm32f0xx_hal_flash_ex.o
 .debug_abbrev  0x00001332      0x1cb ./Drivers/STM32F0xx_HAL_Driver/Src/stm32f0xx_hal_gpio.o
 .debug_abbrev  0x000014fd      0x2b2 ./Drivers/STM32F0xx_HAL_Driver/Src/stm32f0xx_hal_pcd.o
 .debug_abbrev  0x000017af      0x228 ./Drivers/STM32F0xx_HAL_Driver/Src/stm32f0xx_hal_pcd_ex.o
 .debug_abbrev  0x000019d7      0x28c ./Drivers/STM32F0xx_HAL_Driver/Src/stm32f0xx_hal_rcc.o
 .debug_abbrev  0x00001c63      0x1da ./Drivers/STM32F0xx_HAL_Driver/Src/stm32f0xx_hal_rcc_ex.o
 .debug_abbrev  0x00001e3d      0x269 ./Drivers/STM32F0xx_HAL_Driver/Src/stm32f0xx_hal_spi.o
 .debug_abbrev  0x000020a6      0x278 ./Drivers/STM32F0xx_HAL_Driver/Src/stm32f0xx_hal_tim.o
 .debug_abbrev  0x0000231e      0x283 ./Drivers/STM32F0xx_HAL_Driver/Src/stm32f0xx_hal_tim_ex.o
 .debug_abbrev  0x000025a1      0x23f ./Drivers/STM32F0xx_HAL_Driver/Src/stm32f0xx_ll_usb.o
 .debug_abbrev  0x000027e0      0x24a ./Middlewares/ST/STM32_USB_Device_Library/Core/Src/usbd_core.o
 .debug_abbrev  0x00002a2a      0x26b ./Middlewares/ST/STM32_USB_Device_Library/Core/Src/usbd_ctlreq.o
 .debug_abbrev  0x00002c95      0x192 ./Middlewares/ST/STM32_USB_Device_Library/Core/Src/usbd_ioreq.o
 .debug_abbrev  0x00002e27      0x18d ./USB_DEVICE/App/usb_device.o
 .debug_abbrev  0x00002fb4      0x1e2 ./USB_DEVICE/App/usbd_desc.o
 .debug_abbrev  0x00003196      0x2cc ./USB_DEVICE/App/usbd_midi.o
 .debug_abbrev  0x00003462      0x3bf ./USB_DEVICE/App/usbd_midi_if.o
 .debug_abbrev  0x00003821      0x341 ./USB_DEVICE/Target/usbd_conf.o

.debug_aranges  0x00000000     0x1500
 .debug_aranges
                0x00000000      0x268 ./Core/Src/main.o
 .debug_aranges
                0x00000268       0x48 ./Core/Src/stm32f0xx_hal_msp.o
 .debug_aranges
                0x000002b0       0x50 ./Core/Src/stm32f0xx_it.o
 .debug_aranges
                0x00000300       0x28 ./Core/Src/system_stm32f0xx.o
 .debug_aranges
                0x00000328       0x28 ./Core/Startup/startup_stm32f042g6ux.o
 .debug_aranges
                0x00000350       0xd0 ./Drivers/STM32F0xx_HAL_Driver/Src/stm32f0xx_hal.o
 .debug_aranges
                0x00000420       0xc0 ./Drivers/STM32F0xx_HAL_Driver/Src/stm32f0xx_hal_cortex.o
 .debug_aranges
                0x000004e0       0x88 ./Drivers/STM32F0xx_HAL_Driver/Src/stm32f0xx_hal_flash.o
 .debug_aranges
                0x00000568       0x98 ./Drivers/STM32F0xx_HAL_Driver/Src/stm32f0xx_hal_flash_ex.o
 .debug_aranges
                0x00000600       0x58 ./Drivers/STM32F0xx_HAL_Driver/Src/stm32f0xx_hal_gpio.o
 .debug_aranges
                0x00000658      0x138 ./Drivers/STM32F0xx_HAL_Driver/Src/stm32f0xx_hal_pcd.o
 .debug_aranges
                0x00000790       0x58 ./Drivers/STM32F0xx_HAL_Driver/Src/stm32f0xx_hal_pcd_ex.o
 .debug_aranges
                0x000007e8       0x80 ./Drivers/STM32F0xx_HAL_Driver/Src/stm32f0xx_hal_rcc.o
 .debug_aranges
                0x00000868       0x78 ./Drivers/STM32F0xx_HAL_Driver/Src/stm32f0xx_hal_rcc_ex.o
 .debug_aranges
                0x000008e0      0x1d8 ./Drivers/STM32F0xx_HAL_Driver/Src/stm32f0xx_hal_spi.o
 .debug_aranges
                0x00000ab8      0x3d0 ./Drivers/STM32F0xx_HAL_Driver/Src/stm32f0xx_hal_tim.o
 .debug_aranges
                0x00000e88      0x168 ./Drivers/STM32F0xx_HAL_Driver/Src/stm32f0xx_hal_tim_ex.o
 .debug_aranges
                0x00000ff0       0xb8 ./Drivers/STM32F0xx_HAL_Driver/Src/stm32f0xx_ll_usb.o
 .debug_aranges
                0x000010a8       0xb8 ./Middlewares/ST/STM32_USB_Device_Library/Core/Src/usbd_core.o
 .debug_aranges
                0x00001160       0x88 ./Middlewares/ST/STM32_USB_Device_Library/Core/Src/usbd_ctlreq.o
 .debug_aranges
                0x000011e8       0x50 ./Middlewares/ST/STM32_USB_Device_Library/Core/Src/usbd_ioreq.o
 .debug_aranges
                0x00001238       0x20 ./USB_DEVICE/App/usb_device.o
 .debug_aranges
                0x00001258       0x60 ./USB_DEVICE/App/usbd_desc.o
 .debug_aranges
                0x000012b8       0x80 ./USB_DEVICE/App/usbd_midi.o
 .debug_aranges
                0x00001338       0xb0 ./USB_DEVICE/App/usbd_midi_if.o
 .debug_aranges
                0x000013e8      0x118 ./USB_DEVICE/Target/usbd_conf.o

.debug_rnglists
                0x00000000     0x1052
 .debug_rnglists
                0x00000000      0x216 ./Core/Src/main.o
 .debug_rnglists
                0x00000216       0x33 ./Core/Src/stm32f0xx_hal_msp.o
 .debug_rnglists
                0x00000249       0x37 ./Core/Src/stm32f0xx_it.o
 .debug_rnglists
                0x00000280       0x1a ./Core/Src/system_stm32f0xx.o
 .debug_rnglists
                0x0000029a       0x1a ./Core/Startup/startup_stm32f042g6ux.o
 .debug_rnglists
                0x000002b4       0x97 ./Drivers/STM32F0xx_HAL_Driver/Src/stm32f0xx_hal.o
 .debug_rnglists
                0x0000034b       0x8c ./Drivers/STM32F0xx_HAL_Driver/Src/stm32f0xx_hal_cortex.o
 .debug_rnglists
                0x000003d7       0x65 ./Drivers/STM32F0xx_HAL_Driver/Src/stm32f0xx_hal_flash.o
 .debug_rnglists
                0x0000043c       0x76 ./Drivers/STM32F0xx_HAL_Driver/Src/stm32f0xx_hal_flash_ex.o
 .debug_rnglists
                0x000004b2       0x3f ./Drivers/STM32F0xx_HAL_Driver/Src/stm32f0xx_hal_gpio.o
 .debug_rnglists
                0x000004f1       0xee ./Drivers/STM32F0xx_HAL_Driver/Src/stm32f0xx_hal_pcd.o
 .debug_rnglists
                0x000005df       0x3f ./Drivers/STM32F0xx_HAL_Driver/Src/stm32f0xx_hal_pcd_ex.o
 .debug_rnglists
                0x0000061e       0x61 ./Drivers/STM32F0xx_HAL_Driver/Src/stm32f0xx_hal_rcc.o
 .debug_rnglists
                0x0000067f       0x5a ./Drivers/STM32F0xx_HAL_Driver/Src/stm32f0xx_hal_rcc_ex.o
 .debug_rnglists
                0x000006d9      0x17a ./Drivers/STM32F0xx_HAL_Driver/Src/stm32f0xx_hal_spi.o
 .debug_rnglists
                0x00000853      0x31c ./Drivers/STM32F0xx_HAL_Driver/Src/stm32f0xx_hal_tim.o
 .debug_rnglists
                0x00000b6f      0x126 ./Drivers/STM32F0xx_HAL_Driver/Src/stm32f0xx_hal_tim_ex.o
 .debug_rnglists
                0x00000c95       0x8d ./Drivers/STM32F0xx_HAL_Driver/Src/stm32f0xx_ll_usb.o
 .debug_rnglists
                0x00000d22       0x89 ./Middlewares/ST/STM32_USB_Device_Library/Core/Src/usbd_core.o
 .debug_rnglists
                0x00000dab       0x68 ./Middlewares/ST/STM32_USB_Device_Library/Core/Src/usbd_ctlreq.o
 .debug_rnglists
                0x00000e13       0x37 ./Middlewares/ST/STM32_USB_Device_Library/Core/Src/usbd_ioreq.o
 .debug_rnglists
                0x00000e4a       0x13 ./USB_DEVICE/App/usb_device.o
 .debug_rnglists
                0x00000e5d       0x44 ./USB_DEVICE/App/usbd_desc.o
 .debug_rnglists
                0x00000ea1       0x5c ./USB_DEVICE/App/usbd_midi.o
 .debug_rnglists
                0x00000efd       0x87 ./USB_DEVICE/App/usbd_midi_if.o
 .debug_rnglists
                0x00000f84       0xce ./USB_DEVICE/Target/usbd_conf.o

.debug_macro    0x00000000    0x1bebd
 .debug_macro   0x00000000      0x44c ./Core/Src/main.o
 .debug_macro   0x0000044c      0xaae ./Core/Src/main.o
 .debug_macro   0x00000efa      0x13a ./Core/Src/main.o
 .debug_macro   0x00001034       0x2e ./Core/Src/main.o
 .debug_macro   0x00001062       0x22 ./Core/Src/main.o
 .debug_macro   0x00001084       0x22 ./Core/Src/main.o
 .debug_macro   0x000010a6       0x8e ./Core/Src/main.o
 .debug_macro   0x00001134       0x51 ./Core/Src/main.o
 .debug_macro   0x00001185      0x103 ./Core/Src/main.o
 .debug_macro   0x00001288       0x6a ./Core/Src/main.o
 .debug_macro   0x000012f2      0x1df ./Core/Src/main.o
 .debug_macro   0x000014d1       0x1c ./Core/Src/main.o
 .debug_macro   0x000014ed       0x22 ./Core/Src/main.o
 .debug_macro   0x0000150f       0xaf ./Core/Src/main.o
 .debug_macro   0x000015be      0x391 ./Core/Src/main.o
 .debug_macro   0x0000194f     0xf209 ./Core/Src/main.o
 .debug_macro   0x00010b58       0x66 ./Core/Src/main.o
 .debug_macro   0x00010bbe     0x34be ./Core/Src/main.o
 .debug_macro   0x0001407c      0x190 ./Core/Src/main.o
 .debug_macro   0x0001420c       0x55 ./Core/Src/main.o
 .debug_macro   0x00014261      0x946 ./Core/Src/main.o
 .debug_macro   0x00014ba7      0x46b ./Core/Src/main.o
 .debug_macro   0x00015012      0x1ae ./Core/Src/main.o
 .debug_macro   0x000151c0      0x130 ./Core/Src/main.o
 .debug_macro   0x000152f0      0x199 ./Core/Src/main.o
 .debug_macro   0x00015489      0x1ed ./Core/Src/main.o
 .debug_macro   0x00015676       0x34 ./Core/Src/main.o
 .debug_macro   0x000156aa       0x43 ./Core/Src/main.o
 .debug_macro   0x000156ed       0x28 ./Core/Src/main.o
 .debug_macro   0x00015715       0xb0 ./Core/Src/main.o
 .debug_macro   0x000157c5      0x182 ./Core/Src/main.o
 .debug_macro   0x00015947      0x22c ./Core/Src/main.o
 .debug_macro   0x00015b73       0x61 ./Core/Src/main.o
 .debug_macro   0x00015bd4       0xa5 ./Core/Src/main.o
 .debug_macro   0x00015c79       0x73 ./Core/Src/main.o
 .debug_macro   0x00015cec      0x22d ./Core/Src/main.o
 .debug_macro   0x00015f19       0x4c ./Core/Src/main.o
 .debug_macro   0x00015f65      0x15b ./Core/Src/main.o
 .debug_macro   0x000160c0      0x2fe ./Core/Src/main.o
 .debug_macro   0x000163be      0x8f4 ./Core/Src/main.o
 .debug_macro   0x00016cb2       0x28 ./Core/Src/main.o
 .debug_macro   0x00016cda      0x12e ./Core/Src/main.o
 .debug_macro   0x00016e08      0x16e ./Core/Src/main.o
 .debug_macro   0x00016f76       0x61 ./Core/Src/main.o
 .debug_macro   0x00016fd7       0x24 ./Core/Src/main.o
 .debug_macro   0x00016ffb       0x43 ./Core/Src/main.o
 .debug_macro   0x0001703e       0x34 ./Core/Src/main.o
 .debug_macro   0x00017072       0x16 ./Core/Src/main.o
 .debug_macro   0x00017088       0x3c ./Core/Src/main.o
 .debug_macro   0x000170c4      0x364 ./Core/Src/main.o
 .debug_macro   0x00017428       0x10 ./Core/Src/main.o
 .debug_macro   0x00017438       0x16 ./Core/Src/main.o
 .debug_macro   0x0001744e       0x4a ./Core/Src/main.o
 .debug_macro   0x00017498       0x34 ./Core/Src/main.o
 .debug_macro   0x000174cc       0x10 ./Core/Src/main.o
 .debug_macro   0x000174dc       0x58 ./Core/Src/main.o
 .debug_macro   0x00017534       0x8e ./Core/Src/main.o
 .debug_macro   0x000175c2       0x1c ./Core/Src/main.o
 .debug_macro   0x000175de      0x17e ./Core/Src/main.o
 .debug_macro   0x0001775c       0x16 ./Core/Src/main.o
 .debug_macro   0x00017772       0x16 ./Core/Src/main.o
 .debug_macro   0x00017788      0x146 ./Core/Src/main.o
 .debug_macro   0x000178ce       0x16 ./Core/Src/main.o
 .debug_macro   0x000178e4       0x16 ./Core/Src/main.o
 .debug_macro   0x000178fa       0x29 ./Core/Src/main.o
 .debug_macro   0x00017923       0x16 ./Core/Src/main.o
 .debug_macro   0x00017939       0x20 ./Core/Src/main.o
 .debug_macro   0x00017959       0x5f ./Core/Src/main.o
 .debug_macro   0x000179b8      0x1c8 ./Core/Src/main.o
 .debug_macro   0x00017b80       0x22 ./Core/Src/main.o
 .debug_macro   0x00017ba2       0x1c ./Core/Src/main.o
 .debug_macro   0x00017bbe       0x10 ./Core/Src/main.o
 .debug_macro   0x00017bce       0x46 ./Core/Src/main.o
 .debug_macro   0x00017c14      0x124 ./Core/Src/main.o
 .debug_macro   0x00017d38      0x1f6 ./Core/Src/stm32f0xx_hal_msp.o
 .debug_macro   0x00017f2e      0x200 ./Core/Src/stm32f0xx_it.o
 .debug_macro   0x0001812e      0x1e7 ./Core/Src/system_stm32f0xx.o
 .debug_macro   0x00018315      0x20b ./Drivers/STM32F0xx_HAL_Driver/Src/stm32f0xx_hal.o
 .debug_macro   0x00018520      0x1e7 ./Drivers/STM32F0xx_HAL_Driver/Src/stm32f0xx_hal_cortex.o
 .debug_macro   0x00018707      0x1e7 ./Drivers/STM32F0xx_HAL_Driver/Src/stm32f0xx_hal_flash.o
 .debug_macro   0x000188ee      0x1f9 ./Drivers/STM32F0xx_HAL_Driver/Src/stm32f0xx_hal_flash_ex.o
 .debug_macro   0x00018ae7      0x1ee ./Drivers/STM32F0xx_HAL_Driver/Src/stm32f0xx_hal_gpio.o
 .debug_macro   0x00018cd5      0x1f3 ./Drivers/STM32F0xx_HAL_Driver/Src/stm32f0xx_hal_pcd.o
 .debug_macro   0x00018ec8      0x1e7 ./Drivers/STM32F0xx_HAL_Driver/Src/stm32f0xx_hal_pcd_ex.o
 .debug_macro   0x000190af      0x1f9 ./Drivers/STM32F0xx_HAL_Driver/Src/stm32f0xx_hal_rcc.o
 .debug_macro   0x000192a8      0x1f9 ./Drivers/STM32F0xx_HAL_Driver/Src/stm32f0xx_hal_rcc_ex.o
 .debug_macro   0x000194a1      0x1ef ./Drivers/STM32F0xx_HAL_Driver/Src/stm32f0xx_hal_spi.o
 .debug_macro   0x00019690      0x1e8 ./Drivers/STM32F0xx_HAL_Driver/Src/stm32f0xx_hal_tim.o
 .debug_macro   0x00019878      0x1e7 ./Drivers/STM32F0xx_HAL_Driver/Src/stm32f0xx_hal_tim_ex.o
 .debug_macro   0x00019a5f      0x1e7 ./Drivers/STM32F0xx_HAL_Driver/Src/stm32f0xx_ll_usb.o
 .debug_macro   0x00019c46      0x36c ./Middlewares/ST/STM32_USB_Device_Library/Core/Src/usbd_core.o
 .debug_macro   0x00019fb2       0x9e ./Middlewares/ST/STM32_USB_Device_Library/Core/Src/usbd_core.o
 .debug_macro   0x0001a050      0x112 ./Middlewares/ST/STM32_USB_Device_Library/Core/Src/usbd_core.o
 .debug_macro   0x0001a162       0x4f ./Middlewares/ST/STM32_USB_Device_Library/Core/Src/usbd_core.o
 .debug_macro   0x0001a1b1      0x1ce ./Middlewares/ST/STM32_USB_Device_Library/Core/Src/usbd_core.o
 .debug_macro   0x0001a37f      0x376 ./Middlewares/ST/STM32_USB_Device_Library/Core/Src/usbd_ctlreq.o
 .debug_macro   0x0001a6f5      0x372 ./Middlewares/ST/STM32_USB_Device_Library/Core/Src/usbd_ioreq.o
 .debug_macro   0x0001aa67      0x3a5 ./USB_DEVICE/App/usb_device.o
 .debug_macro   0x0001ae0c      0x174 ./USB_DEVICE/App/usb_device.o
 .debug_macro   0x0001af80       0x22 ./USB_DEVICE/App/usb_device.o
 .debug_macro   0x0001afa2       0x16 ./USB_DEVICE/App/usb_device.o
 .debug_macro   0x0001afb8      0x3cd ./USB_DEVICE/App/usbd_desc.o
 .debug_macro   0x0001b385       0x1c ./USB_DEVICE/App/usbd_desc.o
 .debug_macro   0x0001b3a1      0x3df ./USB_DEVICE/App/usbd_midi.o
 .debug_macro   0x0001b780      0x3b4 ./USB_DEVICE/App/usbd_midi_if.o
 .debug_macro   0x0001bb34      0x389 ./USB_DEVICE/Target/usbd_conf.o

.debug_line     0x00000000    0x1984a
 .debug_line    0x00000000     0x2dda ./Core/Src/main.o
 .debug_line    0x00002dda      0x83d ./Core/Src/stm32f0xx_hal_msp.o
 .debug_line    0x00003617      0x7e0 ./Core/Src/stm32f0xx_it.o
 .debug_line    0x00003df7      0x7cc ./Core/Src/system_stm32f0xx.o
 .debug_line    0x000045c3       0x8d ./Core/Startup/startup_stm32f042g6ux.o
 .debug_line    0x00004650      0x9c6 ./Drivers/STM32F0xx_HAL_Driver/Src/stm32f0xx_hal.o
 .debug_line    0x00005016      0xa6b ./Drivers/STM32F0xx_HAL_Driver/Src/stm32f0xx_hal_cortex.o
 .debug_line    0x00005a81      0xa7c ./Drivers/STM32F0xx_HAL_Driver/Src/stm32f0xx_hal_flash.o
 .debug_line    0x000064fd      0xb30 ./Drivers/STM32F0xx_HAL_Driver/Src/stm32f0xx_hal_flash_ex.o
 .debug_line    0x0000702d      0xb15 ./Drivers/STM32F0xx_HAL_Driver/Src/stm32f0xx_hal_gpio.o
 .debug_line    0x00007b42     0x12dd ./Drivers/STM32F0xx_HAL_Driver/Src/stm32f0xx_hal_pcd.o
 .debug_line    0x00008e1f      0x8e6 ./Drivers/STM32F0xx_HAL_Driver/Src/stm32f0xx_hal_pcd_ex.o
 .debug_line    0x00009705      0xf08 ./Drivers/STM32F0xx_HAL_Driver/Src/stm32f0xx_hal_rcc.o
 .debug_line    0x0000a60d      0xc1d ./Drivers/STM32F0xx_HAL_Driver/Src/stm32f0xx_hal_rcc_ex.o
 .debug_line    0x0000b22a     0x1fed ./Drivers/STM32F0xx_HAL_Driver/Src/stm32f0xx_hal_spi.o
 .debug_line    0x0000d217     0x36ad ./Drivers/STM32F0xx_HAL_Driver/Src/stm32f0xx_hal_tim.o
 .debug_line    0x000108c4     0x18a9 ./Drivers/STM32F0xx_HAL_Driver/Src/stm32f0xx_hal_tim_ex.o
 .debug_line    0x0001216d     0x107b ./Drivers/STM32F0xx_HAL_Driver/Src/stm32f0xx_ll_usb.o
 .debug_line    0x000131e8      0xda8 ./Middlewares/ST/STM32_USB_Device_Library/Core/Src/usbd_core.o
 .debug_line    0x00013f90      0xfef ./Middlewares/ST/STM32_USB_Device_Library/Core/Src/usbd_ctlreq.o
 .debug_line    0x00014f7f      0xa5e ./Middlewares/ST/STM32_USB_Device_Library/Core/Src/usbd_ioreq.o
 .debug_line    0x000159dd      0x9f7 ./USB_DEVICE/App/usb_device.o
 .debug_line    0x000163d4      0xad7 ./USB_DEVICE/App/usbd_desc.o
 .debug_line    0x00016eab      0xbba ./USB_DEVICE/App/usbd_midi.o
 .debug_line    0x00017a65      0xff1 ./USB_DEVICE/App/usbd_midi_if.o
 .debug_line    0x00018a56      0xdf4 ./USB_DEVICE/Target/usbd_conf.o

.debug_str      0x00000000    0x95ba2
 .debug_str     0x00000000    0x95ba2 ./Core/Src/main.o
                              0x91b8d (size before relaxing)
 .debug_str     0x00095ba2    0x8be93 ./Core/Src/stm32f0xx_hal_msp.o
 .debug_str     0x00095ba2    0x8b8f2 ./Core/Src/stm32f0xx_it.o
 .debug_str     0x00095ba2    0x8b138 ./Core/Src/system_stm32f0xx.o
 .debug_str     0x00095ba2       0x81 ./Core/Startup/startup_stm32f042g6ux.o
 .debug_str     0x00095ba2    0x8b6ea ./Drivers/STM32F0xx_HAL_Driver/Src/stm32f0xx_hal.o
 .debug_str     0x00095ba2    0x8b4db ./Drivers/STM32F0xx_HAL_Driver/Src/stm32f0xx_hal_cortex.o
 .debug_str     0x00095ba2    0x8b3e3 ./Drivers/STM32F0xx_HAL_Driver/Src/stm32f0xx_hal_flash.o
 .debug_str     0x00095ba2    0x8b535 ./Drivers/STM32F0xx_HAL_Driver/Src/stm32f0xx_hal_flash_ex.o
 .debug_str     0x00095ba2    0x8b2d9 ./Drivers/STM32F0xx_HAL_Driver/Src/stm32f0xx_hal_gpio.o
 .debug_str     0x00095ba2    0x8b9e3 ./Drivers/STM32F0xx_HAL_Driver/Src/stm32f0xx_hal_pcd.o
 .debug_str     0x00095ba2    0x8b63f ./Drivers/STM32F0xx_HAL_Driver/Src/stm32f0xx_hal_pcd_ex.o
 .debug_str     0x00095ba2    0x8b57f ./Drivers/STM32F0xx_HAL_Driver/Src/stm32f0xx_hal_rcc.o
 .debug_str     0x00095ba2    0x8b522 ./Drivers/STM32F0xx_HAL_Driver/Src/stm32f0xx_hal_rcc_ex.o
 .debug_str     0x00095ba2    0x8baa8 ./Drivers/STM32F0xx_HAL_Driver/Src/stm32f0xx_hal_spi.o
 .debug_str     0x00095ba2    0x8c53e ./Drivers/STM32F0xx_HAL_Driver/Src/stm32f0xx_hal_tim.o
 .debug_str     0x00095ba2    0x8bd5a ./Drivers/STM32F0xx_HAL_Driver/Src/stm32f0xx_hal_tim_ex.o
 .debug_str     0x00095ba2    0x8b520 ./Drivers/STM32F0xx_HAL_Driver/Src/stm32f0xx_ll_usb.o
 .debug_str     0x00095ba2    0x8fd24 ./Middlewares/ST/STM32_USB_Device_Library/Core/Src/usbd_core.o
 .debug_str     0x00095ba2    0x8fc3e ./Middlewares/ST/STM32_USB_Device_Library/Core/Src/usbd_ctlreq.o
 .debug_str     0x00095ba2    0x8fb6b ./Middlewares/ST/STM32_USB_Device_Library/Core/Src/usbd_ioreq.o
 .debug_str     0x00095ba2    0x8fc99 ./USB_DEVICE/App/usb_device.o
 .debug_str     0x00095ba2    0x8fb65 ./USB_DEVICE/App/usbd_desc.o
 .debug_str     0x00095ba2    0x8feb4 ./USB_DEVICE/App/usbd_midi.o
 .debug_str     0x00095ba2    0x9001f ./USB_DEVICE/App/usbd_midi_if.o
 .debug_str     0x00095ba2    0x905fb ./USB_DEVICE/Target/usbd_conf.o

.comment        0x00000000       0x43
 .comment       0x00000000       0x43 ./Core/Src/main.o
                                 0x44 (size before relaxing)
 .comment       0x00000043       0x44 ./Core/Src/stm32f0xx_hal_msp.o
 .comment       0x00000043       0x44 ./Core/Src/stm32f0xx_it.o
 .comment       0x00000043       0x44 ./Core/Src/system_stm32f0xx.o
 .comment       0x00000043       0x44 ./Drivers/STM32F0xx_HAL_Driver/Src/stm32f0xx_hal.o
 .comment       0x00000043       0x44 ./Drivers/STM32F0xx_HAL_Driver/Src/stm32f0xx_hal_cortex.o
 .comment       0x00000043       0x44 ./Drivers/STM32F0xx_HAL_Driver/Src/stm32f0xx_hal_flash.o
 .comment       0x00000043       0x44 ./Drivers/STM32F0xx_HAL_Driver/Src/stm32f0xx_hal_flash_ex.o
 .comment       0x00000043       0x44 ./Drivers/STM32F0xx_HAL_Driver/Src/stm32f0xx_hal_gpio.o
 .comment       0x00000043       0x44 ./Drivers/STM32F0xx_HAL_Driver/Src/stm32f0xx_hal_pcd.o
 .comment       0x00000043       0x44 ./Drivers/STM32F0xx_HAL_Driver/Src/stm32f0xx_hal_pcd_ex.o
 .comment       0x00000043       0x44 ./Drivers/STM32F0xx_HAL_Driver/Src/stm32f0xx_hal_rcc.o
 .comment       0x00000043       0x44 ./Drivers/STM32F0xx_HAL_Driver/Src/stm32f0xx_hal_rcc_ex.o
 .comment       0x00000043       0x44 ./Drivers/STM32F0xx_HAL_Driver/Src/stm32f0xx_hal_spi.o
 .comment       0x00000043       0x44 ./Drivers/STM32F0xx_HAL_Driver/Src/stm32f0xx_hal_tim.o
 .comment       0x00000043       0x44 ./Drivers/STM32F0xx_HAL_Driver/Src/stm32f0xx_hal_tim_ex.o
 .comment       0x00000043       0x44 ./Drivers/STM32F0xx_HAL_Driver/Src/stm32f0xx_ll_usb.o
 .comment       0x00000043       0x44 ./Middlewares/ST/STM32_USB_Device_Library/Core/Src/usbd_core.o
 .comment       0x00000043       0x44 ./Middlewares/ST/STM32_USB_Device_Library/Core/Src/usbd_ctlreq.o
 .comment       0x00000043       0x44 ./Middlewares/ST/STM32_USB_Device_Library/Core/Src/usbd_ioreq.o
 .comment       0x00000043       0x44 ./USB_DEVICE/App/usb_device.o
 .comment       0x00000043       0x44 ./USB_DEVICE/App/usbd_desc.o
 .comment       0x00000043       0x44 ./USB_DEVICE/App/usbd_midi.o
 .comment       0x00000043       0x44 ./USB_DEVICE/App/usbd_midi_if.o
 .comment       0x00000043       0x44 ./USB_DEVICE/Target/usbd_conf.o

.debug_frame    0x00000000     0x4bd0
 .debug_frame   0x00000000      0x950 ./Core/Src/main.o
 .debug_frame   0x00000950       0xd0 ./Core/Src/stm32f0xx_hal_msp.o
 .debug_frame   0x00000a20       0xd4 ./Core/Src/stm32f0xx_it.o
 .debug_frame   0x00000af4       0x4c ./Core/Src/system_stm32f0xx.o
 .debug_frame   0x00000b40      0x2a4 ./Drivers/STM32F0xx_HAL_Driver/Src/stm32f0xx_hal.o
 .debug_frame   0x00000de4      0x2a0 ./Drivers/STM32F0xx_HAL_Driver/Src/stm32f0xx_hal_cortex.o
 .debug_frame   0x00001084      0x1c4 ./Drivers/STM32F0xx_HAL_Driver/Src/stm32f0xx_hal_flash.o
 .debug_frame   0x00001248      0x220 ./Drivers/STM32F0xx_HAL_Driver/Src/stm32f0xx_hal_flash_ex.o
 .debug_frame   0x00001468      0x110 ./Drivers/STM32F0xx_HAL_Driver/Src/stm32f0xx_hal_gpio.o
 .debug_frame   0x00001578      0x49c ./Drivers/STM32F0xx_HAL_Driver/Src/stm32f0xx_hal_pcd.o
 .debug_frame   0x00001a14      0x110 ./Drivers/STM32F0xx_HAL_Driver/Src/stm32f0xx_hal_pcd_ex.o
 .debug_frame   0x00001b24      0x198 ./Drivers/STM32F0xx_HAL_Driver/Src/stm32f0xx_hal_rcc.o
 .debug_frame   0x00001cbc      0x180 ./Drivers/STM32F0xx_HAL_Driver/Src/stm32f0xx_hal_rcc_ex.o
 .debug_frame   0x00001e3c      0x710 ./Drivers/STM32F0xx_HAL_Driver/Src/stm32f0xx_hal_spi.o
 .debug_frame   0x0000254c      0xf00 ./Drivers/STM32F0xx_HAL_Driver/Src/stm32f0xx_hal_tim.o
 .debug_frame   0x0000344c      0x560 ./Drivers/STM32F0xx_HAL_Driver/Src/stm32f0xx_hal_tim_ex.o
 .debug_frame   0x000039ac      0x298 ./Drivers/STM32F0xx_HAL_Driver/Src/stm32f0xx_ll_usb.o
 .debug_frame   0x00003c44      0x290 ./Middlewares/ST/STM32_USB_Device_Library/Core/Src/usbd_core.o
 .debug_frame   0x00003ed4      0x1d8 ./Middlewares/ST/STM32_USB_Device_Library/Core/Src/usbd_ctlreq.o
 .debug_frame   0x000040ac       0xf0 ./Middlewares/ST/STM32_USB_Device_Library/Core/Src/usbd_ioreq.o
 .debug_frame   0x0000419c       0x2c ./USB_DEVICE/App/usb_device.o
 .debug_frame   0x000041c8      0x130 ./USB_DEVICE/App/usbd_desc.o
 .debug_frame   0x000042f8      0x1ac ./USB_DEVICE/App/usbd_midi.o
 .debug_frame   0x000044a4      0x260 ./USB_DEVICE/App/usbd_midi_if.o
 .debug_frame   0x00004704      0x438 ./USB_DEVICE/Target/usbd_conf.o