../Core/Src/main.c:115:70:emw_enter_rom_dfu_by_erasing_flash	16	static,ignoring_inline_asm
../Core/Src/main.c:207:13:midi_packet_consume	8	static
../Core/Src/main.c:586:13:tim3_set_tick_us	12	static,ignoring_inline_asm
../Core/Src/main.c:1389:17:emw_u32_le	0	static
../Core/Src/main.c:862:13:gpio_release_pb6_pb7	16	static
../Core/Src/main.c:868:13:uart1_deinit	16	static
../Core/Src/main.c:1040:13:i2c1_ensure	56	static
../Core/Src/main.c:887:13:uart1_ensure	56	static
../Core/Src/main.c:252:13:command_send_status	64	static
../Core/Src/main.c:283:13:command_send_ok	8	static
../Core/Src/main.c:367:13:stopPWM_TIM2	0	static
../Core/Src/main.c:436:13:enable_gpio_clock	8	static
../Core/Src/main.c:445:13:configurePin	48	static
../Core/Src/main.c:682:13:disable_tim2_output_if_needed	8	static
../Core/Src/main.c:715:13:gpio_set_mode	24	static
../Core/Src/main.c:548:13:tim2_set_pwm_hz	16	static
../Core/Src/main.c:635:13:decode_encoded_pin.part.0.constprop	0	static
../Core/Src/main.c:1080:13:i2c1_wait_flag.constprop	32	static
../Core/Src/main.c:1102:13:i2c1_write_then_maybe_stop.constprop	32	static
../Core/Src/main.c:1138:13:i2c1_read_with_stop	32	static
../Core/Src/main.c:653:13:pin_mask_to_index.constprop	12	static
../Core/Src/main.c:288:13:command_send_err.constprop	8	static
../Core/Src/main.c:519:13:tim2_stop_pwm_channel	8	static
../Core/Src/main.c:178:6:get_device_name	12	static
../Core/Src/main.c:422:6:EMW_TIM3_Tick_ISR	24	static
../Core/Src/main.c:2169:6:SystemClock_Config	104	static,ignoring_inline_asm
../Core/Src/main.c:1403:5:main	216	static,ignoring_inline_asm
../Core/Src/main.c:2474:6:Error_Handler	0	static,ignoring_inline_asm
