../Core/Src/main.c:114:70:emw_enter_rom_dfu_by_erasing_flash	16	static,ignoring_inline_asm
../Core/Src/main.c:252:13:midi_packet_consume	8	static
../Core/Src/main.c:550:13:pwm_route_from_pin	8	static
../Core/Src/main.c:825:13:tim3_set_tick_us	12	static,ignoring_inline_asm
../Core/Src/main.c:1629:17:emw_u32_le	0	static
../Core/Src/main.c:1102:13:gpio_release_pb6_pb7	16	static
../Core/Src/main.c:1108:13:uart1_deinit	16	static
../Core/Src/main.c:1280:13:i2c1_ensure	56	static
../Core/Src/main.c:1127:13:uart1_ensure	56	static
../Core/Src/main.c:297:13:command_send_status	64	static
../Core/Src/main.c:328:13:command_send_ok	8	static
../Core/Src/main.c:412:13:stopPWM_TIM2	0	static
../Core/Src/main.c:481:13:enable_gpio_clock	8	static
../Core/Src/main.c:490:13:configurePin	56	static
../Core/Src/main.c:921:13:disable_tim2_output_if_needed	8	static
../Core/Src/main.c:954:13:gpio_set_mode	32	static
../Core/Src/main.c:668:13:tim16_17_set_pwm_hz	16	static
../Core/Src/main.c:645:13:tim2_set_pwm_hz	16	static
../Core/Src/main.c:874:13:decode_encoded_pin.part.0.constprop	0	static
../Core/Src/main.c:1320:13:i2c1_wait_flag.constprop	32	static
../Core/Src/main.c:1342:13:i2c1_write_then_maybe_stop.constprop	32	static
../Core/Src/main.c:1378:13:i2c1_read_with_stop	32	static
../Core/Src/main.c:892:13:pin_mask_to_index.constprop	12	static
../Core/Src/main.c:333:13:command_send_err.constprop	8	static
../Core/Src/main.c:786:13:pwm_stop_route	8	static
../Core/Src/main.c:187:6:get_device_name	12	static
../Core/Src/main.c:467:6:EMW_TIM3_Tick_ISR	24	static
../Core/Src/main.c:2455:6:SystemClock_Config	104	static,ignoring_inline_asm
../Core/Src/main.c:1643:5:main	232	static,ignoring_inline_asm
../Core/Src/main.c:2760:6:Error_Handler	0	static,ignoring_inline_asm
