../Core/Src/cc1101.c:73:6:SpiWriteReg	16	static
../Core/Src/cc1101.c:80:6:SpiWriteBurstReg	24	static
../Core/Src/cc1101.c:91:9:SpiReadReg	24	static
../Core/Src/cc1101.c:102:6:SpiReadBurstReg	24	static
../Core/Src/cc1101.c:113:6:SpiStrobe	16	static
../Core/Src/cc1101.c:120:9:SpiWriteRead	32	static
../Core/Src/cc1101.c:134:6:SpiStart	4	static
../Core/Src/cc1101.c:155:6:SpiEnd	4	static
../Core/Src/cc1101.c:167:6:GDO_Set	24	static
../Core/Src/cc1101.c:184:6:GDO0_Set	24	static
../Core/Src/cc1101.c:200:6:Reset	16	static
../Core/Src/cc1101.c:220:6:Init	8	static
../Core/Src/cc1101.c:238:9:SpiReadStatus	24	static
../Core/Src/cc1101.c:257:6:setSpi	4	static
../Core/Src/cc1101.c:268:6:setSpiPin	16	static
../Core/Src/cc1101.c:281:6:addSpiPin	16	static
../Core/Src/cc1101.c:294:6:setGDO	16	static
../Core/Src/cc1101.c:305:6:setGDO0	16	static
../Core/Src/cc1101.c:315:6:addGDO	16	static
../Core/Src/cc1101.c:327:6:addGDO0	16	static
../Core/Src/cc1101.c:338:6:setModul	16	static
../Core/Src/cc1101.c:357:6:setCCMode	16	static
../Core/Src/cc1101.c:380:6:setModulation	16	static
../Core/Src/cc1101.c:402:6:setPA	24	static
../Core/Src/cc1101.c:470:6:setMHZ	24	static
../Core/Src/cc1101.c:506:6:Calibrate	40	static
../Core/Src/cc1101.c:552:6:setClb	16	static
../Core/Src/cc1101.c:576:9:getCC1101	8	static
../Core/Src/cc1101.c:590:9:getMode	4	static
../Core/Src/cc1101.c:599:6:setSyncWord	16	static
../Core/Src/cc1101.c:609:6:setAddr	16	static
../Core/Src/cc1101.c:618:6:setPQT	16	static
../Core/Src/cc1101.c:631:6:setCRC_AF	16	static
../Core/Src/cc1101.c:643:6:setAppendStatus	16	static
../Core/Src/cc1101.c:655:6:setAdrChk	16	static
../Core/Src/cc1101.c:668:6:setWhiteData	16	static
../Core/Src/cc1101.c:680:6:setPktFormat	16	static
../Core/Src/cc1101.c:693:6:setCrc	16	static
../Core/Src/cc1101.c:705:6:setLengthConfig	16	static
../Core/Src/cc1101.c:718:6:setPacketLength	16	static
../Core/Src/cc1101.c:727:6:setDcFilterOff	16	static
../Core/Src/cc1101.c:739:6:setManchester	16	static
../Core/Src/cc1101.c:751:6:setSyncMode	16	static
../Core/Src/cc1101.c:764:6:setFEC	16	static
../Core/Src/cc1101.c:776:6:setPRE	16	static
../Core/Src/cc1101.c:790:6:setRxBW	32	static
../Core/Src/cc1101.c:813:6:setDeviation	32	static
../Core/Src/cc1101.c:833:6:Split_PKTCTRL1	16	static
../Core/Src/cc1101.c:852:6:Split_PKTCTRL0	16	static
../Core/Src/cc1101.c:871:6:Split_MDMCFG1	24	static
../Core/Src/cc1101.c:889:6:Split_MDMCFG2	16	static
../Core/Src/cc1101.c:908:6:Split_MDMCFG4	16	static
../Core/Src/cc1101.c:924:6:RegConfigSettings	8	static
../Core/Src/cc1101.c:960:6:SetTx	8	static
../Core/Src/cc1101.c:972:6:SetRx	8	static
../Core/Src/cc1101.c:984:5:getRssi	16	static
../Core/Src/cc1101.c:999:6:setSres	8	static
../Core/Src/cc1101.c:1010:6:setSidle	8	static
../Core/Src/cc1101.c:1021:6:goSleep	8	static
../Core/Src/cc1101.c:1029:9:map	40	static
