../Drivers/CMSIS/Include/core_cm0.h:856:34:__NVIC_SystemReset	8	static,ignoring_inline_asm
../Core/Src/main.c:114:70:emw_enter_rom_dfu_by_erasing_flash	32	static,ignoring_inline_asm
../Core/Src/main.c:187:6:get_device_name	24	static
../Core/Src/main.c:201:12:emw_identity_valid	16	static
../Core/Src/main.c:222:13:emw_identity_get_device_id	24	static
../Core/Src/main.c:228:13:emw_identity_get_proof_chunk	32	static
../Core/Src/main.c:252:13:midi_packet_consume	16	static
../Core/Src/main.c:260:13:free_bulk_packet	8	static
../Core/Src/main.c:265:15:strbuf_append	32	static
../Core/Src/main.c:289:15:strbuf_append_char	32	static
../Core/Src/main.c:297:13:command_send_status	96	static
../Core/Src/main.c:328:13:command_send_ok	16	static
../Core/Src/main.c:333:13:command_send_err	16	static
../Core/Src/main.c:339:13:ISR_Sampler_raw	24	static
../Core/Src/main.c:391:13:startPWM_TIM2	16	static
../Core/Src/main.c:412:13:stopPWM_TIM2	16	static
../Core/Src/main.c:432:13:ISR_Sampler_writing	16	static
../Core/Src/main.c:467:6:EMW_TIM3_Tick_ISR	16	static
../Core/Src/main.c:481:13:enable_gpio_clock	24	static
../Core/Src/main.c:490:13:configurePin	56	static
../Core/Src/main.c:505:13:setDutyCycle_TIM2	24	static
../Core/Src/main.c:550:13:pwm_route_from_pin	24	static
../Core/Src/main.c:589:13:tim2_channel_from_pin	40	static
../Core/Src/main.c:605:17:tim2_ccer_mask_from_channel	16	static
../Core/Src/main.c:616:13:tim2_stop_pwm_channel	32	static
../Core/Src/main.c:626:13:tim2_set_ccr_from_u12	32	static
../Core/Src/main.c:645:13:tim2_set_pwm_hz	24	static
../Core/Src/main.c:668:13:tim16_17_set_pwm_hz	40	static
../Core/Src/main.c:711:13:tim14_set_pwm_hz	16	static
../Core/Src/main.c:716:13:tim14_16_17_set_ccr_from_u12	32	static
../Core/Src/main.c:733:13:pwm_timer_enable_once	32	static
../Core/Src/main.c:758:13:pwm_start_route	24	static
../Core/Src/main.c:786:13:pwm_stop_route	24	static
../Core/Src/main.c:810:13:stop_sampling	8	static
../Core/Src/main.c:825:13:tim3_set_tick_us	40	static,ignoring_inline_asm
../Core/Src/main.c:855:16:try_send_sampling_superframe	64	static
../Core/Src/main.c:874:13:decode_encoded_pin	24	static
../Core/Src/main.c:892:13:pin_mask_to_index	24	static
../Core/Src/main.c:909:13:gpio_write_latch	16	static
../Core/Src/main.c:921:13:disable_tim2_output_if_needed	24	static
../Core/Src/main.c:954:13:gpio_set_mode	40	static
../Core/Src/main.c:971:13:adc_init_once	24	static
../Core/Src/main.c:1017:13:adc_channel_from_pin	32	static
../Core/Src/main.c:1044:13:adc_read_single	32	static
../Core/Src/main.c:1102:13:gpio_release_pb6_pb7	16	static
../Core/Src/main.c:1108:13:uart1_deinit	16	static
../Core/Src/main.c:1127:13:uart1_ensure	56	static
../Core/Src/main.c:1188:13:uart1_write	32	static
../Core/Src/main.c:1222:13:uart1_read	32	static
../Core/Src/main.c:1252:17:i2c1_timing_for_hz	16	static
../Core/Src/main.c:1266:13:i2c1_deinit	8	static
../Core/Src/main.c:1280:13:i2c1_ensure	48	static
../Core/Src/main.c:1320:13:i2c1_wait_flag	32	static
../Core/Src/main.c:1337:13:i2c1_clear_errors	8	static
../Core/Src/main.c:1342:13:i2c1_write_then_maybe_stop	32	static
../Core/Src/main.c:1378:13:i2c1_read_with_stop	32	static
../Core/Src/main.c:1412:13:i2c1_xfer	40	static
../Core/Src/main.c:1455:13:is_cli_space	16	static
../Core/Src/main.c:1460:14:next_token	24	static
../Core/Src/main.c:1487:13:parse_cli_command_inplace	48	static
../Core/Src/main.c:1544:20:cli_get_arg_view	24	static
../Core/Src/main.c:1557:13:cli_parse_int	24	static
../Core/Src/main.c:1571:12:from_hex	16	static
../Core/Src/main.c:1579:13:cli_parse_hex_bytes	48	static
../Core/Src/main.c:1624:17:emw_u16_le	16	static
../Core/Src/main.c:1629:17:emw_u32_le	16	static
../Core/Src/main.c:1643:5:main	544	static,ignoring_inline_asm
../Core/Src/main.c:2477:6:SystemClock_Config	112	static
../Core/Src/main.c:2520:13:MX_SPI1_Init	8	static
../Core/Src/main.c:2560:13:MX_TIM1_Init	32	static
../Core/Src/main.c:2606:13:MX_TIM2_Init	64	static
../Core/Src/main.c:2687:13:MX_TIM3_Init	32	static
../Core/Src/main.c:2732:13:MX_GPIO_Init	48	static
../Core/Src/main.c:2782:6:Error_Handler	8	static,ignoring_inline_asm
