../USB_DEVICE/App/usbd_midi_if.c:75:15:MIDI_DeInit_FS	0	static
../USB_DEVICE/App/usbd_midi_if.c:182:13:encode_payload_7bit_fixed	40	static
../USB_DEVICE/App/usbd_midi_if.c:68:15:MIDI_Init_FS	8	static
../USB_DEVICE/App/usbd_midi_if.c:208:6:MIDI_SetBufferType_FS	0	static
../USB_DEVICE/App/usbd_midi_if.c:213:17:MIDI_GetBufferType_FS	0	static
../USB_DEVICE/App/usbd_midi_if.c:218:10:MIDI_GetRxBufferBytesAvailable_FS	0	static
../USB_DEVICE/App/usbd_midi_if.c:80:15:MIDI_Receive_FS	120	static
../USB_DEVICE/App/usbd_midi_if.c:223:9:MIDI_ReadRxBuffer_FS	16	static
../USB_DEVICE/App/usbd_midi_if.c:238:6:MIDI_FlushRxBuffer_FS	8	static
../USB_DEVICE/App/usbd_midi_if.c:245:6:MIDI_InitRxBuffer_FS	8	static
../USB_DEVICE/App/usbd_midi_if.c:252:6:MIDI_FreeRxBuffer_FS	0	static
../USB_DEVICE/App/usbd_midi_if.c:265:6:MIDI_QueueStatusPacket_FS	0	static
../USB_DEVICE/App/usbd_midi_if.c:322:9:MIDI_SendResponsePkt_FS	120	static
../USB_DEVICE/App/usbd_midi_if.c:283:6:MIDI_SendStatusPacket_FS	48	static
../USB_DEVICE/App/usbd_midi_if.c:271:6:MIDI_PollTx_FS	8	static
../USB_DEVICE/App/usbd_midi_if.c:300:6:MIDI_Print_FS	64	static
../USB_DEVICE/App/usbd_midi_if.c:377:9:MIDI_TrySendResponsePkt_FS	120	static
../USB_DEVICE/App/usbd_midi_if.c:421:6:MIDI_GetUsbStats_FS	12	static
