../USB_DEVICE/App/usbd_desc.c:240:11:USBD_FS_DeviceDescriptor	0	static
../USB_DEVICE/App/usbd_desc.c:253:11:USBD_FS_LangIDStrDescriptor	0	static
../USB_DEVICE/App/usbd_desc.c:381:13:IntToUnicode	16	static
../USB_DEVICE/App/usbd_desc.c:298:11:USBD_FS_SerialStrDescriptor	8	static
../USB_DEVICE/App/usbd_desc.c:285:11:USBD_FS_ManufacturerStrDescriptor	8	static
../USB_DEVICE/App/usbd_desc.c:266:11:USBD_FS_ProductStrDescriptor	8	static
../USB_DEVICE/App/usbd_desc.c:318:11:USBD_FS_ConfigStrDescriptor	8	static
../USB_DEVICE/App/usbd_desc.c:337:11:USBD_FS_InterfaceStrDescriptor	8	static
